Component: ARM Compiler 5.06 update 3 (build 300) Tool: armlink [4d35c9]

==============================================================================

Section Cross References

    startup_stm32f427xx.o(RESET) refers to startup_stm32f427xx.o(STACK) for __initial_sp
    startup_stm32f427xx.o(RESET) refers to startup_stm32f427xx.o(.text) for Reset_Handler
    startup_stm32f427xx.o(RESET) refers to stm32f4xx_it.o(i.NMI_Handler) for NMI_Handler
    startup_stm32f427xx.o(RESET) refers to stm32f4xx_it.o(i.HardFault_Handler) for HardFault_Handler
    startup_stm32f427xx.o(RESET) refers to stm32f4xx_it.o(i.MemManage_Handler) for MemManage_Handler
    startup_stm32f427xx.o(RESET) refers to stm32f4xx_it.o(i.BusFault_Handler) for BusFault_Handler
    startup_stm32f427xx.o(RESET) refers to stm32f4xx_it.o(i.UsageFault_Handler) for UsageFault_Handler
    startup_stm32f427xx.o(RESET) refers to stm32f4xx_it.o(i.SVC_Handler) for SVC_Handler
    startup_stm32f427xx.o(RESET) refers to stm32f4xx_it.o(i.DebugMon_Handler) for DebugMon_Handler
    startup_stm32f427xx.o(RESET) refers to stm32f4xx_it.o(i.PendSV_Handler) for PendSV_Handler
    startup_stm32f427xx.o(RESET) refers to stm32f4xx_it.o(i.SysTick_Handler) for SysTick_Handler
    startup_stm32f427xx.o(RESET) refers to stm32f4xx_it.o(i.DMA1_Stream1_IRQHandler) for DMA1_Stream1_IRQHandler
    startup_stm32f427xx.o(RESET) refers to stm32f4xx_it.o(i.DMA1_Stream6_IRQHandler) for DMA1_Stream6_IRQHandler
    startup_stm32f427xx.o(RESET) refers to stm32f4xx_it.o(i.CAN1_TX_IRQHandler) for CAN1_TX_IRQHandler
    startup_stm32f427xx.o(RESET) refers to stm32f4xx_it.o(i.CAN1_RX0_IRQHandler) for CAN1_RX0_IRQHandler
    startup_stm32f427xx.o(RESET) refers to user_tim.o(i.TIM3_IRQHandler) for TIM3_IRQHandler
    startup_stm32f427xx.o(RESET) refers to stm32f4xx_it.o(i.USART1_IRQHandler) for USART1_IRQHandler
    startup_stm32f427xx.o(RESET) refers to stm32f4xx_it.o(i.USART2_IRQHandler) for USART2_IRQHandler
    startup_stm32f427xx.o(RESET) refers to stm32f4xx_it.o(i.USART3_IRQHandler) for USART3_IRQHandler
    startup_stm32f427xx.o(RESET) refers to stm32f4xx_it.o(i.DMA2_Stream1_IRQHandler) for DMA2_Stream1_IRQHandler
    startup_stm32f427xx.o(RESET) refers to stm32f4xx_it.o(i.DMA2_Stream2_IRQHandler) for DMA2_Stream2_IRQHandler
    startup_stm32f427xx.o(RESET) refers to stm32f4xx_it.o(i.CAN2_TX_IRQHandler) for CAN2_TX_IRQHandler
    startup_stm32f427xx.o(RESET) refers to stm32f4xx_it.o(i.CAN2_RX0_IRQHandler) for CAN2_RX0_IRQHandler
    startup_stm32f427xx.o(RESET) refers to stm32f4xx_it.o(i.USART6_IRQHandler) for USART6_IRQHandler
    startup_stm32f427xx.o(.text) refers to system_stm32f4xx.o(i.SystemInit) for SystemInit
    startup_stm32f427xx.o(.text) refers to entry.o(.ARM.Collect$$$$00000000) for __main
    main.o(i.led_cfg) refers to stm32f4xx_hal_gpio.o(i.HAL_GPIO_WritePin) for HAL_GPIO_WritePin
    main.o(i.led_cfg) refers to main.o(.data) for x
    main.o(i.main) refers to system.o(i.init_system) for init_system
    main.o(i.main) refers to system.o(i.System_Run) for System_Run
    main.o(i.main) refers to system.o(i.Task_error) for Task_error
    gpio.o(i.MX_GPIO_Init) refers to memseta.o(.text) for __aeabi_memclr4
    gpio.o(i.MX_GPIO_Init) refers to stm32f4xx_hal_gpio.o(i.HAL_GPIO_WritePin) for HAL_GPIO_WritePin
    gpio.o(i.MX_GPIO_Init) refers to stm32f4xx_hal_gpio.o(i.HAL_GPIO_Init) for HAL_GPIO_Init
    can.o(i.HAL_CAN_MspDeInit) refers to stm32f4xx_hal_gpio.o(i.HAL_GPIO_DeInit) for HAL_GPIO_DeInit
    can.o(i.HAL_CAN_MspDeInit) refers to stm32f4xx_hal_cortex.o(i.HAL_NVIC_DisableIRQ) for HAL_NVIC_DisableIRQ
    can.o(i.HAL_CAN_MspInit) refers to memseta.o(.text) for __aeabi_memclr4
    can.o(i.HAL_CAN_MspInit) refers to stm32f4xx_hal_gpio.o(i.HAL_GPIO_Init) for HAL_GPIO_Init
    can.o(i.HAL_CAN_MspInit) refers to stm32f4xx_hal_cortex.o(i.HAL_NVIC_SetPriority) for HAL_NVIC_SetPriority
    can.o(i.HAL_CAN_MspInit) refers to stm32f4xx_hal_cortex.o(i.HAL_NVIC_EnableIRQ) for HAL_NVIC_EnableIRQ
    can.o(i.MX_CAN1_Init) refers to stm32f4xx_hal_can.o(i.HAL_CAN_Init) for HAL_CAN_Init
    can.o(i.MX_CAN1_Init) refers to main.o(i.Error_Handler) for Error_Handler
    can.o(i.MX_CAN1_Init) refers to can.o(.bss) for hcan1
    can.o(i.MX_CAN2_Init) refers to stm32f4xx_hal_can.o(i.HAL_CAN_Init) for HAL_CAN_Init
    can.o(i.MX_CAN2_Init) refers to main.o(i.Error_Handler) for Error_Handler
    can.o(i.MX_CAN2_Init) refers to can.o(.bss) for hcan2
    dma.o(i.MX_DMA_Init) refers to stm32f4xx_hal_cortex.o(i.HAL_NVIC_SetPriority) for HAL_NVIC_SetPriority
    dma.o(i.MX_DMA_Init) refers to stm32f4xx_hal_cortex.o(i.HAL_NVIC_EnableIRQ) for HAL_NVIC_EnableIRQ
    usart.o(i.HAL_UART_MspDeInit) refers to stm32f4xx_hal_gpio.o(i.HAL_GPIO_DeInit) for HAL_GPIO_DeInit
    usart.o(i.HAL_UART_MspDeInit) refers to stm32f4xx_hal_dma.o(i.HAL_DMA_DeInit) for HAL_DMA_DeInit
    usart.o(i.HAL_UART_MspDeInit) refers to stm32f4xx_hal_cortex.o(i.HAL_NVIC_DisableIRQ) for HAL_NVIC_DisableIRQ
[...]
    i.HAL_CAN_AddTxMessage                   0x08002442   Section        0  stm32f4xx_hal_can.o(i.HAL_CAN_AddTxMessage)
    i.HAL_CAN_ConfigFilter                   0x08002598   Section        0  stm32f4xx_hal_can.o(i.HAL_CAN_ConfigFilter)
    i.HAL_CAN_ErrorCallback                  0x080026bc   Section        0  stm32f4xx_hal_can.o(i.HAL_CAN_ErrorCallback)
    i.HAL_CAN_GetRxMessage                   0x080026be   Section        0  stm32f4xx_hal_can.o(i.HAL_CAN_GetRxMessage)
    i.HAL_CAN_IRQHandler                     0x0800283a   Section        0  stm32f4xx_hal_can.o(i.HAL_CAN_IRQHandler)
    i.HAL_CAN_Init                           0x08002a88   Section        0  stm32f4xx_hal_can.o(i.HAL_CAN_Init)
    i.HAL_CAN_MspInit                        0x08002bfc   Section        0  can.o(i.HAL_CAN_MspInit)
    i.HAL_CAN_RxFifo0FullCallback            0x08002d38   Section        0  stm32f4xx_hal_can.o(i.HAL_CAN_RxFifo0FullCallback)
    i.HAL_CAN_RxFifo0MsgPendingCallback      0x08002d3c   Section        0  bsp_can.o(i.HAL_CAN_RxFifo0MsgPendingCallback)
    i.HAL_CAN_RxFifo1FullCallback            0x08002e8c   Section        0  stm32f4xx_hal_can.o(i.HAL_CAN_RxFifo1FullCallback)
    i.HAL_CAN_RxFifo1MsgPendingCallback      0x08002e8e   Section        0  stm32f4xx_hal_can.o(i.HAL_CAN_RxFifo1MsgPendingCallback)
    i.HAL_CAN_SleepCallback                  0x08002e90   Section        0  stm32f4xx_hal_can.o(i.HAL_CAN_SleepCallback)
    i.HAL_CAN_Start                          0x08002e92   Section        0  stm32f4xx_hal_can.o(i.HAL_CAN_Start)
    i.HAL_CAN_TxMailbox0AbortCallback        0x08002ef0   Section        0  stm32f4xx_hal_can.o(i.HAL_CAN_TxMailbox0AbortCallback)
    i.HAL_CAN_TxMailbox0CompleteCallback     0x08002ef4   Section        0  bsp_can.o(i.HAL_CAN_TxMailbox0CompleteCallback)
    i.HAL_CAN_TxMailbox1AbortCallback        0x08002f04   Section        0  stm32f4xx_hal_can.o(i.HAL_CAN_TxMailbox1AbortCallback)
    i.HAL_CAN_TxMailbox1CompleteCallback     0x08002f08   Section        0  bsp_can.o(i.HAL_CAN_TxMailbox1CompleteCallback)
    i.HAL_CAN_TxMailbox2AbortCallback        0x08002f24   Section        0  stm32f4xx_hal_can.o(i.HAL_CAN_TxMailbox2AbortCallback)
    i.HAL_CAN_TxMailbox2CompleteCallback     0x08002f28   Section        0  bsp_can.o(i.HAL_CAN_TxMailbox2CompleteCallback)
    i.HAL_CAN_WakeUpFromRxMsgCallback        0x08002f38   Section        0  stm32f4xx_hal_can.o(i.HAL_CAN_WakeUpFromRxMsgCallback)
    i.HAL_DMA_Abort_IT                       0x08002f3a   Section        0  stm32f4xx_hal_dma.o(i.HAL_DMA_Abort_IT)
    i.HAL_DMA_IRQHandler                     0x08002f64   Section        0  stm32f4xx_hal_dma.o(i.HAL_DMA_IRQHandler)
    i.HAL_DMA_Init                           0x080031a4   Section        0  stm32f4xx_hal_dma.o(i.HAL_DMA_Init)
    i.HAL_DMA_Start                          0x08003290   Section        0  stm32f4xx_hal_dma.o(i.HAL_DMA_Start)
    i.HAL_DMA_Start_IT                       0x080032f6   Section        0  stm32f4xx_hal_dma.o(i.HAL_DMA_Start_IT)
    i.HAL_GPIO_Init                          0x08003394   Section        0  stm32f4xx_hal_gpio.o(i.HAL_GPIO_Init)
    i.HAL_GPIO_WritePin                      0x080035b0   Section        0  stm32f4xx_hal_gpio.o(i.HAL_GPIO_WritePin)
    i.HAL_GetTick                            0x080035bc   Section        0  stm32f4xx_hal.o(i.HAL_GetTick)
    i.HAL_IncTick                            0x080035c8   Section        0  stm32f4xx_hal.o(i.HAL_IncTick)
    i.HAL_Init                               0x080035e0   Section        0  stm32f4xx_hal.o(i.HAL_Init)
    i.HAL_InitTick                           0x0800361c   Section        0  stm32f4xx_hal.o(i.HAL_InitTick)
    i.HAL_MspInit                            0x08003668   Section        0  stm32f4xx_hal_msp.o(i.HAL_MspInit)
    i.HAL_NVIC_EnableIRQ                     0x080036b0   Section        0  stm32f4xx_hal_cortex.o(i.HAL_NVIC_EnableIRQ)
    i.HAL_NVIC_SetPriority                   0x080036d0   Section        0  stm32f4xx_hal_cortex.o(i.HAL_NVIC_SetPriority)
    i.HAL_NVIC_SetPriorityGrouping           0x0800374c   Section        0  stm32f4xx_hal_cortex.o(i.HAL_NVIC_SetPriorityGrouping)
    i.HAL_RCC_ClockConfig                    0x08003774   Section        0  stm32f4xx_hal_rcc.o(i.HAL_RCC_ClockConfig)
    i.HAL_RCC_GetHCLKFreq                    0x080038f4   Section        0  stm32f4xx_hal_rcc.o(i.HAL_RCC_GetHCLKFreq)
    i.HAL_RCC_GetPCLK1Freq                   0x08003900   Section        0  stm32f4xx_hal_rcc.o(i.HAL_RCC_GetPCLK1Freq)
    i.HAL_RCC_GetPCLK2Freq                   0x08003920   Section        0  stm32f4xx_hal_rcc.o(i.HAL_RCC_GetPCLK2Freq)
    i.HAL_RCC_GetSysClockFreq                0x08003940   Section        0  stm32f4xx_hal_rcc.o(i.HAL_RCC_GetSysClockFreq)
    i.HAL_RCC_OscConfig                      0x080039f0   Section        0  stm32f4xx_hal_rcc.o(i.HAL_RCC_OscConfig)
    i.HAL_SYSTICK_Config                     0x08003e38   Section        0  stm32f4xx_hal_cortex.o(i.HAL_SYSTICK_Config)
    i.HAL_TIM_Base_Init                      0x08003e6c   Section        0  stm32f4xx_hal_tim.o(i.HAL_TIM_Base_Init)
    i.HAL_TIM_Base_MspInit                   0x08003ea0   Section        0  user_tim.o(i.HAL_TIM_Base_MspInit)
    i.HAL_TIM_Base_Start_IT                  0x08003ee8   Section        0  stm32f4xx_hal_tim.o(i.HAL_TIM_Base_Start_IT)
    i.HAL_UART_ErrorCallback                 0x08003f12   Section        0  stm32f4xx_hal_uart.o(i.HAL_UART_ErrorCallback)
    i.HAL_UART_IRQHandler                    0x08003f14   Section        0  stm32f4xx_hal_uart.o(i.HAL_UART_IRQHandler)
    i.HAL_UART_Init                          0x08004060   Section        0  stm32f4xx_hal_uart.o(i.HAL_UART_Init)
    i.HAL_UART_MspInit                       0x080040d4   Section        0  usart.o(i.HAL_UART_MspInit)
    i.HAL_UART_Receive_DMA                   0x0800441c   Section        0  stm32f4xx_hal_uart.o(i.HAL_UART_Receive_DMA)
    i.HAL_UART_RxCpltCallback                0x080044e0   Section        0  stm32f4xx_hal_uart.o(i.HAL_UART_RxCpltCallback)
    i.HAL_UART_RxHalfCpltCallback            0x080044e2   Section        0  stm32f4xx_hal_uart.o(i.HAL_UART_RxHalfCpltCallback)
    i.HAL_UART_TxCpltCallback                0x080044e4   Section        0  stm32f4xx_hal_uart.o(i.HAL_UART_TxCpltCallback)
    i.HardFault_Handler                      0x080044e6   Section        0  stm32f4xx_it.o(i.HardFault_Handler)
    i.JUDGE_ShootNumCount                    0x080044ec   Section        0  judgement.o(i.JUDGE_ShootNumCount)
    i.JUDGE_fGetRemainEnergy                 0x08004534   Section        0  judgement.o(i.JUDGE_fGetRemainEnergy)
    i.JUDGE_sGetDataState                    0x08004540   Section        0  judgement.o(i.JUDGE_sGetDataState)
    i.Judge_Read_Data                        0x0800454c   Section        0  judgement.o(i.Judge_Read_Data)
    i.KalmanFilter                           0x08004700   Section        0  calculate.o(i.KalmanFilter)
    i.MX_CAN1_Init                           0x0800477c   Section        0  can.o(i.MX_CAN1_Init)
    i.MX_CAN2_Init                           0x080047c0   Section        0  can.o(i.MX_CAN2_Init)
    i.MX_DMA_Init                            0x08004804   Section        0  dma.o(i.MX_DMA_Init)
    i.MX_GPIO_Init                           0x0800488c   Section        0  gpio.o(i.MX_GPIO_Init)
    i.MX_TIM3_Init                           0x08004988   Section        0  user_tim.o(i.MX_TIM3_Init)
    i.MX_USART1_UART_Init                    0x080049bc   Section        0  usart.o(i.MX_USART1_UART_Init)
    i.MX_USART2_UART_Init                    0x080049f8   Section        0  usart.o(i.MX_USART2_UART_Init)
    i.MX_USART3_UART_Init                    0x08004a30   Section        0  usart.o(i.MX_USART3_UART_Init)
    i.MX_USART6_UART_Init                    0x08004a68   Section        0  usart.o(i.MX_USART6_UART_Init)
    i.MemManage_Handler                      0x08004aa0   Section        0  stm32f4xx_it.o(i.MemManage_Handler)
    i.NMI_Handler                            0x08004aa4   Section        0  stm32f4xx_it.o(i.NMI_Handler)
    i.PendSV_Handler                         0x08004aa6   Section        0  stm32f4xx_it.o(i.PendSV_Handler)
    i.SVC_Handler                            0x08004aa8   Section        0  stm32f4xx_it.o(i.SVC_Handler)
    i.SYSTEM_UpdateSystemState               0x08004aac   Section        0  system.o(i.SYSTEM_UpdateSystemState)
    i.SysTick_Handler                        0x08004adc   Section        0  stm32f4xx_it.o(i.SysTick_Handler)
    i.SystemClock_Config                     0x08004ae4   Section        0  system.o(i.SystemClock_Config)
    i.SystemInit                             0x08004b98   Section        0  system_stm32f4xx.o(i.SystemInit)
    i.System_Run                             0x08004bfc   Section        0  system.o(i.System_Run)
    i.TIM3_IRQHandler                        0x08004c24   Section        0  user_tim.o(i.TIM3_IRQHandler)
    i.TIM_Base_SetConfig                     0x08004c34   Section        0  stm32f4xx_hal_tim.o(i.TIM_Base_SetConfig)
    i.Task_Chassis                           0x08004d0c   Section        0  chassic.o(i.Task_Chassis)
    i.Task_Dispatch_tim                      0x08004dbc   Section        0  system.o(i.Task_Dispatch_tim)
    i.Task_error                             0x08004e28   Section        0  system.o(i.Task_error)
    i.UART_DMAAbortOnError                   0x08004e2a   Section        0  stm32f4xx_hal_uart.o(i.UART_DMAAbortOnError)
    UART_DMAAbortOnError                     0x08004e2b   Thumb Code    20  stm32f4xx_hal_uart.o(i.UART_DMAAbortOnError)
    i.UART_DMAError                          0x08004e3e   Section        0  stm32f4xx_hal_uart.o(i.UART_DMAError)
    UART_DMAError                            0x08004e3f   Thumb Code    80  stm32f4xx_hal_uart.o(i.UART_DMAError)
    i.UART_DMAReceiveCplt                    0x08004e8e   Section        0  stm32f4xx_hal_uart.o(i.UART_DMAReceiveCplt)
    UART_DMAReceiveCplt                      0x08004e8f   Thumb Code    70  stm32f4xx_hal_uart.o(i.UART_DMAReceiveCplt)
    i.UART_DMARxHalfCplt                     0x08004ed4   Section        0  stm32f4xx_hal_uart.o(i.UART_DMARxHalfCplt)
    UART_DMARxHalfCplt                       0x08004ed5   Thumb Code    14  stm32f4xx_hal_uart.o(i.UART_DMARxHalfCplt)
    i.UART_EndRxTransfer                     0x08004ee2   Section        0  stm32f4xx_hal_uart.o(i.UART_EndRxTransfer)
    UART_EndRxTransfer                       0x08004ee3   Thumb Code    32  stm32f4xx_hal_uart.o(i.UART_EndRxTransfer)
    i.UART_EndTransmit_IT                    0x08004f02   Section        0  stm32f4xx_hal_uart.o(i.UART_EndTransmit_IT)
    UART_EndTransmit_IT                      0x08004f03   Thumb Code    32  stm32f4xx_hal_uart.o(i.UART_EndTransmit_IT)
    i.UART_EndTxTransfer                     0x08004f22   Section        0  stm32f4xx_hal_uart.o(i.UART_EndTxTransfer)
    UART_EndTxTransfer                       0x08004f23   Thumb Code    20  stm32f4xx_hal_uart.o(i.UART_EndTxTransfer)
    i.UART_IdleRxCallback                    0x08004f38   Section        0  usart3_dma.o(i.UART_IdleRxCallback)
    i.UART_Receive_DMA_No_IT                 0x08004f5c   Section        0  usart3_dma.o(i.UART_Receive_DMA_No_IT)
    i.UART_Receive_IT                        0x08004fc2   Section        0  stm32f4xx_hal_uart.o(i.UART_Receive_IT)
    UART_Receive_IT                          0x08004fc3   Thumb Code   166  stm32f4xx_hal_uart.o(i.UART_Receive_IT)
    i.UART_SetConfig                         0x08005068   Section        0  stm32f4xx_hal_uart.o(i.UART_SetConfig)
    UART_SetConfig                           0x08005069   Thumb Code   864  stm32f4xx_hal_uart.o(i.UART_SetConfig)
    i.UART_Transmit_IT                       0x080053d0   Section        0  stm32f4xx_hal_uart.o(i.UART_Transmit_IT)
    UART_Transmit_IT                         0x080053d1   Thumb Code   104  stm32f4xx_hal_uart.o(i.UART_Transmit_IT)
    i.USART1_IRQHandler                      0x08005438   Section        0  stm32f4xx_it.o(i.USART1_IRQHandler)
    i.USART2_IRQHandler                      0x0800544c   Section        0  stm32f4xx_it.o(i.USART2_IRQHandler)
    i.USART3_IRQHandler                      0x0800545c   Section        0  stm32f4xx_it.o(i.USART3_IRQHandler)
    i.USART6_IRQHandler                      0x08005470   Section        0  stm32f4xx_it.o(i.USART6_IRQHandler)
    i.UsageFault_Handler                     0x08005480   Section        0  stm32f4xx_it.o(i.UsageFault_Handler)
    i.Verify_CRC16_Check_Sum                 0x08005484   Section        0  crc.o(i.Verify_CRC16_Check_Sum)
    i.Verify_CRC8_Check_Sum                  0x080054c4   Section        0  crc.o(i.Verify_CRC8_Check_Sum)
    i.__ARM_fpclassify                       0x080054f4   Section        0  fpclassify.o(i.__ARM_fpclassify)
    i.__NVIC_GetPriorityGrouping             0x08005524   Section        0  stm32f4xx_hal_cortex.o(i.__NVIC_GetPriorityGrouping)
    __NVIC_GetPriorityGrouping               0x08005525   Thumb Code    10  stm32f4xx_hal_cortex.o(i.__NVIC_GetPriorityGrouping)
    i.__NVIC_SetPriority                     0x08005534   Section        0  stm32f4xx_hal_cortex.o(i.__NVIC_SetPriority)
    __NVIC_SetPriority                       0x08005535   Thumb Code    32  stm32f4xx_hal_cortex.o(i.__NVIC_SetPriority)
    i.__hardfp_cos                           0x08005560   Section        0  cos.o(i.__hardfp_cos)
    i.__hardfp_fabs                          0x08005628   Section        0  fabs.o(i.__hardfp_fabs)
    i.__hardfp_sin                           0x08005640   Section        0  sin.o(i.__hardfp_sin)
    i.__hardfp_sqrt                          0x08005708   Section        0  sqrt_full.o(i.__hardfp_sqrt)
    i.__ieee754_rem_pio2                     0x08005788   Section        0  rred.o(i.__ieee754_rem_pio2)
    i.__kernel_cos                           0x08005bc0   Section        0  cos_i.o(i.__kernel_cos)
    i.__kernel_poly                          0x08005d30   Section        0  poly.o(i.__kernel_poly)
    i.__kernel_sin                           0x08005e28   Section        0  sin_i.o(i.__kernel_sin)
    i.__mathlib_dbl_infnan                   0x08005f58   Section        0  dunder.o(i.__mathlib_dbl_infnan)
    i.__mathlib_dbl_invalid                  0x08005f70   Section        0  dunder.o(i.__mathlib_dbl_invalid)
    i.__mathlib_dbl_underflow                0x08005f90   Section        0  dunder.o(i.__mathlib_dbl_underflow)
    i.__scatterload_copy                     0x08005fb0   Section       14  handlers.o(i.__scatterload_copy)
    i.__scatterload_null                     0x08005fbe   Section        2  handlers.o(i.__scatterload_null)
    i.__scatterload_zeroinit                 0x08005fc0   Section       14  handlers.o(i.__scatterload_zeroinit)
    i.__set_errno                            0x08005fd0   Section        0  errno.o(i.__set_errno)
    i.constrain                              0x08005fdc   Section        0  calculate.o(i.constrain)
    i.constrain_float                        0x08005ff2   Section        0  calculate.o(i.constrain_float)
    i.dbus_uart_init                         0x0800601c   Section        0  bsp_uart.o(i.dbus_uart_init)
    i.dma_current_data_counter               0x0800605c   Section        0  bsp_uart.o(i.dma_current_data_counter)
    i.drv_can_init                           0x08006064   Section        0  bsp_can.o(i.drv_can_init)
    i.fabs                                   0x080060d0   Section        0  fabs.o(i.fabs)
    i.init_system                            0x080060e8   Section        0  system.o(i.init_system)
    i.main                                   0x08006150   Section        0  main.o(i.main)
    i.rc_callback_handler                    0x08006160   Section        0  bsp_uart.o(i.rc_callback_handler)
    i.uart_receive_dma_no_it                 0x0800628c   Section        0  bsp_uart.o(i.uart_receive_dma_no_it)
    uart_receive_dma_no_it                   0x0800628d   Thumb Code    72  bsp_uart.o(i.uart_receive_dma_no_it)
    i.uart_receive_handler                   0x080062d4   Section        0  bsp_uart.o(i.uart_receive_handler)
    i.uart_rx_idle_callback                  0x080062f8   Section        0  bsp_uart.o(i.uart_rx_idle_callback)
    uart_rx_idle_callback                    0x080062f9   Thumb Code    98  bsp_uart.o(i.uart_rx_idle_callback)
    i.usart3_dma_init                        0x08006368   Section        0  usart3_dma.o(i.usart3_dma_init)
    i.usart3_rx_handle                       0x08006390   Section        0  usart3_dma.o(i.usart3_rx_handle)
    .constdata                               0x080063e8   Section        8  stm32f4xx_hal_dma.o(.constdata)
    flagBitshiftOffset                       0x080063e8   Data           8  stm32f4xx_hal_dma.o(.constdata)
    .constdata                               0x080063f0   Section       24  system_stm32f4xx.o(.constdata)
    .constdata                               0x08006408   Section      770  crc.o(.constdata)
    .constdata                               0x08006710   Section       48  cos_i.o(.constdata)
    C                                        0x08006710   Data          48  cos_i.o(.constdata)
    .constdata                               0x08006740   Section      200  rred.o(.constdata)
    pio2s                                    0x08006740   Data          48  rred.o(.constdata)
    twooverpi                                0x08006770   Data         152  rred.o(.constdata)
    .constdata                               0x08006808   Section       40  sin_i.o(.constdata)
    S                                        0x08006808   Data          40  sin_i.o(.constdata)
    .data                                    0x20000000   Section        9  stm32f4xx_hal.o(.data)
    .data                                    0x2000000c   Section        4  system_stm32f4xx.o(.data)
    .data                                    0x20000010   Section       12  bsp_can.o(.data)
    .data                                    0x2000001c   Section        1  bsp_uart.o(.data)
    .data                                    0x2000001e   Section        2  crc.o(.data)
    .data                                    0x20000020   Section       54  judgement.o(.data)
    datalength                               0x20000054   Data           1  judgement.o(.data)
    i                                        0x20000055   Data           1  judgement.o(.data)
    .data                                    0x20000058   Section       44  system.o(.data)
    ulInitCnt                                0x20000080   Data           4  system.o(.data)
    .data                                    0x20000084   Section      200  chassic.o(.data)
    rotate_ratio_fl                          0x20000124   Data           4  chassic.o(.data)
    rotate_ratio_fr                          0x20000128   Data           4  chassic.o(.data)
    rotate_ratio_bl                          0x2000012c   Data           4  chassic.o(.data)
    rotate_ratio_br                          0x20000130   Data           4  chassic.o(.data)
    wheel_rpm_ratio                          0x20000134   Data           4  chassic.o(.data)
    judgDataError_Time                       0x20000138   Data           4  chassic.o(.data)
    ErrorPrev                                0x2000013c   Data           2  chassic.o(.data)
    ErrorSum                                 0x20000140   Data           4  chassic.o(.data)
    ErrorPR                                  0x20000144   Data           4  chassic.o(.data)
    ErrorPR_KF                               0x20000148   Data           4  chassic.o(.data)
    .data                                    0x2000014c   Section        4  errno.o(.data)
    _errno                                   0x2000014c   Data           4  errno.o(.data)
    .bss                                     0x20000150   Section       80  can.o(.bss)
    .bss                                     0x200001a0   Section      736  usart.o(.bss)
    .bss                                     0x20000480   Section       72  bsp_can.o(.bss)
    .bss                                     0x200004c8   Section       40  bsp_uart.o(.bss)
    .bss                                     0x200004f0   Section       64  user_tim.o(.bss)
    .bss                                     0x20000530   Section      741  judgement.o(.bss)
    .bss                                     0x20000815   Section      200  usart3_dma.o(.bss)
    .bss                                     0x200008e0   Section       60  system.o(.bss)
    .bss                                     0x2000091c   Section      272  chassic.o(.bss)
    error                                    0x20000a20   Data          12  chassic.o(.bss)
    STACK                                    0x20000a30   Section     1024  startup_stm32f427xx.o(STACK)

    Global Symbols

    Symbol Name                              Value     Ov Type        Size  Object(Section)

    BuildAttributes$$THM_ISAv4$E$P$D$K$B$S$7EM$VFPi3$EXTD16$VFPS$VFMA$PE$A:L22UL41UL21$X:L11$S22US41US21$IEEE1$IW$USESV6$~STKCKD$USESV7$~SHL$OTIME$ROPI$IEEEX$EBA8$MICROLIB$REQ8$PRES8$EABIv2 0x00000000   Number         0  anon$$obj.o ABSOLUTE
    __ARM_use_no_argv                        0x00000000   Number         0  main.o ABSOLUTE
    __cpp_initialize__aeabi_                  - Undefined Weak Reference
    __cxa_finalize                            - Undefined Weak Reference
    _clock_init                               - Undefined Weak Reference
    _microlib_exit                            - Undefined Weak Reference
    __Vectors_Size                           0x000001ac   Number         0  startup_stm32f427xx.o ABSOLUTE
    __Vectors                                0x08000000   Data           4  startup_stm32f427xx.o(RESET)
    __Vectors_End                            0x080001ac   Data           0  startup_stm32f427xx.o(RESET)
    __main                                   0x080001ad   Thumb Code     0  entry.o(.ARM.Collect$$$$00000000)
    _main_stk                                0x080001ad   Thumb Code     0  entry2.o(.ARM.Collect$$$$00000001)
    _main_scatterload                        0x080001b1   Thumb Code     0  entry5.o(.ARM.Collect$$$$00000004)
    __main_after_scatterload                 0x080001b5   Thumb Code     0  entry5.o(.ARM.Collect$$$$00000004)
    _main_clock                              0x080001b5   Thumb Code     0  entry7b.o(.ARM.Collect$$$$00000008)
    _main_cpp_init                           0x080001b5   Thumb Code     0  entry8b.o(.ARM.Collect$$$$0000000A)
    _main_init                               0x080001b5   Thumb Code     0  entry9a.o(.ARM.Collect$$$$0000000B)
    __rt_final_cpp                           0x080001bd   Thumb Code     0  entry10a.o(.ARM.Collect$$$$0000000D)
    __rt_final_exit                          0x080001bd   Thumb Code     0  entry11a.o(.ARM.Collect$$$$0000000F)
    Reset_Handler                            0x080001c1   Thumb Code     8  startup_stm32f427xx.o(.text)
    ADC_IRQHandler                           0x080001db   Thumb Code     0  startup_stm32f427xx.o(.text)
    CAN1_RX1_IRQHandler                      0x080001db   Thumb Code     0  startup_stm32f427xx.o(.text)
    CAN1_SCE_IRQHandler                      0x080001db   Thumb Code     0  startup_stm32f427xx.o(.text)
    CAN2_RX1_IRQHandler                      0x080001db   Thumb Code     0  startup_stm32f427xx.o(.text)
    CAN2_SCE_IRQHandler                      0x080001db   Thumb Code     0  startup_stm32f427xx.o(.text)
    DCMI_IRQHandler                          0x080001db   Thumb Code     0  startup_stm32f427xx.o(.text)
    DMA1_Stream0_IRQHandler                  0x080001db   Thumb Code     0  startup_stm32f427xx.o(.text)
    DMA1_Stream2_IRQHandler                  0x080001db   Thumb Code     0  startup_stm32f427xx.o(.text)
    DMA1_Stream3_IRQHandler                  0x080001db   Thumb Code     0  startup_stm32f427xx.o(.text)
    DMA1_Stream4_IRQHandler                  0x080001db   Thumb Code     0  startup_stm32f427xx.o(.text)
    DMA1_Stream5_IRQHandler                  0x080001db   Thumb Code     0  startup_stm32f427xx.o(.text)
    DMA1_Stream7_IRQHandler                  0x080001db   Thumb Code     0  startup_stm32f427xx.o(.text)
    DMA2D_IRQHandler                         0x080001db   Thumb Code     0  startup_stm32f427xx.o(.text)
    DMA2_Stream0_IRQHandler                  0x080001db   Thumb Code     0  startup_stm32f427xx.o(.text)
    DMA2_Stream3_IRQHandler                  0x080001db   Thumb Code     0  startup_stm32f427xx.o(.text)
    DMA2_Stream4_IRQHandler                  0x080001db   Thumb Code     0  startup_stm32f427xx.o(.text)
    DMA2_Stream5_IRQHandler                  0x080001db   Thumb Code     0  startup_stm32f427xx.o(.text)
    DMA2_Stream6_IRQHandler                  0x080001db   Thumb Code     0  startup_stm32f427xx.o(.text)
    DMA2_Stream7_IRQHandler                  0x080001db   Thumb Code     0  startup_stm32f427xx.o(.text)
    ETH_IRQHandler                           0x080001db   Thumb Code     0  startup_stm32f427xx.o(.text)
    ETH_WKUP_IRQHandler                      0x080001db   Thumb Code     0  startup_stm32f427xx.o(.text)
    EXTI0_IRQHandler                         0x080001db   Thumb Code     0  startup_stm32f427xx.o(.text)
    EXTI15_10_IRQHandler                     0x080001db   Thumb Code     0  startup_stm32f427xx.o(.text)
    EXTI1_IRQHandler                         0x080001db   Thumb Code     0  startup_stm32f427xx.o(.text)
    EXTI2_IRQHandler                         0x080001db   Thumb Code     0  startup_stm32f427xx.o(.text)
    EXTI3_IRQHandler                         0x080001db   Thumb Code     0  startup_stm32f427xx.o(.text)
    EXTI4_IRQHandler                         0x080001db   Thumb Code     0  startup_stm32f427xx.o(.text)
    EXTI9_5_IRQHandler                       0x080001db   Thumb Code     0  startup_stm32f427xx.o(.text)
    FLASH_IRQHandler                         0x080001db   Thumb Code     0  startup_stm32f427xx.o(.text)
    FMC_IRQHandler                           0x080001db   Thumb Code     0  startup_stm32f427xx.o(.text)
    FPU_IRQHandler                           0x080001db   Thumb Code     0  startup_stm32f427xx.o(.text)
    HASH_RNG_IRQHandler                      0x080001db   Thumb Code     0  startup_stm32f427xx.o(.text)
    I2C1_ER_IRQHandler                       0x080001db   Thumb Code     0  startup_stm32f427xx.o(.text)
    I2C1_EV_IRQHandler                       0x080001db   Thumb Code     0  startup_stm32f427xx.o(.text)
    I2C2_ER_IRQHandler                       0x080001db   Thumb Code     0  startup_stm32f427xx.o(.text)
    I2C2_EV_IRQHandler                       0x080001db   Thumb Code     0  startup_stm32f427xx.o(.text)
    I2C3_ER_IRQHandler                       0x080001db   Thumb Code     0  startup_stm32f427xx.o(.text)
    I2C3_EV_IRQHandler                       0x080001db   Thumb Code     0  startup_stm32f427xx.o(.text)
    OTG_FS_IRQHandler                        0x080001db   Thumb Code     0  startup_stm32f427xx.o(.text)
    OTG_FS_WKUP_IRQHandler                   0x080001db   Thumb Code     0  startup_stm32f427xx.o(.text)
    OTG_HS_EP1_IN_IRQHandler                 0x080001db   Thumb Code     0  startup_stm32f427xx.o(.text)
    OTG_HS_EP1_OUT_IRQHandler                0x080001db   Thumb Code     0  startup_stm32f427xx.o(.text)
    OTG_HS_IRQHandler                        0x080001db   Thumb Code     0  startup_stm32f427xx.o(.text)
    OTG_HS_WKUP_IRQHandler                   0x080001db   Thumb Code     0  startup_stm32f427xx.o(.text)
    PVD_IRQHandler                           0x080001db   Thumb Code     0  startup_stm32f427xx.o(.text)
    RCC_IRQHandler                           0x080001db   Thumb Code     0  startup_stm32f427xx.o(.text)
    RTC_Alarm_IRQHandler                     0x080001db   Thumb Code     0  startup_stm32f427xx.o(.text)
    RTC_WKUP_IRQHandler                      0x080001db   Thumb Code     0  startup_stm32f427xx.o(.text)
    SAI1_IRQHandler                          0x080001db   Thumb Code     0  startup_stm32f427xx.o(.text)
    SDIO_IRQHandler                          0x080001db   Thumb Code     0  startup_stm32f427xx.o(.text)
    SPI1_IRQHandler                          0x080001db   Thumb Code     0  startup_stm32f427xx.o(.text)
    SPI2_IRQHandler                          0x080001db   Thumb Code     0  startup_stm32f427xx.o(.text)
    SPI3_IRQHandler                          0x080001db   Thumb Code     0  startup_stm32f427xx.o(.text)
    SPI4_IRQHandler                          0x080001db   Thumb Code     0  startup_stm32f427xx.o(.text)
    SPI5_IRQHandler                          0x080001db   Thumb Code     0  startup_stm32f427xx.o(.text)
    SPI6_IRQHandler                          0x080001db   Thumb Code     0  startup_stm32f427xx.o(.text)
    TAMP_STAMP_IRQHandler                    0x080001db   Thumb Code     0  startup_stm32f427xx.o(.text)
    TIM1_BRK_TIM9_IRQHandler                 0x080001db   Thumb Code     0  startup_stm32f427xx.o(.text)
    TIM1_CC_IRQHandler                       0x080001db   Thumb Code     0  startup_stm32f427xx.o(.text)
    TIM1_TRG_COM_TIM11_IRQHandler            0x080001db   Thumb Code     0  startup_stm32f427xx.o(.text)
    TIM1_UP_TIM10_IRQHandler                 0x080001db   Thumb Code     0  startup_stm32f427xx.o(.text)
    TIM2_IRQHandler                          0x080001db   Thumb Code     0  startup_stm32f427xx.o(.text)
    TIM4_IRQHandler                          0x080001db   Thumb Code     0  startup_stm32f427xx.o(.text)
    TIM5_IRQHandler                          0x080001db   Thumb Code     0  startup_stm32f427xx.o(.text)
    TIM6_DAC_IRQHandler                      0x080001db   Thumb Code     0  startup_stm32f427xx.o(.text)
    TIM7_IRQHandler                          0x080001db   Thumb Code     0  startup_stm32f427xx.o(.text)
    TIM8_BRK_TIM12_IRQHandler                0x080001db   Thumb Code     0  startup_stm32f427xx.o(.text)
    TIM8_CC_IRQHandler                       0x080001db   Thumb Code     0  startup_stm32f427xx.o(.text)
    TIM8_TRG_COM_TIM14_IRQHandler            0x080001db   Thumb Code     0  startup_stm32f427xx.o(.text)
    TIM8_UP_TIM13_IRQHandler                 0x080001db   Thumb Code     0  startup_stm32f427xx.o(.text)
    UART4_IRQHandler                         0x080001db   Thumb Code     0  startup_stm32f427xx.o(.text)
    UART5_IRQHandler                         0x080001db   Thumb Code     0  startup_stm32f427xx.o(.text)
    UART7_IRQHandler                         0x080001db   Thumb Code     0  startup_stm32f427xx.o(.text)
    UART8_IRQHandler                         0x080001db   Thumb Code     0  startup_stm32f427xx.o(.text)
    WWDG_IRQHandler                          0x080001db   Thumb Code     0  startup_stm32f427xx.o(.text)
    __aeabi_uldivmod                         0x080001e5   Thumb Code    98  uldiv.o(.text)
    __aeabi_memcpy                           0x08000247   Thumb Code    36  memcpya.o(.text)
    __aeabi_memcpy4                          0x08000247   Thumb Code     0  memcpya.o(.text)
    __aeabi_memcpy8                          0x08000247   Thumb Code     0  memcpya.o(.text)
    __aeabi_memset                           0x0800026b   Thumb Code    14  memseta.o(.text)
    __aeabi_memset4                          0x0800026b   Thumb Code     0  memseta.o(.text)
    __aeabi_memset8                          0x0800026b   Thumb Code     0  memseta.o(.text)
    __aeabi_memclr                           0x08000279   Thumb Code     4  memseta.o(.text)
    __aeabi_memclr4                          0x08000279   Thumb Code     0  memseta.o(.text)
    __aeabi_memclr8                          0x08000279   Thumb Code     0  memseta.o(.text)
    _memset$wrapper                          0x0800027d   Thumb Code    18  memseta.o(.text)
    __aeabi_dadd                             0x0800028f   Thumb Code   322  dadd.o(.text)
    __aeabi_dsub                             0x080003d1   Thumb Code     6  dadd.o(.text)
    __aeabi_drsub                            0x080003d7   Thumb Code     6  dadd.o(.text)
    __aeabi_dmul                             0x080003dd   Thumb Code   228  dmul.o(.text)
    __aeabi_ddiv                             0x080004c1   Thumb Code   222  ddiv.o(.text)
    __aeabi_i2d                              0x0800059f   Thumb Code    34  dflti.o(.text)
    __aeabi_ui2d                             0x080005c1   Thumb Code    26  dfltui.o(.text)
    __aeabi_d2iz                             0x080005db   Thumb Code    62  dfixi.o(.text)
    __aeabi_f2d                              0x08000619   Thumb Code    38  f2d.o(.text)
    __aeabi_cdcmpeq                          0x08000641   Thumb Code     0  cdcmple.o(.text)
    __aeabi_cdcmple                          0x08000641   Thumb Code    48  cdcmple.o(.text)
    __aeabi_cdrcmple                         0x08000671   Thumb Code    48  cdrcmple.o(.text)
    __aeabi_d2f                              0x080006a1   Thumb Code    56  d2f.o(.text)
    __aeabi_llsl                             0x080006d9   Thumb Code    30  llshl.o(.text)
    _ll_shift_l                              0x080006d9   Thumb Code     0  llshl.o(.text)
    __aeabi_llsr                             0x080006f7   Thumb Code    32  llushr.o(.text)
    _ll_ushift_r                             0x080006f7   Thumb Code     0  llushr.o(.text)
    __aeabi_lasr                             0x08000717   Thumb Code    36  llsshr.o(.text)
    _ll_sshift_r                             0x08000717   Thumb Code     0  llsshr.o(.text)
    __I$use$fp                               0x0800073b   Thumb Code     0  iusefp.o(.text)
    _float_round                             0x0800073b   Thumb Code    18  fepilogue.o(.text)
    _float_epilogue                          0x0800074d   Thumb Code    92  fepilogue.o(.text)
    _double_round                            0x080007a9   Thumb Code    30  depilogue.o(.text)
    _double_epilogue                         0x080007c7   Thumb Code   156  depilogue.o(.text)
    _dsqrt                                   0x08000863   Thumb Code   162  dsqrt.o(.text)
    __scatterload                            0x08000905   Thumb Code    28  init.o(.text)
    __scatterload_rt2                        0x08000905   Thumb Code     0  init.o(.text)
    __decompress                             0x08000929   Thumb Code     0  __dczerorl.o(.text)
    __decompress0                            0x08000929   Thumb Code    58  __dczerorl.o(.text)
    BusFault_Handler                         0x08000963   Thumb Code     4  stm32f4xx_it.o(i.BusFault_Handler)
    CAN1_RX0_IRQHandler                      0x08000969   Thumb Code    10  stm32f4xx_it.o(i.CAN1_RX0_IRQHandler)
    CAN1_TX_IRQHandler                       0x08000979   Thumb Code    10  stm32f4xx_it.o(i.CAN1_TX_IRQHandler)
    CAN2_RX0_IRQHandler                      0x08000989   Thumb Code    10  stm32f4xx_it.o(i.CAN2_RX0_IRQHandler)
    CAN2_TX_IRQHandler                       0x08000999   Thumb Code    10  stm32f4xx_it.o(i.CAN2_TX_IRQHandler)
    CAN2_send_judgement                      0x080009a9   Thumb Code   146  bsp_can.o(i.CAN2_send_judgement)
    CHASSIS_CORGI_Mode_Ctrl                  0x08000a55   Thumb Code   506  chassic.o(i.CHASSIS_CORGI_Mode_Ctrl)
    CHASSIS_REST                             0x08000c89   Thumb Code    42  chassic.o(i.CHASSIS_REST)
    CHASSIS_SZUPUP_Mode_Ctrl                 0x08000cc9   Thumb Code    56  chassic.o(i.CHASSIS_SZUPUP_Mode_Ctrl)
    CHAS_Key_Ctrl                            0x08000d0d   Thumb Code   150  chassic.o(i.CHAS_Key_Ctrl)
    CHAS_Rc_Ctrl                             0x08000dbd   Thumb Code  1116  chassic.o(i.CHAS_Rc_Ctrl)
    Chassis_Key_MoveRamp                     0x08001219   Thumb Code   190  chassic.o(i.Chassis_Key_MoveRamp)
    Chassis_Keyboard_Move_Calculate          0x080012e5   Thumb Code  1468  chassic.o(i.Chassis_Keyboard_Move_Calculate)
    Chassis_MotorOutput                      0x080018e1   Thumb Code    28  chassic.o(i.Chassis_MotorOutput)
    Chassis_Motor_Speed_PID                  0x080018fd   Thumb Code   544  chassic.o(i.Chassis_Motor_Speed_PID)
    Chassis_Mouse_Move_Calculate             0x08001b5d   Thumb Code     2  chassic.o(i.Chassis_Mouse_Move_Calculate)
    Chassis_NORMAL_Mode_Ctrl                 0x08001b5f   Thumb Code    22  chassic.o(i.Chassis_NORMAL_Mode_Ctrl)
    Chassis_Omni_Move_Calculate              0x08001b75   Thumb Code   584  chassic.o(i.Chassis_Omni_Move_Calculate)
    Chassis_Power_Limit                      0x08001e01   Thumb Code   574  chassic.o(i.Chassis_Power_Limit)
    Chassis_SpeedZ_PID                       0x08002065   Thumb Code   340  chassic.o(i.Chassis_SpeedZ_PID)
    Chassis_set_voltage                      0x080021f1   Thumb Code    92  bsp_can.o(i.Chassis_set_voltage)
    DMA1_Stream1_IRQHandler                  0x08002251   Thumb Code    10  stm32f4xx_it.o(i.DMA1_Stream1_IRQHandler)
    DMA1_Stream6_IRQHandler                  0x08002261   Thumb Code    10  stm32f4xx_it.o(i.DMA1_Stream6_IRQHandler)
    DMA2_Stream1_IRQHandler                  0x08002271   Thumb Code    10  stm32f4xx_it.o(i.DMA2_Stream1_IRQHandler)
    DMA2_Stream2_IRQHandler                  0x08002281   Thumb Code    10  stm32f4xx_it.o(i.DMA2_Stream2_IRQHandler)
    DebugMon_Handler                         0x0800239b   Thumb Code     2  stm32f4xx_it.o(i.DebugMon_Handler)
    Error_Handler                            0x0800239d   Thumb Code     2  main.o(i.Error_Handler)
    GIMBAL_GetOffsetAngle                    0x0800239f   Thumb Code    34  gimbal.o(i.GIMBAL_GetOffsetAngle)
    Get_CRC16_Check_Sum                      0x080023c1   Thumb Code    46  crc.o(i.Get_CRC16_Check_Sum)
    Get_CRC8_Check_Sum                       0x080023f5   Thumb Code    32  crc.o(i.Get_CRC8_Check_Sum)
    HAL_CAN_ActivateNotification             0x08002419   Thumb Code    42  stm32f4xx_hal_can.o(i.HAL_CAN_ActivateNotification)
    HAL_CAN_AddTxMessage                     0x08002443   Thumb Code   342  stm32f4xx_hal_can.o(i.HAL_CAN_AddTxMessage)
    HAL_CAN_ConfigFilter                     0x08002599   Thumb Code   286  stm32f4xx_hal_can.o(i.HAL_CAN_ConfigFilter)
    HAL_CAN_ErrorCallback                    0x080026bd   Thumb Code     2  stm32f4xx_hal_can.o(i.HAL_CAN_ErrorCallback)
    HAL_CAN_GetRxMessage                     0x080026bf   Thumb Code   380  stm32f4xx_hal_can.o(i.HAL_CAN_GetRxMessage)
    HAL_CAN_IRQHandler                       0x0800283b   Thumb Code   590  stm32f4xx_hal_can.o(i.HAL_CAN_IRQHandler)
    HAL_CAN_Init                             0x08002a89   Thumb Code   372  stm32f4xx_hal_can.o(i.HAL_CAN_Init)
    HAL_CAN_MspInit                          0x08002bfd   Thumb Code   294  can.o(i.HAL_CAN_MspInit)
    HAL_CAN_RxFifo0FullCallback              0x08002d39   Thumb Code     2  stm32f4xx_hal_can.o(i.HAL_CAN_RxFifo0FullCallback)
    HAL_CAN_RxFifo0MsgPendingCallback        0x08002d3d   Thumb Code   314  bsp_can.o(i.HAL_CAN_RxFifo0MsgPendingCallback)
    HAL_CAN_RxFifo1FullCallback              0x08002e8d   Thumb Code     2  stm32f4xx_hal_can.o(i.HAL_CAN_RxFifo1FullCallback)
    HAL_CAN_RxFifo1MsgPendingCallback        0x08002e8f   Thumb Code     2  stm32f4xx_hal_can.o(i.HAL_CAN_RxFifo1MsgPendingCallback)
    HAL_CAN_SleepCallback                    0x08002e91   Thumb Code     2  stm32f4xx_hal_can.o(i.HAL_CAN_SleepCallback)
    HAL_CAN_Start                            0x08002e93   Thumb Code    94  stm32f4xx_hal_can.o(i.HAL_CAN_Start)
    HAL_CAN_TxMailbox0AbortCallback          0x08002ef1   Thumb Code     2  stm32f4xx_hal_can.o(i.HAL_CAN_TxMailbox0AbortCallback)
    HAL_CAN_TxMailbox0CompleteCallback       0x08002ef5   Thumb Code    10  bsp_can.o(i.HAL_CAN_TxMailbox0CompleteCallback)
    HAL_CAN_TxMailbox1AbortCallback          0x08002f05   Thumb Code     2  stm32f4xx_hal_can.o(i.HAL_CAN_TxMailbox1AbortCallback)
    HAL_CAN_TxMailbox1CompleteCallback       0x08002f09   Thumb Code    20  bsp_can.o(i.HAL_CAN_TxMailbox1CompleteCallback)
    HAL_CAN_TxMailbox2AbortCallback          0x08002f25   Thumb Code     2  stm32f4xx_hal_can.o(i.HAL_CAN_TxMailbox2AbortCallback)
    HAL_CAN_TxMailbox2CompleteCallback       0x08002f29   Thumb Code    10  bsp_can.o(i.HAL_CAN_TxMailbox2CompleteCallback)
    HAL_CAN_WakeUpFromRxMsgCallback          0x08002f39   Thumb Code     2  stm32f4xx_hal_can.o(i.HAL_CAN_WakeUpFromRxMsgCallback)
    HAL_DMA_Abort_IT                         0x08002f3b   Thumb Code    40  stm32f4xx_hal_dma.o(i.HAL_DMA_Abort_IT)
    HAL_DMA_IRQHandler                       0x08002f65   Thumb Code   570  stm32f4xx_hal_dma.o(i.HAL_DMA_IRQHandler)
    HAL_DMA_Init                             0x080031a5   Thumb Code   232  stm32f4xx_hal_dma.o(i.HAL_DMA_Init)
    HAL_DMA_Start                            0x08003291   Thumb Code   102  stm32f4xx_hal_dma.o(i.HAL_DMA_Start)
    HAL_DMA_Start_IT                         0x080032f7   Thumb Code   158  stm32f4xx_hal_dma.o(i.HAL_DMA_Start_IT)
    HAL_GPIO_Init                            0x08003395   Thumb Code   486  stm32f4xx_hal_gpio.o(i.HAL_GPIO_Init)
    HAL_GPIO_WritePin                        0x080035b1   Thumb Code    12  stm32f4xx_hal_gpio.o(i.HAL_GPIO_WritePin)
    HAL_GetTick                              0x080035bd   Thumb Code     6  stm32f4xx_hal.o(i.HAL_GetTick)
    HAL_IncTick                              0x080035c9   Thumb Code    16  stm32f4xx_hal.o(i.HAL_IncTick)
    HAL_Init                                 0x080035e1   Thumb Code    54  stm32f4xx_hal.o(i.HAL_Init)
    HAL_InitTick                             0x0800361d   Thumb Code    64  stm32f4xx_hal.o(i.HAL_InitTick)
    HAL_MspInit                              0x08003669   Thumb Code    68  stm32f4xx_hal_msp.o(i.HAL_MspInit)
    HAL_NVIC_EnableIRQ                       0x080036b1   Thumb Code    32  stm32f4xx_hal_cortex.o(i.HAL_NVIC_EnableIRQ)
    HAL_NVIC_SetPriority                     0x080036d1   Thumb Code   124  stm32f4xx_hal_cortex.o(i.HAL_NVIC_SetPriority)
    HAL_NVIC_SetPriorityGrouping             0x0800374d   Thumb Code    32  stm32f4xx_hal_cortex.o(i.HAL_NVIC_SetPriorityGrouping)
    HAL_RCC_ClockConfig                      0x08003775   Thumb Code   366  stm32f4xx_hal_rcc.o(i.HAL_RCC_ClockConfig)
    HAL_RCC_GetHCLKFreq                      0x080038f5   Thumb Code     6  stm32f4xx_hal_rcc.o(i.HAL_RCC_GetHCLKFreq)
    HAL_RCC_GetPCLK1Freq                     0x08003901   Thumb Code    22  stm32f4xx_hal_rcc.o(i.HAL_RCC_GetPCLK1Freq)
    HAL_RCC_GetPCLK2Freq                     0x08003921   Thumb Code    22  stm32f4xx_hal_rcc.o(i.HAL_RCC_GetPCLK2Freq)
    HAL_RCC_GetSysClockFreq                  0x08003941   Thumb Code   162  stm32f4xx_hal_rcc.o(i.HAL_RCC_GetSysClockFreq)
    HAL_RCC_OscConfig                        0x080039f1   Thumb Code  1086  stm32f4xx_hal_rcc.o(i.HAL_RCC_OscConfig)
    HAL_SYSTICK_Config                       0x08003e39   Thumb Code    52  stm32f4xx_hal_cortex.o(i.HAL_SYSTICK_Config)
    HAL_TIM_Base_Init                        0x08003e6d   Thumb Code    52  stm32f4xx_hal_tim.o(i.HAL_TIM_Base_Init)
    HAL_TIM_Base_MspInit                     0x08003ea1   Thumb Code    62  user_tim.o(i.HAL_TIM_Base_MspInit)
    HAL_TIM_Base_Start_IT                    0x08003ee9   Thumb Code    42  stm32f4xx_hal_tim.o(i.HAL_TIM_Base_Start_IT)
    HAL_UART_ErrorCallback                   0x08003f13   Thumb Code     2  stm32f4xx_hal_uart.o(i.HAL_UART_ErrorCallback)
    HAL_UART_IRQHandler                      0x08003f15   Thumb Code   328  stm32f4xx_hal_uart.o(i.HAL_UART_IRQHandler)
    HAL_UART_Init                            0x08004061   Thumb Code   114  stm32f4xx_hal_uart.o(i.HAL_UART_Init)
    HAL_UART_MspInit                         0x080040d5   Thumb Code   782  usart.o(i.HAL_UART_MspInit)
    HAL_UART_Receive_DMA                     0x0800441d   Thumb Code   182  stm32f4xx_hal_uart.o(i.HAL_UART_Receive_DMA)
    HAL_UART_RxCpltCallback                  0x080044e1   Thumb Code     2  stm32f4xx_hal_uart.o(i.HAL_UART_RxCpltCallback)
    HAL_UART_RxHalfCpltCallback              0x080044e3   Thumb Code     2  stm32f4xx_hal_uart.o(i.HAL_UART_RxHalfCpltCallback)
    HAL_UART_TxCpltCallback                  0x080044e5   Thumb Code     2  stm32f4xx_hal_uart.o(i.HAL_UART_TxCpltCallback)
    HardFault_Handler                        0x080044e7   Thumb Code     4  stm32f4xx_it.o(i.HardFault_Handler)
    JUDGE_ShootNumCount                      0x080044ed   Thumb Code    56  judgement.o(i.JUDGE_ShootNumCount)
    JUDGE_fGetRemainEnergy                   0x08004535   Thumb Code     6  judgement.o(i.JUDGE_fGetRemainEnergy)
    JUDGE_sGetDataState                      0x08004541   Thumb Code     6  judgement.o(i.JUDGE_sGetDataState)
    Judge_Read_Data                          0x0800454d   Thumb Code   380  judgement.o(i.Judge_Read_Data)
    KalmanFilter                             0x08004701   Thumb Code   122  calculate.o(i.KalmanFilter)
    MX_CAN1_Init                             0x0800477d   Thumb Code    60  can.o(i.MX_CAN1_Init)
    MX_CAN2_Init                             0x080047c1   Thumb Code    60  can.o(i.MX_CAN2_Init)
    MX_DMA_Init                              0x08004805   Thumb Code   130  dma.o(i.MX_DMA_Init)
    MX_GPIO_Init                             0x0800488d   Thumb Code   238  gpio.o(i.MX_GPIO_Init)
    MX_TIM3_Init                             0x08004989   Thumb Code    42  user_tim.o(i.MX_TIM3_Init)
    MX_USART1_UART_Init                      0x080049bd   Thumb Code    48  usart.o(i.MX_USART1_UART_Init)
    MX_USART2_UART_Init                      0x080049f9   Thumb Code    46  usart.o(i.MX_USART2_UART_Init)
    MX_USART3_UART_Init                      0x08004a31   Thumb Code    46  usart.o(i.MX_USART3_UART_Init)
    MX_USART6_UART_Init                      0x08004a69   Thumb Code    46  usart.o(i.MX_USART6_UART_Init)
    MemManage_Handler                        0x08004aa1   Thumb Code     4  stm32f4xx_it.o(i.MemManage_Handler)
    NMI_Handler                              0x08004aa5   Thumb Code     2  stm32f4xx_it.o(i.NMI_Handler)
    PendSV_Handler                           0x08004aa7   Thumb Code     2  stm32f4xx_it.o(i.PendSV_Handler)
    SVC_Handler                              0x08004aa9   Thumb Code     2  stm32f4xx_it.o(i.SVC_Handler)
    SYSTEM_UpdateSystemState                 0x08004aad   Thumb Code    40  system.o(i.SYSTEM_UpdateSystemState)
    SysTick_Handler                          0x08004add   Thumb Code     8  stm32f4xx_it.o(i.SysTick_Handler)
    SystemClock_Config                       0x08004ae5   Thumb Code   172  system.o(i.SystemClock_Config)
    SystemInit                               0x08004b99   Thumb Code    82  system_stm32f4xx.o(i.SystemInit)
    System_Run                               0x08004bfd   Thumb Code    34  system.o(i.System_Run)
    TIM3_IRQHandler                          0x08004c25   Thumb Code    10  user_tim.o(i.TIM3_IRQHandler)
    TIM_Base_SetConfig                       0x08004c35   Thumb Code   170  stm32f4xx_hal_tim.o(i.TIM_Base_SetConfig)
    Task_Chassis                             0x08004d0d   Thumb Code   156  chassic.o(i.Task_Chassis)
    Task_Dispatch_tim                        0x08004dbd   Thumb Code    96  system.o(i.Task_Dispatch_tim)
    Task_error                               0x08004e29   Thumb Code     2  system.o(i.Task_error)
    UART_IdleRxCallback                      0x08004f39   Thumb Code    28  usart3_dma.o(i.UART_IdleRxCallback)
    UART_Receive_DMA_No_IT                   0x08004f5d   Thumb Code   102  usart3_dma.o(i.UART_Receive_DMA_No_IT)
    USART1_IRQHandler                        0x08005439   Thumb Code    16  stm32f4xx_it.o(i.USART1_IRQHandler)
    USART2_IRQHandler                        0x0800544d   Thumb Code    10  stm32f4xx_it.o(i.USART2_IRQHandler)
    USART3_IRQHandler                        0x0800545d   Thumb Code    16  stm32f4xx_it.o(i.USART3_IRQHandler)
    USART6_IRQHandler                        0x08005471   Thumb Code    10  stm32f4xx_it.o(i.USART6_IRQHandler)
    UsageFault_Handler                       0x08005481   Thumb Code     4  stm32f4xx_it.o(i.UsageFault_Handler)
    Verify_CRC16_Check_Sum                   0x08005485   Thumb Code    60  crc.o(i.Verify_CRC16_Check_Sum)
    Verify_CRC8_Check_Sum                    0x080054c5   Thumb Code    48  crc.o(i.Verify_CRC8_Check_Sum)
    __ARM_fpclassify                         0x080054f5   Thumb Code    48  fpclassify.o(i.__ARM_fpclassify)
    __hardfp_cos                             0x08005561   Thumb Code   180  cos.o(i.__hardfp_cos)
    __hardfp_fabs                            0x08005629   Thumb Code    20  fabs.o(i.__hardfp_fabs)
    __hardfp_sin                             0x08005641   Thumb Code   180  sin.o(i.__hardfp_sin)
    __hardfp_sqrt                            0x08005709   Thumb Code   122  sqrt_full.o(i.__hardfp_sqrt)
    __ieee754_rem_pio2                       0x08005789   Thumb Code   938  rred.o(i.__ieee754_rem_pio2)
    __kernel_cos                             0x08005bc1   Thumb Code   322  cos_i.o(i.__kernel_cos)
    __kernel_poly                            0x08005d31   Thumb Code   248  poly.o(i.__kernel_poly)
    __kernel_sin                             0x08005e29   Thumb Code   280  sin_i.o(i.__kernel_sin)
    __mathlib_dbl_infnan                     0x08005f59   Thumb Code    20  dunder.o(i.__mathlib_dbl_infnan)
    __mathlib_dbl_invalid                    0x08005f71   Thumb Code    24  dunder.o(i.__mathlib_dbl_invalid)
    __mathlib_dbl_underflow                  0x08005f91   Thumb Code    24  dunder.o(i.__mathlib_dbl_underflow)
    __scatterload_copy                       0x08005fb1   Thumb Code    14  handlers.o(i.__scatterload_copy)
    __scatterload_null                       0x08005fbf   Thumb Code     2  handlers.o(i.__scatterload_null)
    __scatterload_zeroinit                   0x08005fc1   Thumb Code    14  handlers.o(i.__scatterload_zeroinit)
    __set_errno                              0x08005fd1   Thumb Code     6  errno.o(i.__set_errno)
    constrain                                0x08005fdd   Thumb Code    22  calculate.o(i.constrain)
    constrain_float                          0x08005ff3   Thumb Code    42  calculate.o(i.constrain_float)
    dbus_uart_init                           0x0800601d   Thumb Code    56  bsp_uart.o(i.dbus_uart_init)
    dma_current_data_counter                 0x0800605d   Thumb Code     8  bsp_uart.o(i.dma_current_data_counter)
    drv_can_init                             0x08006065   Thumb Code   100  bsp_can.o(i.drv_can_init)
    fabs                                     0x080060d1   Thumb Code    24  fabs.o(i.fabs)
    init_system                              0x080060e9   Thumb Code    92  system.o(i.init_system)
    main                                     0x08006151   Thumb Code    16  main.o(i.main)
    rc_callback_handler                      0x08006161   Thumb Code   296  bsp_uart.o(i.rc_callback_handler)
    uart_receive_handler                     0x080062d5   Thumb Code    34  bsp_uart.o(i.uart_receive_handler)
    usart3_dma_init                          0x08006369   Thumb Code    30  usart3_dma.o(i.usart3_dma_init)
    usart3_rx_handle                         0x08006391   Thumb Code    88  usart3_dma.o(i.usart3_rx_handle)
    AHBPrescTable                            0x080063f0   Data          16  system_stm32f4xx.o(.constdata)
    APBPrescTable                            0x08006400   Data           8  system_stm32f4xx.o(.constdata)
    CRC8_INIT                                0x08006408   Data           1  crc.o(.constdata)
    CRC8_TAB                                 0x08006409   Data         256  crc.o(.constdata)
    wCRC_Table                               0x0800650a   Data         512  crc.o(.constdata)
    Region$$Table$$Base                      0x08006830   Number         0  anon$$obj.o(Region$$Table)
    Region$$Table$$Limit                     0x08006850   Number         0  anon$$obj.o(Region$$Table)
    uwTick                                   0x20000000   Data           4  stm32f4xx_hal.o(.data)
    uwTickPrio                               0x20000004   Data           4  stm32f4xx_hal.o(.data)
    uwTickFreq                               0x20000008   Data           1  stm32f4xx_hal.o(.data)
    SystemCoreClock                          0x2000000c   Data           4  system_stm32f4xx.o(.data)
    TxMailbox1                               0x20000010   Data           4  bsp_can.o(.data)
    num1                                     0x20000014   Data           2  bsp_can.o(.data)
    num2                                     0x20000016   Data           2  bsp_can.o(.data)
    can1_error                               0x20000018   Data           4  bsp_can.o(.data)
    RM_Update_Flag                           0x2000001c   Data           1  bsp_uart.o(.data)
    CRC_INIT                                 0x2000001e   Data           2  crc.o(.data)
    GameState                                0x20000020   Data           3  judgement.o(.data)
    GameResult                               0x20000023   Data           1  judgement.o(.data)
    GameRobotSurvivors                       0x20000024   Data           2  judgement.o(.data)
    EventData                                0x20000026   Data           4  judgement.o(.data)
    SupplyProjectileAction                   0x2000002a   Data           3  judgement.o(.data)
    SupplyProjectileBooking                  0x2000002d   Data           2  judgement.o(.data)
    BuffMusk                                 0x2000002f   Data           1  judgement.o(.data)
    AerialRobotEnergy                        0x20000030   Data           2  judgement.o(.data)
    RobotHurt                                0x20000032   Data           1  judgement.o(.data)
    ShootData                                0x20000033   Data           6  judgement.o(.data)
    FrameHeader                              0x20000039   Data           5  judgement.o(.data)
    Judge_Data_TF                            0x2000003e   Data           1  judgement.o(.data)
    Judge_Self_ID                            0x2000003f   Data           1  judgement.o(.data)
    Judge_SelfClient_ID                      0x20000040   Data           2  judgement.o(.data)
    ShootNum                                 0x20000042   Data           2  judgement.o(.data)
    Hurt_Data_Update                         0x20000044   Data           1  judgement.o(.data)
    Send_Color                               0x20000045   Data           1  judgement.o(.data)
    First_Time_Send_Commu                    0x20000046   Data           1  judgement.o(.data)
    send_time                                0x20000048   Data           2  judgement.o(.data)
    Color                                    0x2000004a   Data           1  judgement.o(.data)
    Shoot_Speed_Now                          0x2000004c   Data           4  judgement.o(.data)
    Shoot_Speed_Last                         0x20000050   Data           4  judgement.o(.data)
    SP1                                      0x20000058   Data           4  system.o(.data)
    SP2                                      0x2000005c   Data           4  system.o(.data)
    SP3                                      0x20000060   Data           4  system.o(.data)
    system_tick                              0x20000064   Data           2  system.o(.data)
    error_register                           0x20000068   Data           4  system.o(.data)
    a                                        0x2000006c   Data           4  system.o(.data)
    b                                        0x20000070   Data           4  system.o(.data)
    c                                        0x20000074   Data           4  system.o(.data)
    d                                        0x20000078   Data           4  system.o(.data)
    remoteMode                               0x2000007c   Data           1  system.o(.data)
    systemState                              0x2000007d   Data           1  system.o(.data)
    Chassis_Standard_Move_Max                0x20000084   Data           4  chassic.o(.data)
    Chassis_Final_Output_Max                 0x20000088   Data           4  chassic.o(.data)
    Chassis_Revolve_Move_Max                 0x2000008c   Data           4  chassic.o(.data)
    Chassis_Limit_Output_Max                 0x20000090   Data           4  chassic.o(.data)
    Slope_Chassis_Move_Z                     0x20000094   Data           4  chassic.o(.data)
    kKey_Mech_Chassis_Standard               0x20000098   Data           4  chassic.o(.data)
    kRc_Gyro_Chassis_Standard                0x2000009c   Data           4  chassic.o(.data)
    kRc_Gyro_Chassis_Revolve                 0x200000a0   Data           4  chassic.o(.data)
    timeInc                                  0x200000a4   Data           2  chassic.o(.data)
    timeInc_Saltation                        0x200000a6   Data           2  chassic.o(.data)
    timeXFron                                0x200000a8   Data           2  chassic.o(.data)
    timeXBack                                0x200000aa   Data           2  chassic.o(.data)
    timeYLeft                                0x200000ac   Data           2  chassic.o(.data)
    timeYRigh                                0x200000ae   Data           2  chassic.o(.data)
    timeZRrotate                             0x200000b0   Data           2  chassic.o(.data)
    timeZLrotate                             0x200000b2   Data           2  chassic.o(.data)
    Slope_Chassis_Move_Fron                  0x200000b4   Data           4  chassic.o(.data)
    Slope_Chassis_Move_Back                  0x200000b8   Data           4  chassic.o(.data)
    Slope_Chassis_Move_Left                  0x200000bc   Data           4  chassic.o(.data)
    Slope_Chassis_Move_Righ                  0x200000c0   Data           4  chassic.o(.data)
    Slope_Chassis_Move_Lrotate               0x200000c4   Data           4  chassic.o(.data)
    Slope_Chassis_Move_Rrotate               0x200000c8   Data           4  chassic.o(.data)
    Slope_Chassis_Revolve_Move               0x200000cc   Data           4  chassic.o(.data)
    actChassis                               0x200000d0   Data           1  chassic.o(.data)
    modeChassis                              0x200000d1   Data           1  chassic.o(.data)
    Chassis_Move_X                           0x200000d4   Data           4  chassic.o(.data)
    Chassis_Move_Y                           0x200000d8   Data           4  chassic.o(.data)
    Chassis_Move_Z                           0x200000dc   Data           4  chassic.o(.data)
    Chassis_Speed_Measure                    0x200000e0   Data           8  chassic.o(.data)
    Chassis_Gyro_Error                       0x200000e8   Data           2  chassic.o(.data)
    yaw_angle_offset                         0x200000ea   Data           2  chassic.o(.data)
    Chassis_Z_kpid                           0x200000ec   Data          12  chassic.o(.data)
    pTermChassisZ                            0x200000f8   Data           4  chassic.o(.data)
    dTermChassisZ                            0x200000fc   Data           4  chassic.o(.data)
    Chass_Switch_F                           0x20000100   Data           1  chassic.o(.data)
    Chass_Key_F_Change                       0x20000101   Data           1  chassic.o(.data)
    WARNING_REMAIN_POWER                     0x20000104   Data           4  chassic.o(.data)
    fChasCurrentLimit                        0x20000108   Data           4  chassic.o(.data)
    fTotalCurrentLimit                       0x2000010c   Data           4  chassic.o(.data)
    remot_change                             0x20000110   Data           1  chassic.o(.data)
    stateCorgi                               0x20000112   Data           2  chassic.o(.data)
    IfCorgiChange                            0x20000114   Data           1  chassic.o(.data)
    corgi_angle_target                       0x20000116   Data           2  chassic.o(.data)
    speed_z_pterm                            0x20000118   Data           4  chassic.o(.data)
    speed_z_iterm                            0x2000011c   Data           4  chassic.o(.data)
    speed_z_dterm                            0x20000120   Data           4  chassic.o(.data)
    hcan1                                    0x20000150   Data          40  can.o(.bss)
    hcan2                                    0x20000178   Data          40  can.o(.bss)
    huart1                                   0x200001a0   Data          64  usart.o(.bss)
    hdma_usart1_rx                           0x200001e0   Data          96  usart.o(.bss)
    huart2                                   0x20000240   Data          64  usart.o(.bss)
    hdma_usart2_rx                           0x20000280   Data          96  usart.o(.bss)
    hdma_usart2_tx                           0x200002e0   Data          96  usart.o(.bss)
    huart3                                   0x20000340   Data          64  usart.o(.bss)
    hdma_usart3_rx                           0x20000380   Data          96  usart.o(.bss)
    huart6                                   0x200003e0   Data          64  usart.o(.bss)
    hdma_usart6_rx                           0x20000420   Data          96  usart.o(.bss)
    M3508                                    0x20000480   Data          48  bsp_can.o(.bss)
    GM6020                                   0x200004b0   Data          24  bsp_can.o(.bss)
    dbus_buf                                 0x200004c8   Data          18  bsp_uart.o(.bss)
    rc_t                                     0x200004da   Data          22  bsp_uart.o(.bss)
    htim3                                    0x200004f0   Data          64  user_tim.o(.bss)
    GameRobotStat                            0x20000530   Data          15  judgement.o(.bss)
    PowerHeatData                            0x2000053f   Data          14  judgement.o(.bss)
    GameRobotPos                             0x2000054d   Data          16  judgement.o(.bss)
    RobotState                               0x2000055d   Data          15  judgement.o(.bss)
    ShowData                                 0x2000056c   Data          28  judgement.o(.bss)
    Graphic                                  0x20000588   Data          28  judgement.o(.bss)
    CommuData                                0x200005a4   Data          25  judgement.o(.bss)
    TeammateTxBuffer                         0x200005bd   Data         200  judgement.o(.bss)
    CliendTxBuffer                           0x20000685   Data         200  judgement.o(.bss)
    ClientGraphicTxBuffer                    0x2000074d   Data         200  judgement.o(.bss)
    USART_Judegebuff                         0x20000815   Data         200  usart3_dma.o(.bss)
    set_spd                                  0x200008e0   Data          16  system.o(.bss)
    Rx                                       0x200008f0   Data          44  system.o(.bss)
    Chassis_Error_Kalman                     0x2000091c   Data          36  chassic.o(.bss)
    traget_speed                             0x20000940   Data          16  chassic.o(.bss)
    Chassis_Speed_Target                     0x20000950   Data          16  chassic.o(.bss)
    Chassis_Speed_Error                      0x20000960   Data          16  chassic.o(.bss)
    Chassis_Speed_Error_Sum                  0x20000970   Data          16  chassic.o(.bss)
    Chassis_Speed_Error_NOW                  0x20000980   Data          16  chassic.o(.bss)
    Chassis_Speed_Error_LAST                 0x20000990   Data          16  chassic.o(.bss)
    Chassis_Speed_kpid                       0x200009a0   Data          48  chassic.o(.bss)
    pTermChassis                             0x200009d0   Data          16  chassic.o(.bss)
    iTermChassis                             0x200009e0   Data          16  chassic.o(.bss)
    dTermChassis                             0x200009f0   Data          16  chassic.o(.bss)
    pidTermChassis                           0x20000a00   Data          16  chassic.o(.bss)
    Chassis_Final_Output                     0x20000a10   Data          16  chassic.o(.bss)
    __initial_sp                             0x20000e30   Data           0  startup_stm32f427xx.o(STACK)



==============================================================================

Memory Map of the image

  Image Entry point : 0x080001ad

  Load Region LR_IROM1 (Base: 0x08000000, Size: 0x000069a0, Max: 0x00200000, ABSOLUTE, COMPRESSED[0x0000687c])

    Execution Region ER_IROM1 (Base: 0x08000000, Size: 0x00006850, Max: 0x00200000, ABSOLUTE)

    Base Addr    Size         Type   Attr      Idx    E Section Name        Object

    0x08000000   0x000001ac   Data   RO            3    RESET               startup_stm32f427xx.o
    0x080001ac   0x00000000   Code   RO         4494  * .ARM.Collect$$$$00000000  mc_w.l(entry.o)
    0x080001ac   0x00000004   Code   RO         4553    .ARM.Collect$$$$00000001  mc_w.l(entry2.o)
    0x080001b0   0x00000004   Code   RO         4556    .ARM.Collect$$$$00000004  mc_w.l(entry5.o)
    0x080001b4   0x00000000   Code   RO         4558    .ARM.Collect$$$$00000008  mc_w.l(entry7b.o)
    0x080001b4   0x00000000   Code   RO         4560    .ARM.Collect$$$$0000000A  mc_w.l(entry8b.o)
    0x080001b4   0x00000008   Code   RO         4561    .ARM.Collect$$$$0000000B  mc_w.l(entry9a.o)
    0x080001bc   0x00000000   Code   RO         4563    .ARM.Collect$$$$0000000D  mc_w.l(entry10a.o)
    0x080001bc   0x00000000   Code   RO         4565    .ARM.Collect$$$$0000000F  mc_w.l(entry11a.o)
    0x080001bc   0x00000004   Code   RO         4554    .ARM.Collect$$$$00002712  mc_w.l(entry2.o)
    0x080001c0   0x00000024   Code   RO            4    .text               startup_stm32f427xx.o
    0x080001e4   0x00000062   Code   RO         4497    .text               mc_w.l(uldiv.o)
    0x08000246   0x00000024   Code   RO         4499    .text               mc_w.l(memcpya.o)
    0x0800026a   0x00000024   Code   RO         4501    .text               mc_w.l(memseta.o)
    0x0800028e   0x0000014e   Code   RO         4505    .text               mf_w.l(dadd.o)
    0x080003dc   0x000000e4   Code   RO         4507    .text               mf_w.l(dmul.o)
    0x080004c0   0x000000de   Code   RO         4509    .text               mf_w.l(ddiv.o)
    0x0800059e   0x00000022   Code   RO         4511    .text               mf_w.l(dflti.o)
    0x080005c0   0x0000001a   Code   RO         4513    .text               mf_w.l(dfltui.o)
    0x080005da   0x0000003e   Code   RO         4515    .text               mf_w.l(dfixi.o)
    0x08000618   0x00000026   Code   RO         4517    .text               mf_w.l(f2d.o)
    0x0800063e   0x00000002   PAD
    0x08000640   0x00000030   Code   RO         4519    .text               mf_w.l(cdcmple.o)
    0x08000670   0x00000030   Code   RO         4521    .text               mf_w.l(cdrcmple.o)
    0x080006a0   0x00000038   Code   RO         4523    .text               mf_w.l(d2f.o)
    0x080006d8   0x0000001e   Code   RO         4567    .text               mc_w.l(llshl.o)
    0x080006f6   0x00000020   Code   RO         4569    .text               mc_w.l(llushr.o)
    0x08000716   0x00000024   Code   RO         4571    .text               mc_w.l(llsshr.o)
    0x0800073a   0x00000000   Code   RO         4580    .text               mc_w.l(iusefp.o)
    0x0800073a   0x0000006e   Code   RO         4581    .text               mf_w.l(fepilogue.o)
    0x080007a8   0x000000ba   Code   RO         4583    .text               mf_w.l(depilogue.o)
    0x08000862   0x000000a2   Code   RO         4587    .text               mf_w.l(dsqrt.o)
    0x08000904   0x00000024   Code   RO         4593    .text               mc_w.l(init.o)
    0x08000928   0x0000003a   Code   RO         4603    .text               mc_w.l(__dczerorl.o)
    0x08000962   0x00000004   Code   RO          388    i.BusFault_Handler  stm32f4xx_it.o
    0x08000966   0x00000002   PAD
    0x08000968   0x00000010   Code   RO          389    i.CAN1_RX0_IRQHandler  stm32f4xx_it.o
    0x08000978   0x00000010   Code   RO          390    i.CAN1_TX_IRQHandler  stm32f4xx_it.o
    0x08000988   0x00000010   Code   RO          391    i.CAN2_RX0_IRQHandler  stm32f4xx_it.o
    0x08000998   0x00000010   Code   RO          392    i.CAN2_TX_IRQHandler  stm32f4xx_it.o
    0x080009a8   0x000000ac   Code   RO         3446    i.CAN2_send_judgement  bsp_can.o
    0x08000a54   0x00000234   Code   RO         4106    i.CHASSIS_CORGI_Mode_Ctrl  chassic.o
    0x08000c88   0x00000040   Code   RO         4109    i.CHASSIS_REST      chassic.o
    0x08000cc8   0x00000044   Code   RO         4110    i.CHASSIS_SZUPUP_Mode_Ctrl  chassic.o
    0x08000d0c   0x000000b0   Code   RO         4112    i.CHAS_Key_Ctrl     chassic.o
    0x08000dbc   0x0000045c   Code   RO         4113    i.CHAS_Rc_Ctrl      chassic.o
    0x08001218   0x000000cc   Code   RO         4114    i.Chassis_Key_MoveRamp  chassic.o
    0x080012e4   0x000005fc   Code   RO         4115    i.Chassis_Keyboard_Move_Calculate  chassic.o
    0x080018e0   0x0000001c   Code   RO         4116    i.Chassis_MotorOutput  chassic.o
    0x080018fc   0x00000260   Code   RO         4117    i.Chassis_Motor_Speed_PID  chassic.o
    0x08001b5c   0x00000002   Code   RO         4118    i.Chassis_Mouse_Move_Calculate  chassic.o
    0x08001b5e   0x00000016   Code   RO         4119    i.Chassis_NORMAL_Mode_Ctrl  chassic.o
    0x08001b74   0x0000028c   Code   RO         4120    i.Chassis_Omni_Move_Calculate  chassic.o
    0x08001e00   0x00000264   Code   RO         4121    i.Chassis_Power_Limit  chassic.o
    0x08002064   0x0000018c   Code   RO         4122    i.Chassis_SpeedZ_PID  chassic.o
    0x080021f0   0x00000060   Code   RO         3448    i.Chassis_set_voltage  bsp_can.o
    0x08002250   0x00000010   Code   RO          393    i.DMA1_Stream1_IRQHandler  stm32f4xx_it.o
    0x08002260   0x00000010   Code   RO          394    i.DMA1_Stream6_IRQHandler  stm32f4xx_it.o
    0x08002270   0x00000010   Code   RO          395    i.DMA2_Stream1_IRQHandler  stm32f4xx_it.o
    0x08002280   0x00000010   Code   RO          396    i.DMA2_Stream2_IRQHandler  stm32f4xx_it.o
    0x08002290   0x00000034   Code   RO         2699    i.DMA_CalcBaseAndBitshift  stm32f4xx_hal_dma.o
    0x080022c4   0x000000aa   Code   RO         2700    i.DMA_CheckFifoParam  stm32f4xx_hal_dma.o
    0x0800236e   0x0000002c   Code   RO         2701    i.DMA_SetConfig     stm32f4xx_hal_dma.o
    0x0800239a   0x00000002   Code   RO          397    i.DebugMon_Handler  stm32f4xx_it.o
    0x0800239c   0x00000002   Code   RO           13    i.Error_Handler     main.o
    0x0800239e   0x00000022   Code   RO         4251    i.GIMBAL_GetOffsetAngle  gimbal.o
    0x080023c0   0x00000034   Code   RO         3670    i.Get_CRC16_Check_Sum  crc.o
    0x080023f4   0x00000024   Code   RO         3671    i.Get_CRC8_Check_Sum  crc.o
    0x08002418   0x0000002a   Code   RO          635    i.HAL_CAN_ActivateNotification  stm32f4xx_hal_can.o
    0x08002442   0x00000156   Code   RO          636    i.HAL_CAN_AddTxMessage  stm32f4xx_hal_can.o
    0x08002598   0x00000124   Code   RO          637    i.HAL_CAN_ConfigFilter  stm32f4xx_hal_can.o
    0x080026bc   0x00000002   Code   RO          640    i.HAL_CAN_ErrorCallback  stm32f4xx_hal_can.o
    0x080026be   0x0000017c   Code   RO          643    i.HAL_CAN_GetRxMessage  stm32f4xx_hal_can.o
    0x0800283a   0x0000024e   Code   RO          647    i.HAL_CAN_IRQHandler  stm32f4xx_hal_can.o
    0x08002a88   0x00000174   Code   RO          648    i.HAL_CAN_Init      stm32f4xx_hal_can.o
    0x08002bfc   0x0000013c   Code   RO          256    i.HAL_CAN_MspInit   can.o
    0x08002d38   0x00000002   Code   RO          655    i.HAL_CAN_RxFifo0FullCallback  stm32f4xx_hal_can.o
    0x08002d3a   0x00000002   PAD
    0x08002d3c   0x00000150   Code   RO         3450    i.HAL_CAN_RxFifo0MsgPendingCallback  bsp_can.o
    0x08002e8c   0x00000002   Code   RO          657    i.HAL_CAN_RxFifo1FullCallback  stm32f4xx_hal_can.o
    0x08002e8e   0x00000002   Code   RO          658    i.HAL_CAN_RxFifo1MsgPendingCallback  stm32f4xx_hal_can.o
    0x08002e90   0x00000002   Code   RO          659    i.HAL_CAN_SleepCallback  stm32f4xx_hal_can.o
    0x08002e92   0x0000005e   Code   RO          660    i.HAL_CAN_Start     stm32f4xx_hal_can.o
    0x08002ef0   0x00000002   Code   RO          662    i.HAL_CAN_TxMailbox0AbortCallback  stm32f4xx_hal_can.o
    0x08002ef2   0x00000002   PAD
    0x08002ef4   0x00000010   Code   RO         3451    i.HAL_CAN_TxMailbox0CompleteCallback  bsp_can.o
    0x08002f04   0x00000002   Code   RO          664    i.HAL_CAN_TxMailbox1AbortCallback  stm32f4xx_hal_can.o
    0x08002f06   0x00000002   PAD
    0x08002f08   0x0000001c   Code   RO         3452    i.HAL_CAN_TxMailbox1CompleteCallback  bsp_can.o
    0x08002f24   0x00000002   Code   RO          666    i.HAL_CAN_TxMailbox2AbortCallback  stm32f4xx_hal_can.o
    0x08002f26   0x00000002   PAD
    0x08002f28   0x00000010   Code   RO         3453    i.HAL_CAN_TxMailbox2CompleteCallback  bsp_can.o
    0x08002f38   0x00000002   Code   RO          669    i.HAL_CAN_WakeUpFromRxMsgCallback  stm32f4xx_hal_can.o
    0x08002f3a   0x00000028   Code   RO         2703    i.HAL_DMA_Abort_IT  stm32f4xx_hal_dma.o
    0x08002f62   0x00000002   PAD
    0x08002f64   0x00000240   Code   RO         2707    i.HAL_DMA_IRQHandler  stm32f4xx_hal_dma.o
    0x080031a4   0x000000ec   Code   RO         2708    i.HAL_DMA_Init      stm32f4xx_hal_dma.o
    0x08003290   0x00000066   Code   RO         2711    i.HAL_DMA_Start     stm32f4xx_hal_dma.o
    0x080032f6   0x0000009e   Code   RO         2712    i.HAL_DMA_Start_IT  stm32f4xx_hal_dma.o
    0x08003394   0x0000021c   Code   RO         2595    i.HAL_GPIO_Init     stm32f4xx_hal_gpio.o
    0x080035b0   0x0000000c   Code   RO         2599    i.HAL_GPIO_WritePin  stm32f4xx_hal_gpio.o
    0x080035bc   0x0000000c   Code   RO         3152    i.HAL_GetTick       stm32f4xx_hal.o
    0x080035c8   0x00000018   Code   RO         3158    i.HAL_IncTick       stm32f4xx_hal.o
    0x080035e0   0x0000003c   Code   RO         3159    i.HAL_Init          stm32f4xx_hal.o
    0x0800361c   0x0000004c   Code   RO         3160    i.HAL_InitTick      stm32f4xx_hal.o
    0x08003668   0x00000048   Code   RO          536    i.HAL_MspInit       stm32f4xx_hal_msp.o
    0x080036b0   0x00000020   Code   RO         3002    i.HAL_NVIC_EnableIRQ  stm32f4xx_hal_cortex.o
    0x080036d0   0x0000007c   Code   RO         3008    i.HAL_NVIC_SetPriority  stm32f4xx_hal_cortex.o
    0x0800374c   0x00000028   Code   RO         3009    i.HAL_NVIC_SetPriorityGrouping  stm32f4xx_hal_cortex.o
    0x08003774   0x00000180   Code   RO         2139    i.HAL_RCC_ClockConfig  stm32f4xx_hal_rcc.o
    0x080038f4   0x0000000c   Code   RO         2144    i.HAL_RCC_GetHCLKFreq  stm32f4xx_hal_rcc.o
    0x08003900   0x00000020   Code   RO         2146    i.HAL_RCC_GetPCLK1Freq  stm32f4xx_hal_rcc.o
    0x08003920   0x00000020   Code   RO         2147    i.HAL_RCC_GetPCLK2Freq  stm32f4xx_hal_rcc.o
    0x08003940   0x000000b0   Code   RO         2148    i.HAL_RCC_GetSysClockFreq  stm32f4xx_hal_rcc.o
    0x080039f0   0x00000448   Code   RO         2151    i.HAL_RCC_OscConfig  stm32f4xx_hal_rcc.o
    0x08003e38   0x00000034   Code   RO         3013    i.HAL_SYSTICK_Config  stm32f4xx_hal_cortex.o
    0x08003e6c   0x00000034   Code   RO          870    i.HAL_TIM_Base_Init  stm32f4xx_hal_tim.o
    0x08003ea0   0x00000048   Code   RO         3623    i.HAL_TIM_Base_MspInit  user_tim.o
    0x08003ee8   0x0000002a   Code   RO          875    i.HAL_TIM_Base_Start_IT  stm32f4xx_hal_tim.o
    0x08003f12   0x00000002   Code   RO         1828    i.HAL_UART_ErrorCallback  stm32f4xx_hal_uart.o
    0x08003f14   0x0000014c   Code   RO         1831    i.HAL_UART_IRQHandler  stm32f4xx_hal_uart.o
    0x08004060   0x00000072   Code   RO         1832    i.HAL_UART_Init     stm32f4xx_hal_uart.o
    0x080040d2   0x00000002   PAD
    0x080040d4   0x00000348   Code   RO          328    i.HAL_UART_MspInit  usart.o
    0x0800441c   0x000000c4   Code   RO         1836    i.HAL_UART_Receive_DMA  stm32f4xx_hal_uart.o
    0x080044e0   0x00000002   Code   RO         1838    i.HAL_UART_RxCpltCallback  stm32f4xx_hal_uart.o
    0x080044e2   0x00000002   Code   RO         1839    i.HAL_UART_RxHalfCpltCallback  stm32f4xx_hal_uart.o
    0x080044e4   0x00000002   Code   RO         1843    i.HAL_UART_TxCpltCallback  stm32f4xx_hal_uart.o
    0x080044e6   0x00000004   Code   RO          398    i.HardFault_Handler  stm32f4xx_it.o
    0x080044ea   0x00000002   PAD
    0x080044ec   0x00000048   Code   RO         3720    i.JUDGE_ShootNumCount  judgement.o
    0x08004534   0x0000000c   Code   RO         3724    i.JUDGE_fGetRemainEnergy  judgement.o
    0x08004540   0x0000000c   Code   RO         3725    i.JUDGE_sGetDataState  judgement.o
    0x0800454c   0x000001b4   Code   RO         3726    i.Judge_Read_Data   judgement.o
    0x08004700   0x0000007a   Code   RO         4032    i.KalmanFilter      calculate.o
    0x0800477a   0x00000002   PAD
    0x0800477c   0x00000044   Code   RO          257    i.MX_CAN1_Init      can.o
    0x080047c0   0x00000044   Code   RO          258    i.MX_CAN2_Init      can.o
    0x08004804   0x00000088   Code   RO          303    i.MX_DMA_Init       dma.o
    0x0800488c   0x000000fc   Code   RO          231    i.MX_GPIO_Init      gpio.o
    0x08004988   0x00000034   Code   RO         3624    i.MX_TIM3_Init      user_tim.o
    0x080049bc   0x0000003c   Code   RO          329    i.MX_USART1_UART_Init  usart.o
    0x080049f8   0x00000038   Code   RO          330    i.MX_USART2_UART_Init  usart.o
    0x08004a30   0x00000038   Code   RO          331    i.MX_USART3_UART_Init  usart.o
    0x08004a68   0x00000038   Code   RO          332    i.MX_USART6_UART_Init  usart.o
    0x08004aa0   0x00000004   Code   RO          399    i.MemManage_Handler  stm32f4xx_it.o
    0x08004aa4   0x00000002   Code   RO          400    i.NMI_Handler       stm32f4xx_it.o
    0x08004aa6   0x00000002   Code   RO          401    i.PendSV_Handler    stm32f4xx_it.o
    0x08004aa8   0x00000002   Code   RO          402    i.SVC_Handler       stm32f4xx_it.o
    0x08004aaa   0x00000002   PAD
    0x08004aac   0x00000030   Code   RO         3866    i.SYSTEM_UpdateSystemState  system.o
    0x08004adc   0x00000008   Code   RO          403    i.SysTick_Handler   stm32f4xx_it.o
    0x08004ae4   0x000000b4   Code   RO         3867    i.SystemClock_Config  system.o
    0x08004b98   0x00000064   Code   RO         3405    i.SystemInit        system_stm32f4xx.o
    0x08004bfc   0x00000028   Code   RO         3868    i.System_Run        system.o
    0x08004c24   0x00000010   Code   RO         3625    i.TIM3_IRQHandler   user_tim.o
    0x08004c34   0x000000d8   Code   RO          958    i.TIM_Base_SetConfig  stm32f4xx_hal_tim.o
    0x08004d0c   0x000000b0   Code   RO         4124    i.Task_Chassis      chassic.o
    0x08004dbc   0x0000006c   Code   RO         3870    i.Task_Dispatch_tim  system.o
    0x08004e28   0x00000002   Code   RO         3871    i.Task_error        system.o
    0x08004e2a   0x00000014   Code   RO         1845    i.UART_DMAAbortOnError  stm32f4xx_hal_uart.o
    0x08004e3e   0x00000050   Code   RO         1846    i.UART_DMAError     stm32f4xx_hal_uart.o
    0x08004e8e   0x00000046   Code   RO         1847    i.UART_DMAReceiveCplt  stm32f4xx_hal_uart.o
    0x08004ed4   0x0000000e   Code   RO         1849    i.UART_DMARxHalfCplt  stm32f4xx_hal_uart.o
    0x08004ee2   0x00000020   Code   RO         1855    i.UART_EndRxTransfer  stm32f4xx_hal_uart.o
    0x08004f02   0x00000020   Code   RO         1856    i.UART_EndTransmit_IT  stm32f4xx_hal_uart.o
    0x08004f22   0x00000014   Code   RO         1857    i.UART_EndTxTransfer  stm32f4xx_hal_uart.o
    0x08004f36   0x00000002   PAD
    0x08004f38   0x00000024   Code   RO         3814    i.UART_IdleRxCallback  usart3_dma.o
    0x08004f5c   0x00000066   Code   RO         3815    i.UART_Receive_DMA_No_IT  usart3_dma.o
    0x08004fc2   0x000000a6   Code   RO         1858    i.UART_Receive_IT   stm32f4xx_hal_uart.o
    0x08005068   0x00000368   Code   RO         1859    i.UART_SetConfig    stm32f4xx_hal_uart.o
    0x080053d0   0x00000068   Code   RO         1860    i.UART_Transmit_IT  stm32f4xx_hal_uart.o
    0x08005438   0x00000014   Code   RO          404    i.USART1_IRQHandler  stm32f4xx_it.o
    0x0800544c   0x00000010   Code   RO          405    i.USART2_IRQHandler  stm32f4xx_it.o
    0x0800545c   0x00000014   Code   RO          406    i.USART3_IRQHandler  stm32f4xx_it.o
    0x08005470   0x00000010   Code   RO          407    i.USART6_IRQHandler  stm32f4xx_it.o
    0x08005480   0x00000004   Code   RO          408    i.UsageFault_Handler  stm32f4xx_it.o
    0x08005484   0x00000040   Code   RO         3672    i.Verify_CRC16_Check_Sum  crc.o
    0x080054c4   0x00000030   Code   RO         3673    i.Verify_CRC8_Check_Sum  crc.o
    0x080054f4   0x00000030   Code   RO         4589    i.__ARM_fpclassify  m_wm.l(fpclassify.o)
    0x08005524   0x00000010   Code   RO         3015    i.__NVIC_GetPriorityGrouping  stm32f4xx_hal_cortex.o
    0x08005534   0x00000028   Code   RO         3016    i.__NVIC_SetPriority  stm32f4xx_hal_cortex.o
    0x0800555c   0x00000004   PAD
    0x08005560   0x000000c8   Code   RO         4452    i.__hardfp_cos      m_wm.l(cos.o)
    0x08005628   0x00000014   Code   RO         4464    i.__hardfp_fabs     m_wm.l(fabs.o)
    0x0800563c   0x00000004   PAD
    0x08005640   0x000000c8   Code   RO         4470    i.__hardfp_sin      m_wm.l(sin.o)
    0x08005708   0x0000007a   Code   RO         4482    i.__hardfp_sqrt     m_wm.l(sqrt_full.o)
    0x08005782   0x00000006   PAD
    0x08005788   0x00000438   Code   RO         4542    i.__ieee754_rem_pio2  m_wm.l(rred.o)
    0x08005bc0   0x00000170   Code   RO         4525    i.__kernel_cos      m_wm.l(cos_i.o)
    0x08005d30   0x000000f8   Code   RO         4591    i.__kernel_poly     m_wm.l(poly.o)
    0x08005e28   0x00000130   Code   RO         4547    i.__kernel_sin      m_wm.l(sin_i.o)
    0x08005f58   0x00000014   Code   RO         4529    i.__mathlib_dbl_infnan  m_wm.l(dunder.o)
    0x08005f6c   0x00000004   PAD
    0x08005f70   0x00000020   Code   RO         4531    i.__mathlib_dbl_invalid  m_wm.l(dunder.o)
    0x08005f90   0x00000020   Code   RO         4534    i.__mathlib_dbl_underflow  m_wm.l(dunder.o)
    0x08005fb0   0x0000000e   Code   RO         4597    i.__scatterload_copy  mc_w.l(handlers.o)
    0x08005fbe   0x00000002   Code   RO         4598    i.__scatterload_null  mc_w.l(handlers.o)
    0x08005fc0   0x0000000e   Code   RO         4599    i.__scatterload_zeroinit  mc_w.l(handlers.o)
    0x08005fce   0x00000002   PAD
    0x08005fd0   0x0000000c   Code   RO         4575    i.__set_errno       mc_w.l(errno.o)
    0x08005fdc   0x00000016   Code   RO         4035    i.constrain         calculate.o
    0x08005ff2   0x0000002a   Code   RO         4036    i.constrain_float   calculate.o
    0x0800601c   0x00000040   Code   RO         3554    i.dbus_uart_init    bsp_uart.o
    0x0800605c   0x00000008   Code   RO         3555    i.dma_current_data_counter  bsp_uart.o
    0x08006064   0x0000006c   Code   RO         3454    i.drv_can_init      bsp_can.o
    0x080060d0   0x00000018   Code   RO         4466    i.fabs              m_wm.l(fabs.o)
    0x080060e8   0x00000068   Code   RO         3872    i.init_system       system.o
    0x08006150   0x00000010   Code   RO           15    i.main              main.o
    0x08006160   0x0000012c   Code   RO         3556    i.rc_callback_handler  bsp_uart.o
    0x0800628c   0x00000048   Code   RO         3557    i.uart_receive_dma_no_it  bsp_uart.o
    0x080062d4   0x00000022   Code   RO         3558    i.uart_receive_handler  bsp_uart.o
    0x080062f6   0x00000002   PAD
    0x080062f8   0x00000070   Code   RO         3559    i.uart_rx_idle_callback  bsp_uart.o
    0x08006368   0x00000028   Code   RO         3816    i.usart3_dma_init   usart3_dma.o
    0x08006390   0x00000058   Code   RO         3817    i.usart3_rx_handle  usart3_dma.o
    0x080063e8   0x00000008   Data   RO         2714    .constdata          stm32f4xx_hal_dma.o
    0x080063f0   0x00000018   Data   RO         3406    .constdata          system_stm32f4xx.o
    0x08006408   0x00000302   Data   RO         3674    .constdata          crc.o
    0x0800670a   0x00000006   PAD
    0x08006710   0x00000030   Data   RO         4526    .constdata          m_wm.l(cos_i.o)
    0x08006740   0x000000c8   Data   RO         4544    .constdata          m_wm.l(rred.o)
    0x08006808   0x00000028   Data   RO         4548    .constdata          m_wm.l(sin_i.o)
    0x08006830   0x00000020   Data   RO         4595    Region$$Table       anon$$obj.o


    Execution Region RW_IRAM1 (Base: 0x20000000, Size: 0x00000e30, Max: 0x00030000, ABSOLUTE, COMPRESSED[0x0000002c])

    Base Addr    Size         Type   Attr      Idx    E Section Name        Object

    0x20000000   0x00000009   Data   RW         3166    .data               stm32f4xx_hal.o
    0x20000009   0x00000003   PAD
    0x2000000c   0x00000004   Data   RW         3407    .data               system_stm32f4xx.o
    0x20000010   0x0000000c   Data   RW         3456    .data               bsp_can.o
    0x2000001c   0x00000001   Data   RW         3561    .data               bsp_uart.o
    0x2000001d   0x00000001   PAD
    0x2000001e   0x00000002   Data   RW         3675    .data               crc.o
    0x20000020   0x00000036   Data   RW         3731    .data               judgement.o
    0x20000056   0x00000002   PAD
    0x20000058   0x0000002c   Data   RW         3874    .data               system.o
    0x20000084   0x000000c8   Data   RW         4126    .data               chassic.o
    0x2000014c   0x00000004   Data   RW         4576    .data               mc_w.l(errno.o)
    0x20000150   0x00000050   Zero   RW          259    .bss                can.o
    0x200001a0   0x000002e0   Zero   RW          333    .bss                usart.o
    0x20000480   0x00000048   Zero   RW         3455    .bss                bsp_can.o
    0x200004c8   0x00000028   Zero   RW         3560    .bss                bsp_uart.o
    0x200004f0   0x00000040   Zero   RW         3626    .bss                user_tim.o
    0x20000530   0x000002e5   Zero   RW         3730    .bss                judgement.o
    0x20000815   0x000000c8   Zero   RW         3818    .bss                usart3_dma.o
    0x200008dd   0x00000003   PAD
    0x200008e0   0x0000003c   Zero   RW         3873    .bss                system.o
    0x2000091c   0x00000110   Zero   RW         4125    .bss                chassic.o
    0x20000a2c   0x00000004   PAD
    0x20000a30   0x00000400   Zero   RW            1    STACK               startup_stm32f427xx.o


==============================================================================

Image component sizes


      Code (inc. data)   RO Data    RW Data    ZI Data      Debug   Object Name

       772         80          0         12         72       5782   bsp_can.o
       590         26          0          1         40       6412   bsp_uart.o
       186          0          0          0          0       2157   calculate.o
       452         38          0          0         80       2310   can.o
      6220        630          0        200        272      15709   chassic.o
       200         14        770          2          0       3365   crc.o
       136          6          0          0          0        806   dma.o
        34          0          0          0          0        572   gimbal.o
       252         14          0          0          0       1003   gpio.o
       532         92          0         54        741       8409   judgement.o
        18          0          0          0          0     764503   main.o
        36          8        428          0       1024        836   startup_stm32f427xx.o
       172         32          0          9          0       3917   stm32f4xx_hal.o
      2130          6          0          0          0      12520   stm32f4xx_hal_can.o
       304         22          0          0          0      34451   stm32f4xx_hal_cortex.o
      1378         16          8          0          0       7094   stm32f4xx_hal_dma.o
       552         54          0          0          0       2324   stm32f4xx_hal_gpio.o
        72          4          0          0          0        830   stm32f4xx_hal_msp.o
      1732         84          0          0          0       5528   stm32f4xx_hal_rcc.o
       310         46          0          0          0       2541   stm32f4xx_hal_tim.o
      2060         26          0          0          0      11712   stm32f4xx_hal_uart.o
       232         68          0          0          0      10020   stm32f4xx_it.o
       482         46          0         44         60       6375   system.o
       100         18         24          4          0       1155   system_stm32f4xx.o
      1068        100          0          0        736       4122   usart.o
       266         18          0          0        200       3075   usart3_dma.o
       140         26          0          0         64       2087   user_tim.o

    ----------------------------------------------------------------------
     20454       1478       1268        332       3296     919615   Object Totals
         0          0         32          0          0          0   (incl. Generated)
        28          4          6          6          7          0   (incl. Padding)

    ----------------------------------------------------------------------

      Code (inc. data)   RO Data    RW Data    ZI Data      Debug   Library Member Name

       200         20          0          0          0        164   cos.o
       368         46         48          0          0        200   cos_i.o
        84         16          0          0          0        372   dunder.o
        44          0          0          0          0        248   fabs.o
        48          0          0          0          0        124   fpclassify.o
       248          0          0          0          0        152   poly.o
      1080        142        200          0          0        188   rred.o
       200         20          0          0          0        164   sin.o
       304         24         40          0          0        208   sin_i.o
       122          0          0          0          0        148   sqrt_full.o
        58          0          0          0          0          0   __dczerorl.o
         0          0          0          0          0          0   entry.o
         0          0          0          0          0          0   entry10a.o
         0          0          0          0          0          0   entry11a.o
         8          4          0          0          0          0   entry2.o
         4          0          0          0          0          0   entry5.o
         0          0          0          0          0          0   entry7b.o
         0          0          0          0          0          0   entry8b.o
         8          4          0          0          0          0   entry9a.o
        12          6          0          4          0         68   errno.o
        30          0          0          0          0          0   handlers.o
        36          8          0          0          0         68   init.o
         0          0          0          0          0          0   iusefp.o
        30          0          0          0          0         68   llshl.o
        36          0          0          0          0         68   llsshr.o
        32          0          0          0          0         68   llushr.o
        36          0          0          0          0         68   memcpya.o
        36          0          0          0          0        108   memseta.o
        98          0          0          0          0         92   uldiv.o
        48          0          0          0          0         68   cdcmple.o
        48          0          0          0          0         68   cdrcmple.o
        56          0          0          0          0         88   d2f.o
       334          0          0          0          0        148   dadd.o
       222          0          0          0          0        100   ddiv.o
       186          0          0          0          0        176   depilogue.o
        62          0          0          0          0         80   dfixi.o
        34          0          0          0          0         76   dflti.o
        26          0          0          0          0         76   dfltui.o
       228          0          0          0          0         96   dmul.o
       162          0          0          0          0        100   dsqrt.o
        38          0          0          0          0         68   f2d.o
       110          0          0          0          0        168   fepilogue.o

    ----------------------------------------------------------------------
      4694        290        288          4          0       3888   Library Totals
        18          0          0          0          0          0   (incl. Padding)

    ----------------------------------------------------------------------

      Code (inc. data)   RO Data    RW Data    ZI Data      Debug   Library Name

      2698        268        288          0          0       1968   m_wm.l
       424         22          0          4          0        608   mc_w.l
      1554          0          0          0          0       1312   mf_w.l

    ----------------------------------------------------------------------
      4694        290        288          4          0       3888   Library Totals

    ----------------------------------------------------------------------

==============================================================================


      Code (inc. data)   RO Data    RW Data    ZI Data      Debug   

     25148       1768       1556        336       3296     907651   Grand Totals
     25148       1768       1556         44       3296     907651   ELF Image Totals (compressed)
     25148       1768       1556         44          0          0   ROM Totals

==============================================================================

    Total RO  Size (Code + RO Data)                26704 (  26.08kB)
    Total RW  Size (RW Data + ZI Data)              3632 (   3.55kB)
    Total ROM Size (Code + RO Data + RW Data)      26748 (  26.12kB)

==============================================================================

