Component: ARM Compiler 5.06 update 3 (build 300) Tool: armlink [4d35c9]

==============================================================================

Section Cross References

    startup_stm32f427xx.o(RESET) refers to startup_stm32f427xx.o(STACK) for __initial_sp
    startup_stm32f427xx.o(RESET) refers to startup_stm32f427xx.o(.text) for Reset_Handler
    startup_stm32f427xx.o(RESET) refers to stm32f4xx_it.o(i.NMI_Handler) for NMI_Handler
    startup_stm32f427xx.o(RESET) refers to stm32f4xx_it.o(i.HardFault_Handler) for HardFault_Handler
    startup_stm32f427xx.o(RESET) refers to stm32f4xx_it.o(i.MemManage_Handler) for MemManage_Handler
    startup_stm32f427xx.o(RESET) refers to stm32f4xx_it.o(i.BusFault_Handler) for BusFault_Handler
    startup_stm32f427xx.o(RESET) refers to stm32f4xx_it.o(i.UsageFault_Handler) for UsageFault_Handler
    startup_stm32f427xx.o(RESET) refers to stm32f4xx_it.o(i.SVC_Handler) for SVC_Handler
    startup_stm32f427xx.o(RESET) refers to stm32f4xx_it.o(i.DebugMon_Handler) for DebugMon_Handler
    startup_stm32f427xx.o(RESET) refers to stm32f4xx_it.o(i.PendSV_Handler) for PendSV_Handler
    startup_stm32f427xx.o(RESET) refers to stm32f4xx_it.o(i.SysTick_Handler) for SysTick_Handler
    startup_stm32f427xx.o(RESET) refers to stm32f4xx_it.o(i.DMA1_Stream1_IRQHandler) for DMA1_Stream1_IRQHandler
    startup_stm32f427xx.o(RESET) refers to stm32f4xx_it.o(i.DMA1_Stream6_IRQHandler) for DMA1_Stream6_IRQHandler
    startup_stm32f427xx.o(RESET) refers to stm32f4xx_it.o(i.CAN1_TX_IRQHandler) for CAN1_TX_IRQHandler
    startup_stm32f427xx.o(RESET) refers to stm32f4xx_it.o(i.CAN1_RX0_IRQHandler) for CAN1_RX0_IRQHandler
    startup_stm32f427xx.o(RESET) refers to user_tim.o(i.TIM3_IRQHandler) for TIM3_IRQHandler
    startup_stm32f427xx.o(RESET) refers to stm32f4xx_it.o(i.USART1_IRQHandler) for USART1_IRQHandler
    startup_stm32f427xx.o(RESET) refers to stm32f4xx_it.o(i.USART2_IRQHandler) for USART2_IRQHandler
    startup_stm32f427xx.o(RESET) refers to stm32f4xx_it.o(i.USART3_IRQHandler) for USART3_IRQHandler
    startup_stm32f427xx.o(RESET) refers to stm32f4xx_it.o(i.DMA2_Stream2_IRQHandler) for DMA2_Stream2_IRQHandler
    startup_stm32f427xx.o(RESET) refers to stm32f4xx_it.o(i.CAN2_TX_IRQHandler) for CAN2_TX_IRQHandler
    startup_stm32f427xx.o(RESET) refers to stm32f4xx_it.o(i.CAN2_RX0_IRQHandler) for CAN2_RX0_IRQHandler
    startup_stm32f427xx.o(.text) refers to system_stm32f4xx.o(i.SystemInit) for SystemInit
    startup_stm32f427xx.o(.text) refers to entry.o(.ARM.Collect$$$$00000000) for __main
    main.o(i.SystemClock_Config) refers to memseta.o(.text) for __aeabi_memclr4
    main.o(i.SystemClock_Config) refers to stm32f4xx_hal_rcc.o(i.HAL_RCC_OscConfig) for HAL_RCC_OscConfig
    main.o(i.SystemClock_Config) refers to main.o(i.Error_Handler) for Error_Handler
    main.o(i.SystemClock_Config) refers to stm32f4xx_hal_rcc.o(i.HAL_RCC_ClockConfig) for HAL_RCC_ClockConfig
    main.o(i.led_cfg) refers to stm32f4xx_hal_gpio.o(i.HAL_GPIO_WritePin) for HAL_GPIO_WritePin
    main.o(i.led_cfg) refers to main.o(.data) for x
    main.o(i.main) refers to stm32f4xx_hal.o(i.HAL_Init) for HAL_Init
    main.o(i.main) refers to main.o(i.SystemClock_Config) for SystemClock_Config
    main.o(i.main) refers to gpio.o(i.MX_GPIO_Init) for MX_GPIO_Init
    main.o(i.main) refers to dma.o(i.MX_DMA_Init) for MX_DMA_Init
    main.o(i.main) refers to can.o(i.MX_CAN1_Init) for MX_CAN1_Init
    main.o(i.main) refers to can.o(i.MX_CAN2_Init) for MX_CAN2_Init
    main.o(i.main) refers to usart.o(i.MX_USART1_UART_Init) for MX_USART1_UART_Init
    main.o(i.main) refers to usart.o(i.MX_USART2_UART_Init) for MX_USART2_UART_Init
    main.o(i.main) refers to usart.o(i.MX_USART3_UART_Init) for MX_USART3_UART_Init
    main.o(i.main) refers to user_tim.o(i.MX_TIM3_Init) for MX_TIM3_Init
    main.o(i.main) refers to usart3_dma.o(i.usart3_dma_init) for usart3_dma_init
    main.o(i.main) refers to chassic_1.o(i.CHASSIS_InitArgument) for CHASSIS_InitArgument
    main.o(i.main) refers to bsp_uart.o(i.dbus_uart_init) for dbus_uart_init
    main.o(i.main) refers to bsp_can.o(i.drv_can_init) for drv_can_init
    main.o(i.main) refers to chassic_1.o(i.Task_Chassis) for Task_Chassis
    main.o(i.main) refers to freecars_usart.o(i.FreeCars_Send) for FreeCars_Send
    main.o(i.main) refers to user_tim.o(i.delay) for delay
    main.o(i.main) refers to bsp_can.o(i.CAN2_send_RM) for CAN2_send_RM
    main.o(i.main) refers to main.o(.data) for set_gimbal
    main.o(i.main) refers to bsp_uart.o(.data) for RM_Update_Flag
    gpio.o(i.MX_GPIO_Init) refers to memseta.o(.text) for __aeabi_memclr4
    gpio.o(i.MX_GPIO_Init) refers to stm32f4xx_hal_gpio.o(i.HAL_GPIO_WritePin) for HAL_GPIO_WritePin
    gpio.o(i.MX_GPIO_Init) refers to stm32f4xx_hal_gpio.o(i.HAL_GPIO_Init) for HAL_GPIO_Init
    can.o(i.HAL_CAN_MspDeInit) refers to stm32f4xx_hal_gpio.o(i.HAL_GPIO_DeInit) for HAL_GPIO_DeInit
[...]
    i.Chassis_SpeedZ_PID                     0x08001e5c   Section        0  chassic_1.o(i.Chassis_SpeedZ_PID)
    i.Chassis_set_voltage                    0x08001fe8   Section        0  bsp_can.o(i.Chassis_set_voltage)
    i.DMA1_Stream1_IRQHandler                0x08002048   Section        0  stm32f4xx_it.o(i.DMA1_Stream1_IRQHandler)
    i.DMA1_Stream6_IRQHandler                0x08002058   Section        0  stm32f4xx_it.o(i.DMA1_Stream6_IRQHandler)
    i.DMA2_Stream2_IRQHandler                0x08002068   Section        0  stm32f4xx_it.o(i.DMA2_Stream2_IRQHandler)
    i.DMA_CalcBaseAndBitshift                0x08002078   Section        0  stm32f4xx_hal_dma.o(i.DMA_CalcBaseAndBitshift)
    DMA_CalcBaseAndBitshift                  0x08002079   Thumb Code    46  stm32f4xx_hal_dma.o(i.DMA_CalcBaseAndBitshift)
    i.DMA_CheckFifoParam                     0x080020ac   Section        0  stm32f4xx_hal_dma.o(i.DMA_CheckFifoParam)
    DMA_CheckFifoParam                       0x080020ad   Thumb Code   170  stm32f4xx_hal_dma.o(i.DMA_CheckFifoParam)
    i.DMA_SetConfig                          0x08002156   Section        0  stm32f4xx_hal_dma.o(i.DMA_SetConfig)
    DMA_SetConfig                            0x08002157   Thumb Code    44  stm32f4xx_hal_dma.o(i.DMA_SetConfig)
    i.DebugMon_Handler                       0x08002182   Section        0  stm32f4xx_it.o(i.DebugMon_Handler)
    i.Error_Handler                          0x08002184   Section        0  main.o(i.Error_Handler)
    i.FreeCars_Send                          0x08002188   Section        0  freecars_usart.o(i.FreeCars_Send)
    i.GIMBAL_GetOffsetAngle                  0x080021c0   Section        0  gimbal.o(i.GIMBAL_GetOffsetAngle)
    i.Get_CRC16_Check_Sum                    0x080021f4   Section        0  crc.o(i.Get_CRC16_Check_Sum)
    i.Get_CRC8_Check_Sum                     0x08002228   Section        0  crc.o(i.Get_CRC8_Check_Sum)
    i.HAL_CAN_ActivateNotification           0x0800224c   Section        0  stm32f4xx_hal_can.o(i.HAL_CAN_ActivateNotification)
    i.HAL_CAN_AddTxMessage                   0x08002276   Section        0  stm32f4xx_hal_can.o(i.HAL_CAN_AddTxMessage)
    i.HAL_CAN_ConfigFilter                   0x080023cc   Section        0  stm32f4xx_hal_can.o(i.HAL_CAN_ConfigFilter)
    i.HAL_CAN_ErrorCallback                  0x080024f0   Section        0  stm32f4xx_hal_can.o(i.HAL_CAN_ErrorCallback)
    i.HAL_CAN_GetRxMessage                   0x080024f2   Section        0  stm32f4xx_hal_can.o(i.HAL_CAN_GetRxMessage)
    i.HAL_CAN_IRQHandler                     0x0800266e   Section        0  stm32f4xx_hal_can.o(i.HAL_CAN_IRQHandler)
    i.HAL_CAN_Init                           0x080028bc   Section        0  stm32f4xx_hal_can.o(i.HAL_CAN_Init)
    i.HAL_CAN_MspInit                        0x08002a30   Section        0  can.o(i.HAL_CAN_MspInit)
    i.HAL_CAN_RxFifo0FullCallback            0x08002b6c   Section        0  stm32f4xx_hal_can.o(i.HAL_CAN_RxFifo0FullCallback)
    i.HAL_CAN_RxFifo0MsgPendingCallback      0x08002b70   Section        0  bsp_can.o(i.HAL_CAN_RxFifo0MsgPendingCallback)
    i.HAL_CAN_RxFifo1FullCallback            0x08002c90   Section        0  stm32f4xx_hal_can.o(i.HAL_CAN_RxFifo1FullCallback)
    i.HAL_CAN_RxFifo1MsgPendingCallback      0x08002c92   Section        0  stm32f4xx_hal_can.o(i.HAL_CAN_RxFifo1MsgPendingCallback)
    i.HAL_CAN_SleepCallback                  0x08002c94   Section        0  stm32f4xx_hal_can.o(i.HAL_CAN_SleepCallback)
    i.HAL_CAN_Start                          0x08002c96   Section        0  stm32f4xx_hal_can.o(i.HAL_CAN_Start)
    i.HAL_CAN_TxMailbox0AbortCallback        0x08002cf4   Section        0  stm32f4xx_hal_can.o(i.HAL_CAN_TxMailbox0AbortCallback)
    i.HAL_CAN_TxMailbox0CompleteCallback     0x08002cf8   Section        0  bsp_can.o(i.HAL_CAN_TxMailbox0CompleteCallback)
    i.HAL_CAN_TxMailbox1AbortCallback        0x08002d08   Section        0  stm32f4xx_hal_can.o(i.HAL_CAN_TxMailbox1AbortCallback)
    i.HAL_CAN_TxMailbox1CompleteCallback     0x08002d0c   Section        0  bsp_can.o(i.HAL_CAN_TxMailbox1CompleteCallback)
    i.HAL_CAN_TxMailbox2AbortCallback        0x08002d28   Section        0  stm32f4xx_hal_can.o(i.HAL_CAN_TxMailbox2AbortCallback)
    i.HAL_CAN_TxMailbox2CompleteCallback     0x08002d2c   Section        0  bsp_can.o(i.HAL_CAN_TxMailbox2CompleteCallback)
    i.HAL_CAN_WakeUpFromRxMsgCallback        0x08002d3c   Section        0  stm32f4xx_hal_can.o(i.HAL_CAN_WakeUpFromRxMsgCallback)
    i.HAL_DMA_Abort_IT                       0x08002d3e   Section        0  stm32f4xx_hal_dma.o(i.HAL_DMA_Abort_IT)
    i.HAL_DMA_IRQHandler                     0x08002d68   Section        0  stm32f4xx_hal_dma.o(i.HAL_DMA_IRQHandler)
    i.HAL_DMA_Init                           0x08002fa8   Section        0  stm32f4xx_hal_dma.o(i.HAL_DMA_Init)
    i.HAL_DMA_Start                          0x08003094   Section        0  stm32f4xx_hal_dma.o(i.HAL_DMA_Start)
    i.HAL_GPIO_Init                          0x080030fc   Section        0  stm32f4xx_hal_gpio.o(i.HAL_GPIO_Init)
    i.HAL_GPIO_WritePin                      0x08003318   Section        0  stm32f4xx_hal_gpio.o(i.HAL_GPIO_WritePin)
    i.HAL_GetTick                            0x08003324   Section        0  stm32f4xx_hal.o(i.HAL_GetTick)
    i.HAL_IncTick                            0x08003330   Section        0  stm32f4xx_hal.o(i.HAL_IncTick)
    i.HAL_Init                               0x08003348   Section        0  stm32f4xx_hal.o(i.HAL_Init)
    i.HAL_InitTick                           0x08003384   Section        0  stm32f4xx_hal.o(i.HAL_InitTick)
    i.HAL_MspInit                            0x080033d0   Section        0  stm32f4xx_hal_msp.o(i.HAL_MspInit)
    i.HAL_NVIC_EnableIRQ                     0x08003418   Section        0  stm32f4xx_hal_cortex.o(i.HAL_NVIC_EnableIRQ)
    i.HAL_NVIC_SetPriority                   0x08003438   Section        0  stm32f4xx_hal_cortex.o(i.HAL_NVIC_SetPriority)
    i.HAL_NVIC_SetPriorityGrouping           0x080034b4   Section        0  stm32f4xx_hal_cortex.o(i.HAL_NVIC_SetPriorityGrouping)
    i.HAL_RCC_ClockConfig                    0x080034dc   Section        0  stm32f4xx_hal_rcc.o(i.HAL_RCC_ClockConfig)
    i.HAL_RCC_GetHCLKFreq                    0x0800365c   Section        0  stm32f4xx_hal_rcc.o(i.HAL_RCC_GetHCLKFreq)
    i.HAL_RCC_GetPCLK1Freq                   0x08003668   Section        0  stm32f4xx_hal_rcc.o(i.HAL_RCC_GetPCLK1Freq)
    i.HAL_RCC_GetPCLK2Freq                   0x08003688   Section        0  stm32f4xx_hal_rcc.o(i.HAL_RCC_GetPCLK2Freq)
    i.HAL_RCC_GetSysClockFreq                0x080036a8   Section        0  stm32f4xx_hal_rcc.o(i.HAL_RCC_GetSysClockFreq)
    i.HAL_RCC_OscConfig                      0x08003758   Section        0  stm32f4xx_hal_rcc.o(i.HAL_RCC_OscConfig)
    i.HAL_SYSTICK_Config                     0x08003ba0   Section        0  stm32f4xx_hal_cortex.o(i.HAL_SYSTICK_Config)
    i.HAL_TIMEx_BreakCallback                0x08003bd4   Section        0  stm32f4xx_hal_tim_ex.o(i.HAL_TIMEx_BreakCallback)
    i.HAL_TIMEx_CommutCallback               0x08003bd6   Section        0  stm32f4xx_hal_tim_ex.o(i.HAL_TIMEx_CommutCallback)
    i.HAL_TIM_Base_Init                      0x08003bd8   Section        0  stm32f4xx_hal_tim.o(i.HAL_TIM_Base_Init)
    i.HAL_TIM_Base_MspInit                   0x08003c0c   Section        0  user_tim.o(i.HAL_TIM_Base_MspInit)
    i.HAL_TIM_Base_Start_IT                  0x08003c54   Section        0  stm32f4xx_hal_tim.o(i.HAL_TIM_Base_Start_IT)
    i.HAL_TIM_IC_CaptureCallback             0x08003c7e   Section        0  stm32f4xx_hal_tim.o(i.HAL_TIM_IC_CaptureCallback)
    i.HAL_TIM_IRQHandler                     0x08003c80   Section        0  stm32f4xx_hal_tim.o(i.HAL_TIM_IRQHandler)
    i.HAL_TIM_OC_DelayElapsedCallback        0x08003e16   Section        0  stm32f4xx_hal_tim.o(i.HAL_TIM_OC_DelayElapsedCallback)
    i.HAL_TIM_PWM_PulseFinishedCallback      0x08003e18   Section        0  stm32f4xx_hal_tim.o(i.HAL_TIM_PWM_PulseFinishedCallback)
    i.HAL_TIM_PeriodElapsedCallback          0x08003e1c   Section        0  user_tim.o(i.HAL_TIM_PeriodElapsedCallback)
    i.HAL_TIM_TriggerCallback                0x08003e44   Section        0  stm32f4xx_hal_tim.o(i.HAL_TIM_TriggerCallback)
    i.HAL_UART_ErrorCallback                 0x08003e46   Section        0  stm32f4xx_hal_uart.o(i.HAL_UART_ErrorCallback)
    i.HAL_UART_IRQHandler                    0x08003e48   Section        0  stm32f4xx_hal_uart.o(i.HAL_UART_IRQHandler)
    i.HAL_UART_Init                          0x08003f94   Section        0  stm32f4xx_hal_uart.o(i.HAL_UART_Init)
    i.HAL_UART_MspInit                       0x08004008   Section        0  usart.o(i.HAL_UART_MspInit)
    i.HAL_UART_RxCpltCallback                0x08004350   Section        0  stm32f4xx_hal_uart.o(i.HAL_UART_RxCpltCallback)
    i.HAL_UART_Transmit                      0x08004352   Section        0  stm32f4xx_hal_uart.o(i.HAL_UART_Transmit)
    i.HAL_UART_TxCpltCallback                0x08004428   Section        0  stm32f4xx_hal_uart.o(i.HAL_UART_TxCpltCallback)
    i.HardFault_Handler                      0x0800442a   Section        0  stm32f4xx_it.o(i.HardFault_Handler)
    i.Judge_Read_Data                        0x08004430   Section        0  judgement.o(i.Judge_Read_Data)
    i.KalmanFilter                           0x080045c0   Section        0  kalman.o(i.KalmanFilter)
    i.MX_CAN1_Init                           0x08004648   Section        0  can.o(i.MX_CAN1_Init)
    i.MX_CAN2_Init                           0x0800468c   Section        0  can.o(i.MX_CAN2_Init)
    i.MX_DMA_Init                            0x080046d0   Section        0  dma.o(i.MX_DMA_Init)
    i.MX_GPIO_Init                           0x08004748   Section        0  gpio.o(i.MX_GPIO_Init)
    i.MX_TIM3_Init                           0x08004844   Section        0  user_tim.o(i.MX_TIM3_Init)
    i.MX_USART1_UART_Init                    0x08004874   Section        0  usart.o(i.MX_USART1_UART_Init)
    i.MX_USART2_UART_Init                    0x080048b0   Section        0  usart.o(i.MX_USART2_UART_Init)
    i.MX_USART3_UART_Init                    0x080048e8   Section        0  usart.o(i.MX_USART3_UART_Init)
    i.MemManage_Handler                      0x08004920   Section        0  stm32f4xx_it.o(i.MemManage_Handler)
    i.NMI_Handler                            0x08004924   Section        0  stm32f4xx_it.o(i.NMI_Handler)
    i.PendSV_Handler                         0x08004926   Section        0  stm32f4xx_it.o(i.PendSV_Handler)
    i.SCI_Put                                0x08004928   Section        0  freecars_usart.o(i.SCI_Put)
    i.SVC_Handler                            0x08004940   Section        0  stm32f4xx_it.o(i.SVC_Handler)
    i.SysTick_Handler                        0x08004942   Section        0  stm32f4xx_it.o(i.SysTick_Handler)
    i.SystemClock_Config                     0x0800494c   Section        0  main.o(i.SystemClock_Config)
    i.SystemInit                             0x08004a00   Section        0  system_stm32f4xx.o(i.SystemInit)
    i.TIM3_IRQHandler                        0x08004a64   Section        0  user_tim.o(i.TIM3_IRQHandler)
    i.TIM_Base_SetConfig                     0x08004a74   Section        0  stm32f4xx_hal_tim.o(i.TIM_Base_SetConfig)
    i.Task_Chassis                           0x08004b4c   Section        0  chassic_1.o(i.Task_Chassis)
    i.UART_DMAAbortOnError                   0x08004bf8   Section        0  stm32f4xx_hal_uart.o(i.UART_DMAAbortOnError)
    UART_DMAAbortOnError                     0x08004bf9   Thumb Code    20  stm32f4xx_hal_uart.o(i.UART_DMAAbortOnError)
    i.UART_EndRxTransfer                     0x08004c0c   Section        0  stm32f4xx_hal_uart.o(i.UART_EndRxTransfer)
    UART_EndRxTransfer                       0x08004c0d   Thumb Code    32  stm32f4xx_hal_uart.o(i.UART_EndRxTransfer)
    i.UART_EndTransmit_IT                    0x08004c2c   Section        0  stm32f4xx_hal_uart.o(i.UART_EndTransmit_IT)
    UART_EndTransmit_IT                      0x08004c2d   Thumb Code    32  stm32f4xx_hal_uart.o(i.UART_EndTransmit_IT)
    i.UART_IdleRxCallback                    0x08004c4c   Section        0  usart3_dma.o(i.UART_IdleRxCallback)
    i.UART_Receive_DMA_No_IT                 0x08004c70   Section        0  usart3_dma.o(i.UART_Receive_DMA_No_IT)
    i.UART_Receive_IT                        0x08004cd6   Section        0  stm32f4xx_hal_uart.o(i.UART_Receive_IT)
    UART_Receive_IT                          0x08004cd7   Thumb Code   166  stm32f4xx_hal_uart.o(i.UART_Receive_IT)
    i.UART_SetConfig                         0x08004d7c   Section        0  stm32f4xx_hal_uart.o(i.UART_SetConfig)
    UART_SetConfig                           0x08004d7d   Thumb Code   864  stm32f4xx_hal_uart.o(i.UART_SetConfig)
    i.UART_Transmit_IT                       0x080050e4   Section        0  stm32f4xx_hal_uart.o(i.UART_Transmit_IT)
    UART_Transmit_IT                         0x080050e5   Thumb Code   104  stm32f4xx_hal_uart.o(i.UART_Transmit_IT)
    i.UART_WaitOnFlagUntilTimeout            0x0800514c   Section        0  stm32f4xx_hal_uart.o(i.UART_WaitOnFlagUntilTimeout)
    UART_WaitOnFlagUntilTimeout              0x0800514d   Thumb Code   108  stm32f4xx_hal_uart.o(i.UART_WaitOnFlagUntilTimeout)
    i.USART1_IRQHandler                      0x080051b8   Section        0  stm32f4xx_it.o(i.USART1_IRQHandler)
    i.USART2_IRQHandler                      0x080051cc   Section        0  stm32f4xx_it.o(i.USART2_IRQHandler)
    i.USART3_IRQHandler                      0x080051dc   Section        0  stm32f4xx_it.o(i.USART3_IRQHandler)
    i.UsageFault_Handler                     0x080051f0   Section        0  stm32f4xx_it.o(i.UsageFault_Handler)
    i.Verify_CRC16_Check_Sum                 0x080051f4   Section        0  crc.o(i.Verify_CRC16_Check_Sum)
    i.Verify_CRC8_Check_Sum                  0x08005234   Section        0  crc.o(i.Verify_CRC8_Check_Sum)
    i.__ARM_fpclassify                       0x08005264   Section        0  fpclassify.o(i.__ARM_fpclassify)
    i.__NVIC_GetPriorityGrouping             0x08005294   Section        0  stm32f4xx_hal_cortex.o(i.__NVIC_GetPriorityGrouping)
    __NVIC_GetPriorityGrouping               0x08005295   Thumb Code    10  stm32f4xx_hal_cortex.o(i.__NVIC_GetPriorityGrouping)
    i.__NVIC_SetPriority                     0x080052a4   Section        0  stm32f4xx_hal_cortex.o(i.__NVIC_SetPriority)
    __NVIC_SetPriority                       0x080052a5   Thumb Code    32  stm32f4xx_hal_cortex.o(i.__NVIC_SetPriority)
    i.__hardfp_cos                           0x080052d0   Section        0  cos.o(i.__hardfp_cos)
    i.__hardfp_fabs                          0x08005398   Section        0  fabs.o(i.__hardfp_fabs)
    i.__hardfp_sin                           0x080053b0   Section        0  sin.o(i.__hardfp_sin)
    i.__hardfp_sqrt                          0x08005478   Section        0  sqrt.o(i.__hardfp_sqrt)
    i.__ieee754_rem_pio2                     0x080054f8   Section        0  rred.o(i.__ieee754_rem_pio2)
    i.__kernel_cos                           0x08005930   Section        0  cos_i.o(i.__kernel_cos)
    i.__kernel_poly                          0x08005aa0   Section        0  poly.o(i.__kernel_poly)
    i.__kernel_sin                           0x08005b98   Section        0  sin_i.o(i.__kernel_sin)
    i.__mathlib_dbl_infnan                   0x08005cc8   Section        0  dunder.o(i.__mathlib_dbl_infnan)
    i.__mathlib_dbl_invalid                  0x08005ce0   Section        0  dunder.o(i.__mathlib_dbl_invalid)
    i.__mathlib_dbl_underflow                0x08005d00   Section        0  dunder.o(i.__mathlib_dbl_underflow)
    i.__scatterload_copy                     0x08005d20   Section       14  handlers.o(i.__scatterload_copy)
    i.__scatterload_null                     0x08005d2e   Section        2  handlers.o(i.__scatterload_null)
    i.__scatterload_zeroinit                 0x08005d30   Section       14  handlers.o(i.__scatterload_zeroinit)
    i.__set_errno                            0x08005d40   Section        0  errno.o(i.__set_errno)
    i.constrain                              0x08005d4c   Section        0  chassic_1.o(i.constrain)
    i.constrain_float                        0x08005d62   Section        0  chassic_1.o(i.constrain_float)
    i.dbus_uart_init                         0x08005d8c   Section        0  bsp_uart.o(i.dbus_uart_init)
    i.delay                                  0x08005dcc   Section        0  user_tim.o(i.delay)
    i.dma_current_data_counter               0x08005de4   Section        0  bsp_uart.o(i.dma_current_data_counter)
    i.drv_can_init                           0x08005dec   Section        0  bsp_can.o(i.drv_can_init)
    i.fabs                                   0x08005e58   Section        0  fabs.o(i.fabs)
    i.main                                   0x08005e70   Section        0  main.o(i.main)
    i.push                                   0x08005ed8   Section        0  freecars_usart.o(i.push)
    i.rc_callback_handler                    0x08005f08   Section        0  bsp_uart.o(i.rc_callback_handler)
    i.sendDataToScope                        0x08006034   Section        0  freecars_usart.o(i.sendDataToScope)
    i.uart_receive_dma_no_it                 0x08006080   Section        0  bsp_uart.o(i.uart_receive_dma_no_it)
    uart_receive_dma_no_it                   0x08006081   Thumb Code    72  bsp_uart.o(i.uart_receive_dma_no_it)
    i.uart_receive_handler                   0x080060c8   Section        0  bsp_uart.o(i.uart_receive_handler)
    i.uart_rx_idle_callback                  0x080060ec   Section        0  bsp_uart.o(i.uart_rx_idle_callback)
    uart_rx_idle_callback                    0x080060ed   Thumb Code    98  bsp_uart.o(i.uart_rx_idle_callback)
    i.usart3_dma_init                        0x0800615c   Section        0  usart3_dma.o(i.usart3_dma_init)
    i.usart3_rx_handle                       0x08006184   Section        0  usart3_dma.o(i.usart3_rx_handle)
    .constdata                               0x080061dc   Section        8  stm32f4xx_hal_dma.o(.constdata)
    flagBitshiftOffset                       0x080061dc   Data           8  stm32f4xx_hal_dma.o(.constdata)
    .constdata                               0x080061e4   Section       24  system_stm32f4xx.o(.constdata)
    .constdata                               0x080061fc   Section      770  crc.o(.constdata)
    .constdata                               0x08006500   Section       48  cos_i.o(.constdata)
    C                                        0x08006500   Data          48  cos_i.o(.constdata)
    .constdata                               0x08006530   Section      200  rred.o(.constdata)
    pio2s                                    0x08006530   Data          48  rred.o(.constdata)
    twooverpi                                0x08006560   Data         152  rred.o(.constdata)
    .constdata                               0x080065f8   Section       40  sin_i.o(.constdata)
    S                                        0x080065f8   Data          40  sin_i.o(.constdata)
    .data                                    0x20000000   Section       13  main.o(.data)
    x                                        0x2000000c   Data           1  main.o(.data)
    .data                                    0x2000000d   Section        1  freecars_usart.o(.data)
    .data                                    0x20000010   Section        9  stm32f4xx_hal.o(.data)
    .data                                    0x2000001c   Section        4  system_stm32f4xx.o(.data)
    .data                                    0x20000020   Section        8  bsp_can.o(.data)
    .data                                    0x20000028   Section      196  chassic_1.o(.data)
    rotate_ratio_fl                          0x200000c8   Data           4  chassic_1.o(.data)
    rotate_ratio_fr                          0x200000cc   Data           4  chassic_1.o(.data)
    rotate_ratio_bl                          0x200000d0   Data           4  chassic_1.o(.data)
    rotate_ratio_br                          0x200000d4   Data           4  chassic_1.o(.data)
    wheel_rpm_ratio                          0x200000d8   Data           4  chassic_1.o(.data)
    ErrorPrev                                0x200000dc   Data           2  chassic_1.o(.data)
    ErrorSum                                 0x200000e0   Data           4  chassic_1.o(.data)
    ErrorPR                                  0x200000e4   Data           4  chassic_1.o(.data)
    ErrorPR_KF                               0x200000e8   Data           4  chassic_1.o(.data)
    .data                                    0x200000ec   Section        1  bsp_uart.o(.data)
    .data                                    0x200000ee   Section        2  crc.o(.data)
    .data                                    0x200000f0   Section       38  judgement.o(.data)
    .data                                    0x20000118   Section        4  errno.o(.data)
    _errno                                   0x20000118   Data           4  errno.o(.data)
    .bss                                     0x2000011c   Section       80  can.o(.bss)
    .bss                                     0x2000016c   Section      736  usart.o(.bss)
    .bss                                     0x20000450   Section      216  freecars_usart.o(.bss)
    .bss                                     0x20000528   Section       72  bsp_can.o(.bss)
    .bss                                     0x20000570   Section      300  chassic_1.o(.bss)
    error                                    0x20000690   Data          12  chassic_1.o(.bss)
    .bss                                     0x2000069c   Section       40  bsp_uart.o(.bss)
    .bss                                     0x200006c4   Section       64  user_tim.o(.bss)
    .bss                                     0x20000704   Section      298  judgement.o(.bss)
    .bss                                     0x2000082e   Section      200  usart3_dma.o(.bss)
    STACK                                    0x200008f8   Section     1024  startup_stm32f427xx.o(STACK)

    Global Symbols

    Symbol Name                              Value     Ov Type        Size  Object(Section)

    BuildAttributes$$THM_ISAv4$E$P$D$K$B$S$7EM$VFPi3$EXTD16$VFPS$VFMA$PE$A:L22UL41UL21$X:L11$S22US41US21$IEEE1$IW$USESV6$~STKCKD$USESV7$~SHL$OTIME$ROPI$IEEEX$EBA8$MICROLIB$REQ8$PRES8$EABIv2 0x00000000   Number         0  anon$$obj.o ABSOLUTE
    __ARM_use_no_argv                        0x00000000   Number         0  main.o ABSOLUTE
    __cpp_initialize__aeabi_                  - Undefined Weak Reference
    __cxa_finalize                            - Undefined Weak Reference
    __decompress                              - Undefined Weak Reference
    _clock_init                               - Undefined Weak Reference
    _microlib_exit                            - Undefined Weak Reference
    __Vectors_Size                           0x000001ac   Number         0  startup_stm32f427xx.o ABSOLUTE
    __Vectors                                0x08000000   Data           4  startup_stm32f427xx.o(RESET)
    __Vectors_End                            0x080001ac   Data           0  startup_stm32f427xx.o(RESET)
    __main                                   0x080001ad   Thumb Code     0  entry.o(.ARM.Collect$$$$00000000)
    _main_stk                                0x080001ad   Thumb Code     0  entry2.o(.ARM.Collect$$$$00000001)
    _main_scatterload                        0x080001b1   Thumb Code     0  entry5.o(.ARM.Collect$$$$00000004)
    __main_after_scatterload                 0x080001b5   Thumb Code     0  entry5.o(.ARM.Collect$$$$00000004)
    _main_clock                              0x080001b5   Thumb Code     0  entry7b.o(.ARM.Collect$$$$00000008)
    _main_cpp_init                           0x080001b5   Thumb Code     0  entry8b.o(.ARM.Collect$$$$0000000A)
    _main_init                               0x080001b5   Thumb Code     0  entry9a.o(.ARM.Collect$$$$0000000B)
    __rt_final_cpp                           0x080001bd   Thumb Code     0  entry10a.o(.ARM.Collect$$$$0000000D)
    __rt_final_exit                          0x080001bd   Thumb Code     0  entry11a.o(.ARM.Collect$$$$0000000F)
    Reset_Handler                            0x080001c1   Thumb Code     8  startup_stm32f427xx.o(.text)
    ADC_IRQHandler                           0x080001db   Thumb Code     0  startup_stm32f427xx.o(.text)
    CAN1_RX1_IRQHandler                      0x080001db   Thumb Code     0  startup_stm32f427xx.o(.text)
    CAN1_SCE_IRQHandler                      0x080001db   Thumb Code     0  startup_stm32f427xx.o(.text)
    CAN2_RX1_IRQHandler                      0x080001db   Thumb Code     0  startup_stm32f427xx.o(.text)
    CAN2_SCE_IRQHandler                      0x080001db   Thumb Code     0  startup_stm32f427xx.o(.text)
    DCMI_IRQHandler                          0x080001db   Thumb Code     0  startup_stm32f427xx.o(.text)
    DMA1_Stream0_IRQHandler                  0x080001db   Thumb Code     0  startup_stm32f427xx.o(.text)
    DMA1_Stream2_IRQHandler                  0x080001db   Thumb Code     0  startup_stm32f427xx.o(.text)
    DMA1_Stream3_IRQHandler                  0x080001db   Thumb Code     0  startup_stm32f427xx.o(.text)
    DMA1_Stream4_IRQHandler                  0x080001db   Thumb Code     0  startup_stm32f427xx.o(.text)
    DMA1_Stream5_IRQHandler                  0x080001db   Thumb Code     0  startup_stm32f427xx.o(.text)
    DMA1_Stream7_IRQHandler                  0x080001db   Thumb Code     0  startup_stm32f427xx.o(.text)
    DMA2D_IRQHandler                         0x080001db   Thumb Code     0  startup_stm32f427xx.o(.text)
    DMA2_Stream0_IRQHandler                  0x080001db   Thumb Code     0  startup_stm32f427xx.o(.text)
    DMA2_Stream1_IRQHandler                  0x080001db   Thumb Code     0  startup_stm32f427xx.o(.text)
    DMA2_Stream3_IRQHandler                  0x080001db   Thumb Code     0  startup_stm32f427xx.o(.text)
    DMA2_Stream4_IRQHandler                  0x080001db   Thumb Code     0  startup_stm32f427xx.o(.text)
    DMA2_Stream5_IRQHandler                  0x080001db   Thumb Code     0  startup_stm32f427xx.o(.text)
    DMA2_Stream6_IRQHandler                  0x080001db   Thumb Code     0  startup_stm32f427xx.o(.text)
    DMA2_Stream7_IRQHandler                  0x080001db   Thumb Code     0  startup_stm32f427xx.o(.text)
    ETH_IRQHandler                           0x080001db   Thumb Code     0  startup_stm32f427xx.o(.text)
    ETH_WKUP_IRQHandler                      0x080001db   Thumb Code     0  startup_stm32f427xx.o(.text)
    EXTI0_IRQHandler                         0x080001db   Thumb Code     0  startup_stm32f427xx.o(.text)
    EXTI15_10_IRQHandler                     0x080001db   Thumb Code     0  startup_stm32f427xx.o(.text)
    EXTI1_IRQHandler                         0x080001db   Thumb Code     0  startup_stm32f427xx.o(.text)
    EXTI2_IRQHandler                         0x080001db   Thumb Code     0  startup_stm32f427xx.o(.text)
    EXTI3_IRQHandler                         0x080001db   Thumb Code     0  startup_stm32f427xx.o(.text)
    EXTI4_IRQHandler                         0x080001db   Thumb Code     0  startup_stm32f427xx.o(.text)
    EXTI9_5_IRQHandler                       0x080001db   Thumb Code     0  startup_stm32f427xx.o(.text)
    FLASH_IRQHandler                         0x080001db   Thumb Code     0  startup_stm32f427xx.o(.text)
    FMC_IRQHandler                           0x080001db   Thumb Code     0  startup_stm32f427xx.o(.text)
    FPU_IRQHandler                           0x080001db   Thumb Code     0  startup_stm32f427xx.o(.text)
    HASH_RNG_IRQHandler                      0x080001db   Thumb Code     0  startup_stm32f427xx.o(.text)
    I2C1_ER_IRQHandler                       0x080001db   Thumb Code     0  startup_stm32f427xx.o(.text)
    I2C1_EV_IRQHandler                       0x080001db   Thumb Code     0  startup_stm32f427xx.o(.text)
    I2C2_ER_IRQHandler                       0x080001db   Thumb Code     0  startup_stm32f427xx.o(.text)
    I2C2_EV_IRQHandler                       0x080001db   Thumb Code     0  startup_stm32f427xx.o(.text)
    I2C3_ER_IRQHandler                       0x080001db   Thumb Code     0  startup_stm32f427xx.o(.text)
    I2C3_EV_IRQHandler                       0x080001db   Thumb Code     0  startup_stm32f427xx.o(.text)
    OTG_FS_IRQHandler                        0x080001db   Thumb Code     0  startup_stm32f427xx.o(.text)
    OTG_FS_WKUP_IRQHandler                   0x080001db   Thumb Code     0  startup_stm32f427xx.o(.text)
    OTG_HS_EP1_IN_IRQHandler                 0x080001db   Thumb Code     0  startup_stm32f427xx.o(.text)
    OTG_HS_EP1_OUT_IRQHandler                0x080001db   Thumb Code     0  startup_stm32f427xx.o(.text)
    OTG_HS_IRQHandler                        0x080001db   Thumb Code     0  startup_stm32f427xx.o(.text)
    OTG_HS_WKUP_IRQHandler                   0x080001db   Thumb Code     0  startup_stm32f427xx.o(.text)
    PVD_IRQHandler                           0x080001db   Thumb Code     0  startup_stm32f427xx.o(.text)
    RCC_IRQHandler                           0x080001db   Thumb Code     0  startup_stm32f427xx.o(.text)
    RTC_Alarm_IRQHandler                     0x080001db   Thumb Code     0  startup_stm32f427xx.o(.text)
    RTC_WKUP_IRQHandler                      0x080001db   Thumb Code     0  startup_stm32f427xx.o(.text)
    SAI1_IRQHandler                          0x080001db   Thumb Code     0  startup_stm32f427xx.o(.text)
    SDIO_IRQHandler                          0x080001db   Thumb Code     0  startup_stm32f427xx.o(.text)
    SPI1_IRQHandler                          0x080001db   Thumb Code     0  startup_stm32f427xx.o(.text)
    SPI2_IRQHandler                          0x080001db   Thumb Code     0  startup_stm32f427xx.o(.text)
    SPI3_IRQHandler                          0x080001db   Thumb Code     0  startup_stm32f427xx.o(.text)
    SPI4_IRQHandler                          0x080001db   Thumb Code     0  startup_stm32f427xx.o(.text)
    SPI5_IRQHandler                          0x080001db   Thumb Code     0  startup_stm32f427xx.o(.text)
    SPI6_IRQHandler                          0x080001db   Thumb Code     0  startup_stm32f427xx.o(.text)
    TAMP_STAMP_IRQHandler                    0x080001db   Thumb Code     0  startup_stm32f427xx.o(.text)
    TIM1_BRK_TIM9_IRQHandler                 0x080001db   Thumb Code     0  startup_stm32f427xx.o(.text)
    TIM1_CC_IRQHandler                       0x080001db   Thumb Code     0  startup_stm32f427xx.o(.text)
    TIM1_TRG_COM_TIM11_IRQHandler            0x080001db   Thumb Code     0  startup_stm32f427xx.o(.text)
    TIM1_UP_TIM10_IRQHandler                 0x080001db   Thumb Code     0  startup_stm32f427xx.o(.text)
    TIM2_IRQHandler                          0x080001db   Thumb Code     0  startup_stm32f427xx.o(.text)
    TIM4_IRQHandler                          0x080001db   Thumb Code     0  startup_stm32f427xx.o(.text)
    TIM5_IRQHandler                          0x080001db   Thumb Code     0  startup_stm32f427xx.o(.text)
    TIM6_DAC_IRQHandler                      0x080001db   Thumb Code     0  startup_stm32f427xx.o(.text)
    TIM7_IRQHandler                          0x080001db   Thumb Code     0  startup_stm32f427xx.o(.text)
    TIM8_BRK_TIM12_IRQHandler                0x080001db   Thumb Code     0  startup_stm32f427xx.o(.text)
    TIM8_CC_IRQHandler                       0x080001db   Thumb Code     0  startup_stm32f427xx.o(.text)
    TIM8_TRG_COM_TIM14_IRQHandler            0x080001db   Thumb Code     0  startup_stm32f427xx.o(.text)
    TIM8_UP_TIM13_IRQHandler                 0x080001db   Thumb Code     0  startup_stm32f427xx.o(.text)
    UART4_IRQHandler                         0x080001db   Thumb Code     0  startup_stm32f427xx.o(.text)
    UART5_IRQHandler                         0x080001db   Thumb Code     0  startup_stm32f427xx.o(.text)
    UART7_IRQHandler                         0x080001db   Thumb Code     0  startup_stm32f427xx.o(.text)
    UART8_IRQHandler                         0x080001db   Thumb Code     0  startup_stm32f427xx.o(.text)
    USART6_IRQHandler                        0x080001db   Thumb Code     0  startup_stm32f427xx.o(.text)
    WWDG_IRQHandler                          0x080001db   Thumb Code     0  startup_stm32f427xx.o(.text)
    __aeabi_uldivmod                         0x080001e5   Thumb Code    98  uldiv.o(.text)
    __aeabi_memcpy                           0x08000247   Thumb Code    36  memcpya.o(.text)
    __aeabi_memcpy4                          0x08000247   Thumb Code     0  memcpya.o(.text)
    __aeabi_memcpy8                          0x08000247   Thumb Code     0  memcpya.o(.text)
    __aeabi_memset                           0x0800026b   Thumb Code    14  memseta.o(.text)
    __aeabi_memset4                          0x0800026b   Thumb Code     0  memseta.o(.text)
    __aeabi_memset8                          0x0800026b   Thumb Code     0  memseta.o(.text)
    __aeabi_memclr                           0x08000279   Thumb Code     4  memseta.o(.text)
    __aeabi_memclr4                          0x08000279   Thumb Code     0  memseta.o(.text)
    __aeabi_memclr8                          0x08000279   Thumb Code     0  memseta.o(.text)
    _memset$wrapper                          0x0800027d   Thumb Code    18  memseta.o(.text)
    __aeabi_dadd                             0x0800028f   Thumb Code   322  dadd.o(.text)
    __aeabi_dsub                             0x080003d1   Thumb Code     6  dadd.o(.text)
    __aeabi_drsub                            0x080003d7   Thumb Code     6  dadd.o(.text)
    __aeabi_dmul                             0x080003dd   Thumb Code   228  dmul.o(.text)
    __aeabi_ddiv                             0x080004c1   Thumb Code   222  ddiv.o(.text)
    __aeabi_i2d                              0x0800059f   Thumb Code    34  dflti.o(.text)
    __aeabi_ui2d                             0x080005c1   Thumb Code    26  dfltui.o(.text)
    __aeabi_d2iz                             0x080005db   Thumb Code    62  dfixi.o(.text)
    __aeabi_f2d                              0x08000619   Thumb Code    38  f2d.o(.text)
    __aeabi_cdcmpeq                          0x08000641   Thumb Code     0  cdcmple.o(.text)
    __aeabi_cdcmple                          0x08000641   Thumb Code    48  cdcmple.o(.text)
    __aeabi_cdrcmple                         0x08000671   Thumb Code    48  cdrcmple.o(.text)
    __aeabi_d2f                              0x080006a1   Thumb Code    56  d2f.o(.text)
    __aeabi_llsl                             0x080006d9   Thumb Code    30  llshl.o(.text)
    _ll_shift_l                              0x080006d9   Thumb Code     0  llshl.o(.text)
    __aeabi_llsr                             0x080006f7   Thumb Code    32  llushr.o(.text)
    _ll_ushift_r                             0x080006f7   Thumb Code     0  llushr.o(.text)
    __aeabi_lasr                             0x08000717   Thumb Code    36  llsshr.o(.text)
    _ll_sshift_r                             0x08000717   Thumb Code     0  llsshr.o(.text)
    __I$use$fp                               0x0800073b   Thumb Code     0  iusefp.o(.text)
    _float_round                             0x0800073b   Thumb Code    18  fepilogue.o(.text)
    _float_epilogue                          0x0800074d   Thumb Code    92  fepilogue.o(.text)
    _double_round                            0x080007a9   Thumb Code    30  depilogue.o(.text)
    _double_epilogue                         0x080007c7   Thumb Code   156  depilogue.o(.text)
    _dsqrt                                   0x08000863   Thumb Code   162  dsqrt.o(.text)
    __scatterload                            0x08000905   Thumb Code    28  init.o(.text)
    __scatterload_rt2                        0x08000905   Thumb Code     0  init.o(.text)
    BusFault_Handler                         0x08000929   Thumb Code     4  stm32f4xx_it.o(i.BusFault_Handler)
    CAN1_RX0_IRQHandler                      0x0800092d   Thumb Code    10  stm32f4xx_it.o(i.CAN1_RX0_IRQHandler)
    CAN1_TX_IRQHandler                       0x0800093d   Thumb Code    10  stm32f4xx_it.o(i.CAN1_TX_IRQHandler)
    CAN2_RX0_IRQHandler                      0x0800094d   Thumb Code    10  stm32f4xx_it.o(i.CAN2_RX0_IRQHandler)
    CAN2_TX_IRQHandler                       0x0800095d   Thumb Code    10  stm32f4xx_it.o(i.CAN2_TX_IRQHandler)
    CAN2_send_RM                             0x0800096d   Thumb Code    22  bsp_can.o(i.CAN2_send_RM)
    CAN2_send_RM1                            0x08000989   Thumb Code   106  bsp_can.o(i.CAN2_send_RM1)
    CAN2_send_RM2                            0x080009fd   Thumb Code   106  bsp_can.o(i.CAN2_send_RM2)
    CAN2_send_RM3                            0x08000a71   Thumb Code    98  bsp_can.o(i.CAN2_send_RM3)
    CHASSIS_CORGI_Mode_Ctrl                  0x08000add   Thumb Code   500  chassic_1.o(i.CHASSIS_CORGI_Mode_Ctrl)
    CHASSIS_InitArgument                     0x08000d09   Thumb Code   100  chassic_1.o(i.CHASSIS_InitArgument)
    CHASSIS_REST                             0x08000d7d   Thumb Code    42  chassic_1.o(i.CHASSIS_REST)
    CHAS_Key_Ctrl                            0x08000dbd   Thumb Code   120  chassic_1.o(i.CHAS_Key_Ctrl)
    CHAS_Rc_Ctrl                             0x08000e49   Thumb Code  1084  chassic_1.o(i.CHAS_Rc_Ctrl)
    Chassis_Key_MoveRamp                     0x08001285   Thumb Code   190  chassic_1.o(i.Chassis_Key_MoveRamp)
    Chassis_Keyboard_Move_Calculate          0x08001351   Thumb Code  1468  chassic_1.o(i.Chassis_Keyboard_Move_Calculate)
    Chassis_MotorOutput                      0x0800194d   Thumb Code    28  chassic_1.o(i.Chassis_MotorOutput)
    Chassis_Motor_Speed_PID                  0x08001969   Thumb Code   534  chassic_1.o(i.Chassis_Motor_Speed_PID)
    Chassis_Mouse_Move_Calculate             0x08001bc1   Thumb Code     2  chassic_1.o(i.Chassis_Mouse_Move_Calculate)
    Chassis_NORMAL_Mode_Ctrl                 0x08001bc3   Thumb Code    22  chassic_1.o(i.Chassis_NORMAL_Mode_Ctrl)
    Chassis_Omni_Move_Calculate              0x08001bd9   Thumb Code   576  chassic_1.o(i.Chassis_Omni_Move_Calculate)
    Chassis_SpeedZ_PID                       0x08001e5d   Thumb Code   340  chassic_1.o(i.Chassis_SpeedZ_PID)
    Chassis_set_voltage                      0x08001fe9   Thumb Code    92  bsp_can.o(i.Chassis_set_voltage)
    DMA1_Stream1_IRQHandler                  0x08002049   Thumb Code    10  stm32f4xx_it.o(i.DMA1_Stream1_IRQHandler)
    DMA1_Stream6_IRQHandler                  0x08002059   Thumb Code    10  stm32f4xx_it.o(i.DMA1_Stream6_IRQHandler)
    DMA2_Stream2_IRQHandler                  0x08002069   Thumb Code    10  stm32f4xx_it.o(i.DMA2_Stream2_IRQHandler)
    DebugMon_Handler                         0x08002183   Thumb Code     2  stm32f4xx_it.o(i.DebugMon_Handler)
    Error_Handler                            0x08002185   Thumb Code     2  main.o(i.Error_Handler)
    FreeCars_Send                            0x08002189   Thumb Code    50  freecars_usart.o(i.FreeCars_Send)
    GIMBAL_GetOffsetAngle                    0x080021c1   Thumb Code    46  gimbal.o(i.GIMBAL_GetOffsetAngle)
    Get_CRC16_Check_Sum                      0x080021f5   Thumb Code    46  crc.o(i.Get_CRC16_Check_Sum)
    Get_CRC8_Check_Sum                       0x08002229   Thumb Code    32  crc.o(i.Get_CRC8_Check_Sum)
    HAL_CAN_ActivateNotification             0x0800224d   Thumb Code    42  stm32f4xx_hal_can.o(i.HAL_CAN_ActivateNotification)
    HAL_CAN_AddTxMessage                     0x08002277   Thumb Code   342  stm32f4xx_hal_can.o(i.HAL_CAN_AddTxMessage)
    HAL_CAN_ConfigFilter                     0x080023cd   Thumb Code   286  stm32f4xx_hal_can.o(i.HAL_CAN_ConfigFilter)
    HAL_CAN_ErrorCallback                    0x080024f1   Thumb Code     2  stm32f4xx_hal_can.o(i.HAL_CAN_ErrorCallback)
    HAL_CAN_GetRxMessage                     0x080024f3   Thumb Code   380  stm32f4xx_hal_can.o(i.HAL_CAN_GetRxMessage)
    HAL_CAN_IRQHandler                       0x0800266f   Thumb Code   590  stm32f4xx_hal_can.o(i.HAL_CAN_IRQHandler)
    HAL_CAN_Init                             0x080028bd   Thumb Code   372  stm32f4xx_hal_can.o(i.HAL_CAN_Init)
    HAL_CAN_MspInit                          0x08002a31   Thumb Code   294  can.o(i.HAL_CAN_MspInit)
    HAL_CAN_RxFifo0FullCallback              0x08002b6d   Thumb Code     2  stm32f4xx_hal_can.o(i.HAL_CAN_RxFifo0FullCallback)
    HAL_CAN_RxFifo0MsgPendingCallback        0x08002b71   Thumb Code   270  bsp_can.o(i.HAL_CAN_RxFifo0MsgPendingCallback)
    HAL_CAN_RxFifo1FullCallback              0x08002c91   Thumb Code     2  stm32f4xx_hal_can.o(i.HAL_CAN_RxFifo1FullCallback)
    HAL_CAN_RxFifo1MsgPendingCallback        0x08002c93   Thumb Code     2  stm32f4xx_hal_can.o(i.HAL_CAN_RxFifo1MsgPendingCallback)
    HAL_CAN_SleepCallback                    0x08002c95   Thumb Code     2  stm32f4xx_hal_can.o(i.HAL_CAN_SleepCallback)
    HAL_CAN_Start                            0x08002c97   Thumb Code    94  stm32f4xx_hal_can.o(i.HAL_CAN_Start)
    HAL_CAN_TxMailbox0AbortCallback          0x08002cf5   Thumb Code     2  stm32f4xx_hal_can.o(i.HAL_CAN_TxMailbox0AbortCallback)
    HAL_CAN_TxMailbox0CompleteCallback       0x08002cf9   Thumb Code    10  bsp_can.o(i.HAL_CAN_TxMailbox0CompleteCallback)
    HAL_CAN_TxMailbox1AbortCallback          0x08002d09   Thumb Code     2  stm32f4xx_hal_can.o(i.HAL_CAN_TxMailbox1AbortCallback)
    HAL_CAN_TxMailbox1CompleteCallback       0x08002d0d   Thumb Code    20  bsp_can.o(i.HAL_CAN_TxMailbox1CompleteCallback)
    HAL_CAN_TxMailbox2AbortCallback          0x08002d29   Thumb Code     2  stm32f4xx_hal_can.o(i.HAL_CAN_TxMailbox2AbortCallback)
    HAL_CAN_TxMailbox2CompleteCallback       0x08002d2d   Thumb Code    10  bsp_can.o(i.HAL_CAN_TxMailbox2CompleteCallback)
    HAL_CAN_WakeUpFromRxMsgCallback          0x08002d3d   Thumb Code     2  stm32f4xx_hal_can.o(i.HAL_CAN_WakeUpFromRxMsgCallback)
    HAL_DMA_Abort_IT                         0x08002d3f   Thumb Code    40  stm32f4xx_hal_dma.o(i.HAL_DMA_Abort_IT)
    HAL_DMA_IRQHandler                       0x08002d69   Thumb Code   570  stm32f4xx_hal_dma.o(i.HAL_DMA_IRQHandler)
    HAL_DMA_Init                             0x08002fa9   Thumb Code   232  stm32f4xx_hal_dma.o(i.HAL_DMA_Init)
    HAL_DMA_Start                            0x08003095   Thumb Code   102  stm32f4xx_hal_dma.o(i.HAL_DMA_Start)
    HAL_GPIO_Init                            0x080030fd   Thumb Code   486  stm32f4xx_hal_gpio.o(i.HAL_GPIO_Init)
    HAL_GPIO_WritePin                        0x08003319   Thumb Code    12  stm32f4xx_hal_gpio.o(i.HAL_GPIO_WritePin)
    HAL_GetTick                              0x08003325   Thumb Code     6  stm32f4xx_hal.o(i.HAL_GetTick)
    HAL_IncTick                              0x08003331   Thumb Code    16  stm32f4xx_hal.o(i.HAL_IncTick)
    HAL_Init                                 0x08003349   Thumb Code    54  stm32f4xx_hal.o(i.HAL_Init)
    HAL_InitTick                             0x08003385   Thumb Code    64  stm32f4xx_hal.o(i.HAL_InitTick)
    HAL_MspInit                              0x080033d1   Thumb Code    68  stm32f4xx_hal_msp.o(i.HAL_MspInit)
    HAL_NVIC_EnableIRQ                       0x08003419   Thumb Code    32  stm32f4xx_hal_cortex.o(i.HAL_NVIC_EnableIRQ)
    HAL_NVIC_SetPriority                     0x08003439   Thumb Code   124  stm32f4xx_hal_cortex.o(i.HAL_NVIC_SetPriority)
    HAL_NVIC_SetPriorityGrouping             0x080034b5   Thumb Code    32  stm32f4xx_hal_cortex.o(i.HAL_NVIC_SetPriorityGrouping)
    HAL_RCC_ClockConfig                      0x080034dd   Thumb Code   366  stm32f4xx_hal_rcc.o(i.HAL_RCC_ClockConfig)
    HAL_RCC_GetHCLKFreq                      0x0800365d   Thumb Code     6  stm32f4xx_hal_rcc.o(i.HAL_RCC_GetHCLKFreq)
    HAL_RCC_GetPCLK1Freq                     0x08003669   Thumb Code    22  stm32f4xx_hal_rcc.o(i.HAL_RCC_GetPCLK1Freq)
    HAL_RCC_GetPCLK2Freq                     0x08003689   Thumb Code    22  stm32f4xx_hal_rcc.o(i.HAL_RCC_GetPCLK2Freq)
    HAL_RCC_GetSysClockFreq                  0x080036a9   Thumb Code   162  stm32f4xx_hal_rcc.o(i.HAL_RCC_GetSysClockFreq)
    HAL_RCC_OscConfig                        0x08003759   Thumb Code  1086  stm32f4xx_hal_rcc.o(i.HAL_RCC_OscConfig)
    HAL_SYSTICK_Config                       0x08003ba1   Thumb Code    52  stm32f4xx_hal_cortex.o(i.HAL_SYSTICK_Config)
    HAL_TIMEx_BreakCallback                  0x08003bd5   Thumb Code     2  stm32f4xx_hal_tim_ex.o(i.HAL_TIMEx_BreakCallback)
    HAL_TIMEx_CommutCallback                 0x08003bd7   Thumb Code     2  stm32f4xx_hal_tim_ex.o(i.HAL_TIMEx_CommutCallback)
    HAL_TIM_Base_Init                        0x08003bd9   Thumb Code    52  stm32f4xx_hal_tim.o(i.HAL_TIM_Base_Init)
    HAL_TIM_Base_MspInit                     0x08003c0d   Thumb Code    62  user_tim.o(i.HAL_TIM_Base_MspInit)
    HAL_TIM_Base_Start_IT                    0x08003c55   Thumb Code    42  stm32f4xx_hal_tim.o(i.HAL_TIM_Base_Start_IT)
    HAL_TIM_IC_CaptureCallback               0x08003c7f   Thumb Code     2  stm32f4xx_hal_tim.o(i.HAL_TIM_IC_CaptureCallback)
    HAL_TIM_IRQHandler                       0x08003c81   Thumb Code   406  stm32f4xx_hal_tim.o(i.HAL_TIM_IRQHandler)
    HAL_TIM_OC_DelayElapsedCallback          0x08003e17   Thumb Code     2  stm32f4xx_hal_tim.o(i.HAL_TIM_OC_DelayElapsedCallback)
    HAL_TIM_PWM_PulseFinishedCallback        0x08003e19   Thumb Code     2  stm32f4xx_hal_tim.o(i.HAL_TIM_PWM_PulseFinishedCallback)
    HAL_TIM_PeriodElapsedCallback            0x08003e1d   Thumb Code    32  user_tim.o(i.HAL_TIM_PeriodElapsedCallback)
    HAL_TIM_TriggerCallback                  0x08003e45   Thumb Code     2  stm32f4xx_hal_tim.o(i.HAL_TIM_TriggerCallback)
    HAL_UART_ErrorCallback                   0x08003e47   Thumb Code     2  stm32f4xx_hal_uart.o(i.HAL_UART_ErrorCallback)
    HAL_UART_IRQHandler                      0x08003e49   Thumb Code   328  stm32f4xx_hal_uart.o(i.HAL_UART_IRQHandler)
    HAL_UART_Init                            0x08003f95   Thumb Code   114  stm32f4xx_hal_uart.o(i.HAL_UART_Init)
    HAL_UART_MspInit                         0x08004009   Thumb Code   782  usart.o(i.HAL_UART_MspInit)
    HAL_UART_RxCpltCallback                  0x08004351   Thumb Code     2  stm32f4xx_hal_uart.o(i.HAL_UART_RxCpltCallback)
    HAL_UART_Transmit                        0x08004353   Thumb Code   214  stm32f4xx_hal_uart.o(i.HAL_UART_Transmit)
    HAL_UART_TxCpltCallback                  0x08004429   Thumb Code     2  stm32f4xx_hal_uart.o(i.HAL_UART_TxCpltCallback)
    HardFault_Handler                        0x0800442b   Thumb Code     4  stm32f4xx_it.o(i.HardFault_Handler)
    Judge_Read_Data                          0x08004431   Thumb Code   348  judgement.o(i.Judge_Read_Data)
    KalmanFilter                             0x080045c1   Thumb Code   134  kalman.o(i.KalmanFilter)
    MX_CAN1_Init                             0x08004649   Thumb Code    60  can.o(i.MX_CAN1_Init)
    MX_CAN2_Init                             0x0800468d   Thumb Code    60  can.o(i.MX_CAN2_Init)
    MX_DMA_Init                              0x080046d1   Thumb Code   114  dma.o(i.MX_DMA_Init)
    MX_GPIO_Init                             0x08004749   Thumb Code   238  gpio.o(i.MX_GPIO_Init)
    MX_TIM3_Init                             0x08004845   Thumb Code    40  user_tim.o(i.MX_TIM3_Init)
    MX_USART1_UART_Init                      0x08004875   Thumb Code    48  usart.o(i.MX_USART1_UART_Init)
    MX_USART2_UART_Init                      0x080048b1   Thumb Code    46  usart.o(i.MX_USART2_UART_Init)
    MX_USART3_UART_Init                      0x080048e9   Thumb Code    46  usart.o(i.MX_USART3_UART_Init)
    MemManage_Handler                        0x08004921   Thumb Code     4  stm32f4xx_it.o(i.MemManage_Handler)
    NMI_Handler                              0x08004925   Thumb Code     2  stm32f4xx_it.o(i.NMI_Handler)
    PendSV_Handler                           0x08004927   Thumb Code     2  stm32f4xx_it.o(i.PendSV_Handler)
    SCI_Put                                  0x08004929   Thumb Code    20  freecars_usart.o(i.SCI_Put)
    SVC_Handler                              0x08004941   Thumb Code     2  stm32f4xx_it.o(i.SVC_Handler)
    SysTick_Handler                          0x08004943   Thumb Code     8  stm32f4xx_it.o(i.SysTick_Handler)
    SystemClock_Config                       0x0800494d   Thumb Code   172  main.o(i.SystemClock_Config)
    SystemInit                               0x08004a01   Thumb Code    82  system_stm32f4xx.o(i.SystemInit)
    TIM3_IRQHandler                          0x08004a65   Thumb Code    10  user_tim.o(i.TIM3_IRQHandler)
    TIM_Base_SetConfig                       0x08004a75   Thumb Code   170  stm32f4xx_hal_tim.o(i.TIM_Base_SetConfig)
    Task_Chassis                             0x08004b4d   Thumb Code   152  chassic_1.o(i.Task_Chassis)
    UART_IdleRxCallback                      0x08004c4d   Thumb Code    28  usart3_dma.o(i.UART_IdleRxCallback)
    UART_Receive_DMA_No_IT                   0x08004c71   Thumb Code   102  usart3_dma.o(i.UART_Receive_DMA_No_IT)
    USART1_IRQHandler                        0x080051b9   Thumb Code    16  stm32f4xx_it.o(i.USART1_IRQHandler)
    USART2_IRQHandler                        0x080051cd   Thumb Code    10  stm32f4xx_it.o(i.USART2_IRQHandler)
    USART3_IRQHandler                        0x080051dd   Thumb Code    16  stm32f4xx_it.o(i.USART3_IRQHandler)
    UsageFault_Handler                       0x080051f1   Thumb Code     4  stm32f4xx_it.o(i.UsageFault_Handler)
    Verify_CRC16_Check_Sum                   0x080051f5   Thumb Code    60  crc.o(i.Verify_CRC16_Check_Sum)
    Verify_CRC8_Check_Sum                    0x08005235   Thumb Code    48  crc.o(i.Verify_CRC8_Check_Sum)
    __ARM_fpclassify                         0x08005265   Thumb Code    48  fpclassify.o(i.__ARM_fpclassify)
    __hardfp_cos                             0x080052d1   Thumb Code   180  cos.o(i.__hardfp_cos)
    __hardfp_fabs                            0x08005399   Thumb Code    20  fabs.o(i.__hardfp_fabs)
    __hardfp_sin                             0x080053b1   Thumb Code   180  sin.o(i.__hardfp_sin)
    __hardfp_sqrt                            0x08005479   Thumb Code   122  sqrt.o(i.__hardfp_sqrt)
    __ieee754_rem_pio2                       0x080054f9   Thumb Code   938  rred.o(i.__ieee754_rem_pio2)
    __kernel_cos                             0x08005931   Thumb Code   322  cos_i.o(i.__kernel_cos)
    __kernel_poly                            0x08005aa1   Thumb Code   248  poly.o(i.__kernel_poly)
    __kernel_sin                             0x08005b99   Thumb Code   280  sin_i.o(i.__kernel_sin)
    __mathlib_dbl_infnan                     0x08005cc9   Thumb Code    20  dunder.o(i.__mathlib_dbl_infnan)
    __mathlib_dbl_invalid                    0x08005ce1   Thumb Code    24  dunder.o(i.__mathlib_dbl_invalid)
    __mathlib_dbl_underflow                  0x08005d01   Thumb Code    24  dunder.o(i.__mathlib_dbl_underflow)
    __scatterload_copy                       0x08005d21   Thumb Code    14  handlers.o(i.__scatterload_copy)
    __scatterload_null                       0x08005d2f   Thumb Code     2  handlers.o(i.__scatterload_null)
    __scatterload_zeroinit                   0x08005d31   Thumb Code    14  handlers.o(i.__scatterload_zeroinit)
    __set_errno                              0x08005d41   Thumb Code     6  errno.o(i.__set_errno)
    constrain                                0x08005d4d   Thumb Code    22  chassic_1.o(i.constrain)
    constrain_float                          0x08005d63   Thumb Code    42  chassic_1.o(i.constrain_float)
    dbus_uart_init                           0x08005d8d   Thumb Code    56  bsp_uart.o(i.dbus_uart_init)
    delay                                    0x08005dcd   Thumb Code    18  user_tim.o(i.delay)
    dma_current_data_counter                 0x08005de5   Thumb Code     8  bsp_uart.o(i.dma_current_data_counter)
    drv_can_init                             0x08005ded   Thumb Code   100  bsp_can.o(i.drv_can_init)
    fabs                                     0x08005e59   Thumb Code    24  fabs.o(i.fabs)
    main                                     0x08005e71   Thumb Code    96  main.o(i.main)
    push                                     0x08005ed9   Thumb Code    44  freecars_usart.o(i.push)
    rc_callback_handler                      0x08005f09   Thumb Code   296  bsp_uart.o(i.rc_callback_handler)
    sendDataToScope                          0x08006035   Thumb Code    68  freecars_usart.o(i.sendDataToScope)
    uart_receive_handler                     0x080060c9   Thumb Code    34  bsp_uart.o(i.uart_receive_handler)
    usart3_dma_init                          0x0800615d   Thumb Code    30  usart3_dma.o(i.usart3_dma_init)
    usart3_rx_handle                         0x08006185   Thumb Code    88  usart3_dma.o(i.usart3_rx_handle)
    AHBPrescTable                            0x080061e4   Data          16  system_stm32f4xx.o(.constdata)
    APBPrescTable                            0x080061f4   Data           8  system_stm32f4xx.o(.constdata)
    CRC8_INIT                                0x080061fc   Data           1  crc.o(.constdata)
    CRC8_TAB                                 0x080061fd   Data         256  crc.o(.constdata)
    wCRC_Table                               0x080062fe   Data         512  crc.o(.constdata)
    Region$$Table$$Base                      0x08006620   Number         0  anon$$obj.o(Region$$Table)
    Region$$Table$$Limit                     0x08006640   Number         0  anon$$obj.o(Region$$Table)
    set_gimbal                               0x20000000   Data           8  main.o(.data)
    tick                                     0x20000008   Data           4  main.o(.data)
    FreeCarsDataNum                          0x2000000d   Data           1  freecars_usart.o(.data)
    uwTick                                   0x20000010   Data           4  stm32f4xx_hal.o(.data)
    uwTickPrio                               0x20000014   Data           4  stm32f4xx_hal.o(.data)
    uwTickFreq                               0x20000018   Data           1  stm32f4xx_hal.o(.data)
    SystemCoreClock                          0x2000001c   Data           4  system_stm32f4xx.o(.data)
    TxMailbox1                               0x20000020   Data           4  bsp_can.o(.data)
    can1_error                               0x20000024   Data           4  bsp_can.o(.data)
    Chassis_Standard_Move_Max                0x20000028   Data           4  chassic_1.o(.data)
    Chassis_Final_Output_Max                 0x2000002c   Data           4  chassic_1.o(.data)
    Chassis_Revolve_Move_Max                 0x20000030   Data           4  chassic_1.o(.data)
    Chassis_Limit_Output_Max                 0x20000034   Data           4  chassic_1.o(.data)
    Slope_Chassis_Move_Z                     0x20000038   Data           4  chassic_1.o(.data)
    kKey_Mech_Chassis_Standard               0x2000003c   Data           4  chassic_1.o(.data)
    kRc_Gyro_Chassis_Standard                0x20000040   Data           4  chassic_1.o(.data)
    kRc_Gyro_Chassis_Revolve                 0x20000044   Data           4  chassic_1.o(.data)
    timeInc                                  0x20000048   Data           2  chassic_1.o(.data)
    timeInc_Saltation                        0x2000004a   Data           2  chassic_1.o(.data)
    timeXFron                                0x2000004c   Data           2  chassic_1.o(.data)
    timeXBack                                0x2000004e   Data           2  chassic_1.o(.data)
    timeYLeft                                0x20000050   Data           2  chassic_1.o(.data)
    timeYRigh                                0x20000052   Data           2  chassic_1.o(.data)
    timeZRrotate                             0x20000054   Data           2  chassic_1.o(.data)
    timeZLrotate                             0x20000056   Data           2  chassic_1.o(.data)
    Slope_Chassis_Move_Fron                  0x20000058   Data           4  chassic_1.o(.data)
    Slope_Chassis_Move_Back                  0x2000005c   Data           4  chassic_1.o(.data)
    Slope_Chassis_Move_Left                  0x20000060   Data           4  chassic_1.o(.data)
    Slope_Chassis_Move_Righ                  0x20000064   Data           4  chassic_1.o(.data)
    Slope_Chassis_Move_Lrotate               0x20000068   Data           4  chassic_1.o(.data)
    Slope_Chassis_Move_Rrotate               0x2000006c   Data           4  chassic_1.o(.data)
    Slope_Chassis_Revolve_Move               0x20000070   Data           4  chassic_1.o(.data)
    actChassis                               0x20000074   Data           1  chassic_1.o(.data)
    modeChassis                              0x20000075   Data           1  chassic_1.o(.data)
    Chassis_Move_X                           0x20000078   Data           4  chassic_1.o(.data)
    Chassis_Move_Y                           0x2000007c   Data           4  chassic_1.o(.data)
    Chassis_Move_Z                           0x20000080   Data           4  chassic_1.o(.data)
    Chassis_Speed_Measure                    0x20000084   Data           8  chassic_1.o(.data)
    Chassis_Gyro_Error                       0x2000008c   Data           2  chassic_1.o(.data)
    Chassis_Z_kpid                           0x20000090   Data          12  chassic_1.o(.data)
    pTermChassisZ                            0x2000009c   Data           4  chassic_1.o(.data)
    dTermChassisZ                            0x200000a0   Data           4  chassic_1.o(.data)
    Chass_Switch_F                           0x200000a4   Data           1  chassic_1.o(.data)
    Chass_Key_F_Change                       0x200000a5   Data           1  chassic_1.o(.data)
    WARNING_REMAIN_POWER                     0x200000a8   Data           4  chassic_1.o(.data)
    fChasCurrentLimit                        0x200000ac   Data           4  chassic_1.o(.data)
    fTotalCurrentLimit                       0x200000b0   Data           4  chassic_1.o(.data)
    stateCorgi                               0x200000b4   Data           2  chassic_1.o(.data)
    IfCorgiChange                            0x200000b6   Data           1  chassic_1.o(.data)
    corgi_angle_target                       0x200000b8   Data           2  chassic_1.o(.data)
    speed_z_pterm                            0x200000bc   Data           4  chassic_1.o(.data)
    speed_z_iterm                            0x200000c0   Data           4  chassic_1.o(.data)
    speed_z_dterm                            0x200000c4   Data           4  chassic_1.o(.data)
    RM_Update_Flag                           0x200000ec   Data           1  bsp_uart.o(.data)
    CRC_INIT                                 0x200000ee   Data           2  crc.o(.data)
    GameState                                0x200000f0   Data           3  judgement.o(.data)
    GameResult                               0x200000f3   Data           1  judgement.o(.data)
    GameRobotSurvivors                       0x200000f4   Data           2  judgement.o(.data)
    EventData                                0x200000f6   Data           4  judgement.o(.data)
    SupplyProjectileAction                   0x200000fa   Data           3  judgement.o(.data)
    SupplyProjectileBooking                  0x200000fd   Data           2  judgement.o(.data)
    BuffMusk                                 0x200000ff   Data           1  judgement.o(.data)
    AerialRobotEnergy                        0x20000100   Data           2  judgement.o(.data)
    RobotHurt                                0x20000102   Data           1  judgement.o(.data)
    ShootData                                0x20000103   Data           6  judgement.o(.data)
    FrameHeader                              0x20000109   Data           5  judgement.o(.data)
    Judge_Data_TF                            0x2000010e   Data           1  judgement.o(.data)
    Judge_Self_ID                            0x2000010f   Data           1  judgement.o(.data)
    Judge_SelfClient_ID                      0x20000110   Data           2  judgement.o(.data)
    ShootNum                                 0x20000112   Data           2  judgement.o(.data)
    Hurt_Data_Update                         0x20000114   Data           1  judgement.o(.data)
    Color                                    0x20000115   Data           1  judgement.o(.data)
    hcan1                                    0x2000011c   Data          40  can.o(.bss)
    hcan2                                    0x20000144   Data          40  can.o(.bss)
    huart1                                   0x2000016c   Data          64  usart.o(.bss)
    hdma_usart1_rx                           0x200001ac   Data          96  usart.o(.bss)
    huart2                                   0x2000020c   Data          64  usart.o(.bss)
    hdma_usart2_rx                           0x2000024c   Data          96  usart.o(.bss)
    hdma_usart2_tx                           0x200002ac   Data          96  usart.o(.bss)
    huart3                                   0x2000030c   Data          64  usart.o(.bss)
    hdma_usart3_rx                           0x2000034c   Data          96  usart.o(.bss)
    huart6                                   0x200003ac   Data          64  usart.o(.bss)
    hdma_usart6_rx                           0x200003ec   Data          96  usart.o(.bss)
    uSendBuf                                 0x20000450   Data          34  freecars_usart.o(.bss)
    SerialPortRx                             0x20000474   Data         108  freecars_usart.o(.bss)
    UartData                                 0x200004e0   Data          72  freecars_usart.o(.bss)
    M3508                                    0x20000528   Data          48  bsp_can.o(.bss)
    GM6020                                   0x20000558   Data          24  bsp_can.o(.bss)
    Chassis_Error_Kalman                     0x20000570   Data          48  chassic_1.o(.bss)
    traget_speed                             0x200005a0   Data          16  chassic_1.o(.bss)
    Chassis_Speed_Target                     0x200005b0   Data          16  chassic_1.o(.bss)
    Chassis_Speed_Error                      0x200005c0   Data          16  chassic_1.o(.bss)
    Chassis_Speed_Error_Sum                  0x200005d0   Data          16  chassic_1.o(.bss)
    Chassis_Speed_Error_NOW                  0x200005e0   Data          16  chassic_1.o(.bss)
    Chassis_Speed_Error_LAST                 0x200005f0   Data          16  chassic_1.o(.bss)
    Cloud_Angle_Measure                      0x20000600   Data          16  chassic_1.o(.bss)
    Chassis_Speed_kpid                       0x20000610   Data          48  chassic_1.o(.bss)
    pTermChassis                             0x20000640   Data          16  chassic_1.o(.bss)
    iTermChassis                             0x20000650   Data          16  chassic_1.o(.bss)
    dTermChassis                             0x20000660   Data          16  chassic_1.o(.bss)
    pidTermChassis                           0x20000670   Data          16  chassic_1.o(.bss)
    Chassis_Final_Output                     0x20000680   Data          16  chassic_1.o(.bss)
    dbus_buf                                 0x2000069c   Data          18  bsp_uart.o(.bss)
    rc_t                                     0x200006ae   Data          22  bsp_uart.o(.bss)
    htim3                                    0x200006c4   Data          64  user_tim.o(.bss)
    GameRobotStat                            0x20000704   Data          15  judgement.o(.bss)
    PowerHeatData                            0x20000713   Data          14  judgement.o(.bss)
    GameRobotPos                             0x20000721   Data          16  judgement.o(.bss)
    ShowData                                 0x20000731   Data          28  judgement.o(.bss)
    CommuData                                0x2000074d   Data          25  judgement.o(.bss)
    CliendTxBuffer                           0x20000766   Data         200  judgement.o(.bss)
    USART_Judegebuff                         0x2000082e   Data         200  usart3_dma.o(.bss)
    __initial_sp                             0x20000cf8   Data           0  startup_stm32f427xx.o(STACK)



==============================================================================

Memory Map of the image

  Image Entry point : 0x080001ad

  Load Region LR_IROM1 (Base: 0x08000000, Size: 0x0000675c, Max: 0x00200000, ABSOLUTE)

    Execution Region ER_IROM1 (Base: 0x08000000, Size: 0x00006640, Max: 0x00200000, ABSOLUTE)

    Base Addr    Size         Type   Attr      Idx    E Section Name        Object

    0x08000000   0x000001ac   Data   RO            3    RESET               startup_stm32f427xx.o
    0x080001ac   0x00000000   Code   RO         4194  * .ARM.Collect$$$$00000000  mc_w.l(entry.o)
    0x080001ac   0x00000004   Code   RO         4253    .ARM.Collect$$$$00000001  mc_w.l(entry2.o)
    0x080001b0   0x00000004   Code   RO         4256    .ARM.Collect$$$$00000004  mc_w.l(entry5.o)
    0x080001b4   0x00000000   Code   RO         4258    .ARM.Collect$$$$00000008  mc_w.l(entry7b.o)
    0x080001b4   0x00000000   Code   RO         4260    .ARM.Collect$$$$0000000A  mc_w.l(entry8b.o)
    0x080001b4   0x00000008   Code   RO         4261    .ARM.Collect$$$$0000000B  mc_w.l(entry9a.o)
    0x080001bc   0x00000000   Code   RO         4263    .ARM.Collect$$$$0000000D  mc_w.l(entry10a.o)
    0x080001bc   0x00000000   Code   RO         4265    .ARM.Collect$$$$0000000F  mc_w.l(entry11a.o)
    0x080001bc   0x00000004   Code   RO         4254    .ARM.Collect$$$$00002712  mc_w.l(entry2.o)
    0x080001c0   0x00000024   Code   RO            4    .text               startup_stm32f427xx.o
    0x080001e4   0x00000062   Code   RO         4197    .text               mc_w.l(uldiv.o)
    0x08000246   0x00000024   Code   RO         4199    .text               mc_w.l(memcpya.o)
    0x0800026a   0x00000024   Code   RO         4201    .text               mc_w.l(memseta.o)
    0x0800028e   0x0000014e   Code   RO         4205    .text               mf_w.l(dadd.o)
    0x080003dc   0x000000e4   Code   RO         4207    .text               mf_w.l(dmul.o)
    0x080004c0   0x000000de   Code   RO         4209    .text               mf_w.l(ddiv.o)
    0x0800059e   0x00000022   Code   RO         4211    .text               mf_w.l(dflti.o)
    0x080005c0   0x0000001a   Code   RO         4213    .text               mf_w.l(dfltui.o)
    0x080005da   0x0000003e   Code   RO         4215    .text               mf_w.l(dfixi.o)
    0x08000618   0x00000026   Code   RO         4217    .text               mf_w.l(f2d.o)
    0x0800063e   0x00000002   PAD
    0x08000640   0x00000030   Code   RO         4219    .text               mf_w.l(cdcmple.o)
    0x08000670   0x00000030   Code   RO         4221    .text               mf_w.l(cdrcmple.o)
    0x080006a0   0x00000038   Code   RO         4223    .text               mf_w.l(d2f.o)
    0x080006d8   0x0000001e   Code   RO         4267    .text               mc_w.l(llshl.o)
    0x080006f6   0x00000020   Code   RO         4269    .text               mc_w.l(llushr.o)
    0x08000716   0x00000024   Code   RO         4271    .text               mc_w.l(llsshr.o)
    0x0800073a   0x00000000   Code   RO         4280    .text               mc_w.l(iusefp.o)
    0x0800073a   0x0000006e   Code   RO         4281    .text               mf_w.l(fepilogue.o)
    0x080007a8   0x000000ba   Code   RO         4283    .text               mf_w.l(depilogue.o)
    0x08000862   0x000000a2   Code   RO         4287    .text               mf_w.l(dsqrt.o)
    0x08000904   0x00000024   Code   RO         4293    .text               mc_w.l(init.o)
    0x08000928   0x00000004   Code   RO          376    i.BusFault_Handler  stm32f4xx_it.o
    0x0800092c   0x00000010   Code   RO          377    i.CAN1_RX0_IRQHandler  stm32f4xx_it.o
    0x0800093c   0x00000010   Code   RO          378    i.CAN1_TX_IRQHandler  stm32f4xx_it.o
    0x0800094c   0x00000010   Code   RO          379    i.CAN2_RX0_IRQHandler  stm32f4xx_it.o
    0x0800095c   0x00000010   Code   RO          380    i.CAN2_TX_IRQHandler  stm32f4xx_it.o
    0x0800096c   0x0000001c   Code   RO         3421    i.CAN2_send_RM      bsp_can.o
    0x08000988   0x00000074   Code   RO         3422    i.CAN2_send_RM1     bsp_can.o
    0x080009fc   0x00000074   Code   RO         3423    i.CAN2_send_RM2     bsp_can.o
    0x08000a70   0x0000006c   Code   RO         3424    i.CAN2_send_RM3     bsp_can.o
    0x08000adc   0x0000022c   Code   RO         3519    i.CHASSIS_CORGI_Mode_Ctrl  chassic_1.o
    0x08000d08   0x00000074   Code   RO         3521    i.CHASSIS_InitArgument  chassic_1.o
    0x08000d7c   0x00000040   Code   RO         3522    i.CHASSIS_REST      chassic_1.o
    0x08000dbc   0x0000008c   Code   RO         3524    i.CHAS_Key_Ctrl     chassic_1.o
    0x08000e48   0x0000043c   Code   RO         3525    i.CHAS_Rc_Ctrl      chassic_1.o
    0x08001284   0x000000cc   Code   RO         3526    i.Chassis_Key_MoveRamp  chassic_1.o
    0x08001350   0x000005fc   Code   RO         3527    i.Chassis_Keyboard_Move_Calculate  chassic_1.o
    0x0800194c   0x0000001c   Code   RO         3528    i.Chassis_MotorOutput  chassic_1.o
    0x08001968   0x00000258   Code   RO         3529    i.Chassis_Motor_Speed_PID  chassic_1.o
    0x08001bc0   0x00000002   Code   RO         3530    i.Chassis_Mouse_Move_Calculate  chassic_1.o
    0x08001bc2   0x00000016   Code   RO         3531    i.Chassis_NORMAL_Mode_Ctrl  chassic_1.o
    0x08001bd8   0x00000284   Code   RO         3532    i.Chassis_Omni_Move_Calculate  chassic_1.o
    0x08001e5c   0x0000018c   Code   RO         3533    i.Chassis_SpeedZ_PID  chassic_1.o
    0x08001fe8   0x00000060   Code   RO         3426    i.Chassis_set_voltage  bsp_can.o
    0x08002048   0x00000010   Code   RO          381    i.DMA1_Stream1_IRQHandler  stm32f4xx_it.o
    0x08002058   0x00000010   Code   RO          382    i.DMA1_Stream6_IRQHandler  stm32f4xx_it.o
    0x08002068   0x00000010   Code   RO          383    i.DMA2_Stream2_IRQHandler  stm32f4xx_it.o
    0x08002078   0x00000034   Code   RO         2679    i.DMA_CalcBaseAndBitshift  stm32f4xx_hal_dma.o
    0x080020ac   0x000000aa   Code   RO         2680    i.DMA_CheckFifoParam  stm32f4xx_hal_dma.o
    0x08002156   0x0000002c   Code   RO         2681    i.DMA_SetConfig     stm32f4xx_hal_dma.o
    0x08002182   0x00000002   Code   RO          384    i.DebugMon_Handler  stm32f4xx_it.o
    0x08002184   0x00000002   Code   RO           13    i.Error_Handler     main.o
    0x08002186   0x00000002   PAD
    0x08002188   0x00000038   Code   RO          537    i.FreeCars_Send     freecars_usart.o
    0x080021c0   0x00000034   Code   RO         3785    i.GIMBAL_GetOffsetAngle  gimbal.o
    0x080021f4   0x00000034   Code   RO         3922    i.Get_CRC16_Check_Sum  crc.o
    0x08002228   0x00000024   Code   RO         3923    i.Get_CRC8_Check_Sum  crc.o
    0x0800224c   0x0000002a   Code   RO          615    i.HAL_CAN_ActivateNotification  stm32f4xx_hal_can.o
    0x08002276   0x00000156   Code   RO          616    i.HAL_CAN_AddTxMessage  stm32f4xx_hal_can.o
    0x080023cc   0x00000124   Code   RO          617    i.HAL_CAN_ConfigFilter  stm32f4xx_hal_can.o
    0x080024f0   0x00000002   Code   RO          620    i.HAL_CAN_ErrorCallback  stm32f4xx_hal_can.o
    0x080024f2   0x0000017c   Code   RO          623    i.HAL_CAN_GetRxMessage  stm32f4xx_hal_can.o
    0x0800266e   0x0000024e   Code   RO          627    i.HAL_CAN_IRQHandler  stm32f4xx_hal_can.o
    0x080028bc   0x00000174   Code   RO          628    i.HAL_CAN_Init      stm32f4xx_hal_can.o
    0x08002a30   0x0000013c   Code   RO          244    i.HAL_CAN_MspInit   can.o
    0x08002b6c   0x00000002   Code   RO          635    i.HAL_CAN_RxFifo0FullCallback  stm32f4xx_hal_can.o
    0x08002b6e   0x00000002   PAD
    0x08002b70   0x00000120   Code   RO         3428    i.HAL_CAN_RxFifo0MsgPendingCallback  bsp_can.o
    0x08002c90   0x00000002   Code   RO          637    i.HAL_CAN_RxFifo1FullCallback  stm32f4xx_hal_can.o
    0x08002c92   0x00000002   Code   RO          638    i.HAL_CAN_RxFifo1MsgPendingCallback  stm32f4xx_hal_can.o
    0x08002c94   0x00000002   Code   RO          639    i.HAL_CAN_SleepCallback  stm32f4xx_hal_can.o
    0x08002c96   0x0000005e   Code   RO          640    i.HAL_CAN_Start     stm32f4xx_hal_can.o
    0x08002cf4   0x00000002   Code   RO          642    i.HAL_CAN_TxMailbox0AbortCallback  stm32f4xx_hal_can.o
    0x08002cf6   0x00000002   PAD
    0x08002cf8   0x00000010   Code   RO         3429    i.HAL_CAN_TxMailbox0CompleteCallback  bsp_can.o
    0x08002d08   0x00000002   Code   RO          644    i.HAL_CAN_TxMailbox1AbortCallback  stm32f4xx_hal_can.o
    0x08002d0a   0x00000002   PAD
    0x08002d0c   0x0000001c   Code   RO         3430    i.HAL_CAN_TxMailbox1CompleteCallback  bsp_can.o
    0x08002d28   0x00000002   Code   RO          646    i.HAL_CAN_TxMailbox2AbortCallback  stm32f4xx_hal_can.o
    0x08002d2a   0x00000002   PAD
    0x08002d2c   0x00000010   Code   RO         3431    i.HAL_CAN_TxMailbox2CompleteCallback  bsp_can.o
    0x08002d3c   0x00000002   Code   RO          649    i.HAL_CAN_WakeUpFromRxMsgCallback  stm32f4xx_hal_can.o
    0x08002d3e   0x00000028   Code   RO         2683    i.HAL_DMA_Abort_IT  stm32f4xx_hal_dma.o
    0x08002d66   0x00000002   PAD
    0x08002d68   0x00000240   Code   RO         2687    i.HAL_DMA_IRQHandler  stm32f4xx_hal_dma.o
    0x08002fa8   0x000000ec   Code   RO         2688    i.HAL_DMA_Init      stm32f4xx_hal_dma.o
    0x08003094   0x00000066   Code   RO         2691    i.HAL_DMA_Start     stm32f4xx_hal_dma.o
    0x080030fa   0x00000002   PAD
    0x080030fc   0x0000021c   Code   RO         2575    i.HAL_GPIO_Init     stm32f4xx_hal_gpio.o
    0x08003318   0x0000000c   Code   RO         2579    i.HAL_GPIO_WritePin  stm32f4xx_hal_gpio.o
    0x08003324   0x0000000c   Code   RO         3132    i.HAL_GetTick       stm32f4xx_hal.o
    0x08003330   0x00000018   Code   RO         3138    i.HAL_IncTick       stm32f4xx_hal.o
    0x08003348   0x0000003c   Code   RO         3139    i.HAL_Init          stm32f4xx_hal.o
    0x08003384   0x0000004c   Code   RO         3140    i.HAL_InitTick      stm32f4xx_hal.o
    0x080033d0   0x00000048   Code   RO          512    i.HAL_MspInit       stm32f4xx_hal_msp.o
    0x08003418   0x00000020   Code   RO         2982    i.HAL_NVIC_EnableIRQ  stm32f4xx_hal_cortex.o
    0x08003438   0x0000007c   Code   RO         2988    i.HAL_NVIC_SetPriority  stm32f4xx_hal_cortex.o
    0x080034b4   0x00000028   Code   RO         2989    i.HAL_NVIC_SetPriorityGrouping  stm32f4xx_hal_cortex.o
    0x080034dc   0x00000180   Code   RO         2119    i.HAL_RCC_ClockConfig  stm32f4xx_hal_rcc.o
    0x0800365c   0x0000000c   Code   RO         2124    i.HAL_RCC_GetHCLKFreq  stm32f4xx_hal_rcc.o
    0x08003668   0x00000020   Code   RO         2126    i.HAL_RCC_GetPCLK1Freq  stm32f4xx_hal_rcc.o
    0x08003688   0x00000020   Code   RO         2127    i.HAL_RCC_GetPCLK2Freq  stm32f4xx_hal_rcc.o
    0x080036a8   0x000000b0   Code   RO         2128    i.HAL_RCC_GetSysClockFreq  stm32f4xx_hal_rcc.o
    0x08003758   0x00000448   Code   RO         2131    i.HAL_RCC_OscConfig  stm32f4xx_hal_rcc.o
    0x08003ba0   0x00000034   Code   RO         2993    i.HAL_SYSTICK_Config  stm32f4xx_hal_cortex.o
    0x08003bd4   0x00000002   Code   RO         1536    i.HAL_TIMEx_BreakCallback  stm32f4xx_hal_tim_ex.o
    0x08003bd6   0x00000002   Code   RO         1537    i.HAL_TIMEx_CommutCallback  stm32f4xx_hal_tim_ex.o
    0x08003bd8   0x00000034   Code   RO          850    i.HAL_TIM_Base_Init  stm32f4xx_hal_tim.o
    0x08003c0c   0x00000048   Code   RO         3863    i.HAL_TIM_Base_MspInit  user_tim.o
    0x08003c54   0x0000002a   Code   RO          855    i.HAL_TIM_Base_Start_IT  stm32f4xx_hal_tim.o
    0x08003c7e   0x00000002   Code   RO          879    i.HAL_TIM_IC_CaptureCallback  stm32f4xx_hal_tim.o
    0x08003c80   0x00000196   Code   RO          893    i.HAL_TIM_IRQHandler  stm32f4xx_hal_tim.o
    0x08003e16   0x00000002   Code   RO          896    i.HAL_TIM_OC_DelayElapsedCallback  stm32f4xx_hal_tim.o
    0x08003e18   0x00000002   Code   RO          923    i.HAL_TIM_PWM_PulseFinishedCallback  stm32f4xx_hal_tim.o
    0x08003e1a   0x00000002   PAD
    0x08003e1c   0x00000028   Code   RO         3864    i.HAL_TIM_PeriodElapsedCallback  user_tim.o
    0x08003e44   0x00000002   Code   RO          936    i.HAL_TIM_TriggerCallback  stm32f4xx_hal_tim.o
    0x08003e46   0x00000002   Code   RO         1808    i.HAL_UART_ErrorCallback  stm32f4xx_hal_uart.o
    0x08003e48   0x0000014c   Code   RO         1811    i.HAL_UART_IRQHandler  stm32f4xx_hal_uart.o
    0x08003f94   0x00000072   Code   RO         1812    i.HAL_UART_Init     stm32f4xx_hal_uart.o
    0x08004006   0x00000002   PAD
    0x08004008   0x00000348   Code   RO          316    i.HAL_UART_MspInit  usart.o
    0x08004350   0x00000002   Code   RO         1818    i.HAL_UART_RxCpltCallback  stm32f4xx_hal_uart.o
    0x08004352   0x000000d6   Code   RO         1820    i.HAL_UART_Transmit  stm32f4xx_hal_uart.o
    0x08004428   0x00000002   Code   RO         1823    i.HAL_UART_TxCpltCallback  stm32f4xx_hal_uart.o
    0x0800442a   0x00000004   Code   RO          385    i.HardFault_Handler  stm32f4xx_it.o
    0x0800442e   0x00000002   PAD
    0x08004430   0x00000190   Code   RO         3976    i.Judge_Read_Data   judgement.o
    0x080045c0   0x00000086   Code   RO         4132    i.KalmanFilter      kalman.o
    0x08004646   0x00000002   PAD
    0x08004648   0x00000044   Code   RO          245    i.MX_CAN1_Init      can.o
    0x0800468c   0x00000044   Code   RO          246    i.MX_CAN2_Init      can.o
    0x080046d0   0x00000078   Code   RO          291    i.MX_DMA_Init       dma.o
    0x08004748   0x000000fc   Code   RO          219    i.MX_GPIO_Init      gpio.o
    0x08004844   0x00000030   Code   RO         3865    i.MX_TIM3_Init      user_tim.o
    0x08004874   0x0000003c   Code   RO          317    i.MX_USART1_UART_Init  usart.o
    0x080048b0   0x00000038   Code   RO          318    i.MX_USART2_UART_Init  usart.o
    0x080048e8   0x00000038   Code   RO          319    i.MX_USART3_UART_Init  usart.o
    0x08004920   0x00000004   Code   RO          386    i.MemManage_Handler  stm32f4xx_it.o
    0x08004924   0x00000002   Code   RO          387    i.NMI_Handler       stm32f4xx_it.o
    0x08004926   0x00000002   Code   RO          388    i.PendSV_Handler    stm32f4xx_it.o
    0x08004928   0x00000018   Code   RO          538    i.SCI_Put           freecars_usart.o
    0x08004940   0x00000002   Code   RO          389    i.SVC_Handler       stm32f4xx_it.o
    0x08004942   0x00000008   Code   RO          390    i.SysTick_Handler   stm32f4xx_it.o
    0x0800494a   0x00000002   PAD
    0x0800494c   0x000000b4   Code   RO           14    i.SystemClock_Config  main.o
    0x08004a00   0x00000064   Code   RO         3385    i.SystemInit        system_stm32f4xx.o
    0x08004a64   0x00000010   Code   RO         3866    i.TIM3_IRQHandler   user_tim.o
    0x08004a74   0x000000d8   Code   RO          938    i.TIM_Base_SetConfig  stm32f4xx_hal_tim.o
    0x08004b4c   0x000000ac   Code   RO         3535    i.Task_Chassis      chassic_1.o
    0x08004bf8   0x00000014   Code   RO         1825    i.UART_DMAAbortOnError  stm32f4xx_hal_uart.o
    0x08004c0c   0x00000020   Code   RO         1835    i.UART_EndRxTransfer  stm32f4xx_hal_uart.o
    0x08004c2c   0x00000020   Code   RO         1836    i.UART_EndTransmit_IT  stm32f4xx_hal_uart.o
    0x08004c4c   0x00000024   Code   RO         4045    i.UART_IdleRxCallback  usart3_dma.o
    0x08004c70   0x00000066   Code   RO         4046    i.UART_Receive_DMA_No_IT  usart3_dma.o
    0x08004cd6   0x000000a6   Code   RO         1838    i.UART_Receive_IT   stm32f4xx_hal_uart.o
    0x08004d7c   0x00000368   Code   RO         1839    i.UART_SetConfig    stm32f4xx_hal_uart.o
    0x080050e4   0x00000068   Code   RO         1840    i.UART_Transmit_IT  stm32f4xx_hal_uart.o
    0x0800514c   0x0000006c   Code   RO         1841    i.UART_WaitOnFlagUntilTimeout  stm32f4xx_hal_uart.o
    0x080051b8   0x00000014   Code   RO          391    i.USART1_IRQHandler  stm32f4xx_it.o
    0x080051cc   0x00000010   Code   RO          392    i.USART2_IRQHandler  stm32f4xx_it.o
    0x080051dc   0x00000014   Code   RO          393    i.USART3_IRQHandler  stm32f4xx_it.o
    0x080051f0   0x00000004   Code   RO          394    i.UsageFault_Handler  stm32f4xx_it.o
    0x080051f4   0x00000040   Code   RO         3924    i.Verify_CRC16_Check_Sum  crc.o
    0x08005234   0x00000030   Code   RO         3925    i.Verify_CRC8_Check_Sum  crc.o
    0x08005264   0x00000030   Code   RO         4289    i.__ARM_fpclassify  m_wm.l(fpclassify.o)
    0x08005294   0x00000010   Code   RO         2995    i.__NVIC_GetPriorityGrouping  stm32f4xx_hal_cortex.o
    0x080052a4   0x00000028   Code   RO         2996    i.__NVIC_SetPriority  stm32f4xx_hal_cortex.o
    0x080052cc   0x00000004   PAD
    0x080052d0   0x000000c8   Code   RO         4152    i.__hardfp_cos      m_wm.l(cos.o)
    0x08005398   0x00000014   Code   RO         4164    i.__hardfp_fabs     m_wm.l(fabs.o)
    0x080053ac   0x00000004   PAD
    0x080053b0   0x000000c8   Code   RO         4170    i.__hardfp_sin      m_wm.l(sin.o)
    0x08005478   0x0000007a   Code   RO         4182    i.__hardfp_sqrt     m_wm.l(sqrt.o)
    0x080054f2   0x00000006   PAD
    0x080054f8   0x00000438   Code   RO         4242    i.__ieee754_rem_pio2  m_wm.l(rred.o)
    0x08005930   0x00000170   Code   RO         4225    i.__kernel_cos      m_wm.l(cos_i.o)
    0x08005aa0   0x000000f8   Code   RO         4291    i.__kernel_poly     m_wm.l(poly.o)
    0x08005b98   0x00000130   Code   RO         4247    i.__kernel_sin      m_wm.l(sin_i.o)
    0x08005cc8   0x00000014   Code   RO         4229    i.__mathlib_dbl_infnan  m_wm.l(dunder.o)
    0x08005cdc   0x00000004   PAD
    0x08005ce0   0x00000020   Code   RO         4231    i.__mathlib_dbl_invalid  m_wm.l(dunder.o)
    0x08005d00   0x00000020   Code   RO         4234    i.__mathlib_dbl_underflow  m_wm.l(dunder.o)
    0x08005d20   0x0000000e   Code   RO         4297    i.__scatterload_copy  mc_w.l(handlers.o)
    0x08005d2e   0x00000002   Code   RO         4298    i.__scatterload_null  mc_w.l(handlers.o)
    0x08005d30   0x0000000e   Code   RO         4299    i.__scatterload_zeroinit  mc_w.l(handlers.o)
    0x08005d3e   0x00000002   PAD
    0x08005d40   0x0000000c   Code   RO         4275    i.__set_errno       mc_w.l(errno.o)
    0x08005d4c   0x00000016   Code   RO         3536    i.constrain         chassic_1.o
    0x08005d62   0x0000002a   Code   RO         3537    i.constrain_float   chassic_1.o
    0x08005d8c   0x00000040   Code   RO         3697    i.dbus_uart_init    bsp_uart.o
    0x08005dcc   0x00000018   Code   RO         3867    i.delay             user_tim.o
    0x08005de4   0x00000008   Code   RO         3698    i.dma_current_data_counter  bsp_uart.o
    0x08005dec   0x0000006c   Code   RO         3432    i.drv_can_init      bsp_can.o
    0x08005e58   0x00000018   Code   RO         4166    i.fabs              m_wm.l(fabs.o)
    0x08005e70   0x00000068   Code   RO           16    i.main              main.o
    0x08005ed8   0x00000030   Code   RO          541    i.push              freecars_usart.o
    0x08005f08   0x0000012c   Code   RO         3699    i.rc_callback_handler  bsp_uart.o
    0x08006034   0x0000004c   Code   RO          542    i.sendDataToScope   freecars_usart.o
    0x08006080   0x00000048   Code   RO         3700    i.uart_receive_dma_no_it  bsp_uart.o
    0x080060c8   0x00000022   Code   RO         3701    i.uart_receive_handler  bsp_uart.o
    0x080060ea   0x00000002   PAD
    0x080060ec   0x00000070   Code   RO         3702    i.uart_rx_idle_callback  bsp_uart.o
    0x0800615c   0x00000028   Code   RO         4047    i.usart3_dma_init   usart3_dma.o
    0x08006184   0x00000058   Code   RO         4048    i.usart3_rx_handle  usart3_dma.o
    0x080061dc   0x00000008   Data   RO         2694    .constdata          stm32f4xx_hal_dma.o
    0x080061e4   0x00000018   Data   RO         3386    .constdata          system_stm32f4xx.o
    0x080061fc   0x00000302   Data   RO         3926    .constdata          crc.o
    0x080064fe   0x00000002   PAD
    0x08006500   0x00000030   Data   RO         4226    .constdata          m_wm.l(cos_i.o)
    0x08006530   0x000000c8   Data   RO         4244    .constdata          m_wm.l(rred.o)
    0x080065f8   0x00000028   Data   RO         4248    .constdata          m_wm.l(sin_i.o)
    0x08006620   0x00000020   Data   RO         4295    Region$$Table       anon$$obj.o


    Execution Region RW_IRAM1 (Base: 0x20000000, Size: 0x00000cf8, Max: 0x00030000, ABSOLUTE)

    Base Addr    Size         Type   Attr      Idx    E Section Name        Object

    0x20000000   0x0000000d   Data   RW           18    .data               main.o
    0x2000000d   0x00000001   Data   RW          545    .data               freecars_usart.o
    0x2000000e   0x00000002   PAD
    0x20000010   0x00000009   Data   RW         3146    .data               stm32f4xx_hal.o
    0x20000019   0x00000003   PAD
    0x2000001c   0x00000004   Data   RW         3387    .data               system_stm32f4xx.o
    0x20000020   0x00000008   Data   RW         3434    .data               bsp_can.o
    0x20000028   0x000000c4   Data   RW         3539    .data               chassic_1.o
    0x200000ec   0x00000001   Data   RW         3704    .data               bsp_uart.o
    0x200000ed   0x00000001   PAD
    0x200000ee   0x00000002   Data   RW         3927    .data               crc.o
    0x200000f0   0x00000026   Data   RW         3980    .data               judgement.o
    0x20000116   0x00000002   PAD
    0x20000118   0x00000004   Data   RW         4276    .data               mc_w.l(errno.o)
    0x2000011c   0x00000050   Zero   RW          247    .bss                can.o
    0x2000016c   0x000002e0   Zero   RW          321    .bss                usart.o
    0x2000044c   0x00000004   PAD
    0x20000450   0x000000d8   Zero   RW          544    .bss                freecars_usart.o
    0x20000528   0x00000048   Zero   RW         3433    .bss                bsp_can.o
    0x20000570   0x0000012c   Zero   RW         3538    .bss                chassic_1.o
    0x2000069c   0x00000028   Zero   RW         3703    .bss                bsp_uart.o
    0x200006c4   0x00000040   Zero   RW         3868    .bss                user_tim.o
    0x20000704   0x0000012a   Zero   RW         3979    .bss                judgement.o
    0x2000082e   0x000000c8   Zero   RW         4049    .bss                usart3_dma.o
    0x200008f6   0x00000002   PAD
    0x200008f8   0x00000400   Zero   RW            1    STACK               startup_stm32f427xx.o


==============================================================================

Image component sizes


      Code (inc. data)   RO Data    RW Data    ZI Data      Debug   Object Name

       920         96          0          8         72       7270   bsp_can.o
       590         26          0          1         40       6436   bsp_uart.o
       452         38          0          0         80       2310   can.o
      5624        570          0        196        300      17119   chassic_1.o
       200         14        770          2          0       3377   crc.o
       120          6          0          0          0        798   dma.o
       204         22          0          1        216       3635   freecars_usart.o
        52          6          0          0          0        564   gimbal.o
       252         14          0          0          0       1011   gpio.o
       400         58          0         38        298       5791   judgement.o
       134          0          0          0          0       1199   kalman.o
       286         16          0         13          0     752220   main.o
        36          8        428          0       1024        836   startup_stm32f427xx.o
       172         32          0          9          0       3921   stm32f4xx_hal.o
      2130          6          0          0          0      12548   stm32f4xx_hal_can.o
       304         22          0          0          0      34455   stm32f4xx_hal_cortex.o
      1220         16          8          0          0       6131   stm32f4xx_hal_dma.o
       552         54          0          0          0       2324   stm32f4xx_hal_gpio.o
        72          4          0          0          0        830   stm32f4xx_hal_msp.o
      1732         84          0          0          0       5540   stm32f4xx_hal_rcc.o
       724         46          0          0          0       5759   stm32f4xx_hal_tim.o
         4          0          0          0          0       1569   stm32f4xx_hal_tim_ex.o
      2000         12          0          0          0       9687   stm32f4xx_hal_uart.o
       200         56          0          0          0       9046   stm32f4xx_it.o
       100         18         24          4          0       1155   system_stm32f4xx.o
      1012         90          0          0        736       3624   usart.o
       266         18          0          0        200       3079   usart3_dma.o
       200         38          0          0         64       3068   user_tim.o

    ----------------------------------------------------------------------
     19988       1374       1264        280       3036     905302   Object Totals
         0          0         32          0          0          0   (incl. Generated)
        30          4          2          8          6          0   (incl. Padding)

    ----------------------------------------------------------------------

      Code (inc. data)   RO Data    RW Data    ZI Data      Debug   Library Member Name

       200         20          0          0          0        164   cos.o
       368         46         48          0          0        200   cos_i.o
        84         16          0          0          0        372   dunder.o
        44          0          0          0          0        248   fabs.o
        48          0          0          0          0        124   fpclassify.o
       248          0          0          0          0        152   poly.o
      1080        142        200          0          0        188   rred.o
       200         20          0          0          0        164   sin.o
       304         24         40          0          0        208   sin_i.o
       122          0          0          0          0        148   sqrt.o
         0          0          0          0          0          0   entry.o
         0          0          0          0          0          0   entry10a.o
         0          0          0          0          0          0   entry11a.o
         8          4          0          0          0          0   entry2.o
         4          0          0          0          0          0   entry5.o
         0          0          0          0          0          0   entry7b.o
         0          0          0          0          0          0   entry8b.o
         8          4          0          0          0          0   entry9a.o
        12          6          0          4          0         68   errno.o
        30          0          0          0          0          0   handlers.o
        36          8          0          0          0         68   init.o
         0          0          0          0          0          0   iusefp.o
        30          0          0          0          0         68   llshl.o
        36          0          0          0          0         68   llsshr.o
        32          0          0          0          0         68   llushr.o
        36          0          0          0          0         68   memcpya.o
        36          0          0          0          0        108   memseta.o
        98          0          0          0          0         92   uldiv.o
        48          0          0          0          0         68   cdcmple.o
        48          0          0          0          0         68   cdrcmple.o
        56          0          0          0          0         88   d2f.o
       334          0          0          0          0        148   dadd.o
       222          0          0          0          0        100   ddiv.o
       186          0          0          0          0        176   depilogue.o
        62          0          0          0          0         80   dfixi.o
        34          0          0          0          0         76   dflti.o
        26          0          0          0          0         76   dfltui.o
       228          0          0          0          0         96   dmul.o
       162          0          0          0          0        100   dsqrt.o
        38          0          0          0          0         68   f2d.o
       110          0          0          0          0        168   fepilogue.o

    ----------------------------------------------------------------------
      4636        290        288          4          0       3888   Library Totals
        18          0          0          0          0          0   (incl. Padding)

    ----------------------------------------------------------------------

      Code (inc. data)   RO Data    RW Data    ZI Data      Debug   Library Name

      2698        268        288          0          0       1968   m_wm.l
       366         22          0          4          0        608   mc_w.l
      1554          0          0          0          0       1312   mf_w.l

    ----------------------------------------------------------------------
      4636        290        288          4          0       3888   Library Totals

    ----------------------------------------------------------------------

==============================================================================


      Code (inc. data)   RO Data    RW Data    ZI Data      Debug   

     24624       1664       1552        284       3036     893458   Grand Totals
     24624       1664       1552        284       3036     893458   ELF Image Totals
     24624       1664       1552        284          0          0   ROM Totals

==============================================================================

    Total RO  Size (Code + RO Data)                26176 (  25.56kB)
    Total RW  Size (RW Data + ZI Data)              3320 (   3.24kB)
    Total ROM Size (Code + RO Data + RW Data)      26460 (  25.84kB)

==============================================================================

