<html>
<body>
<pre>
<h1>µVision Build Log</h1>
<h2>Tool Versions:</h2>
IDE-Version: ¦ÌVision V5.21.1.0
Copyright (C) 2016 ARM Ltd and ARM Germany GmbH. All rights reserved.
License Information: yu long, jida, LIC=----
 
Tool Versions:
Toolchain:       MDK-Lite  Version: 5.21a
Toolchain Path:  C:\Keil_v5\ARM\ARMCC\Bin
C Compiler:      Armcc.exe V5.06 update 3 (build 300)
Assembler:       Armasm.exe V5.06 update 3 (build 300)
Linker/Locator:  ArmLink.exe V5.06 update 3 (build 300)
Library Manager: ArmAr.exe V5.06 update 3 (build 300)
Hex Converter:   FromElf.exe V5.06 update 3 (build 300)
CPU DLL:         SARMCM3.DLL V5.21a
Dialog DLL:      DCM.DLL V1.13.8.0
Target DLL:      Segger\JL2CM3.dll V2.99.23.0
Dialog DLL:      TCM.DLL V1.14.14.0
 
<h2>Project:</h2>
D:\studying\robomaster\hero\long Down\MDK-ARM\CODE1.1.uvprojx
Project File Date:  02/21/2020

<h2>Output:</h2>
*** Using Compiler 'V5.06 update 3 (build 300)', folder: 'C:\Keil_v5\ARM\ARMCC\Bin'
Rebuild target 'CODE1.1'
assembling startup_stm32f427xx.s...
compiling freecars_usart.c...
compiling can.c...
compiling stm32f4xx_it.c...
compiling usart.c...
compiling stm32f4xx_hal_can.c...
compiling stm32f4xx_hal_tim_ex.c...
compiling gpio.c...
compiling main.c...
../Src/main.c(92): warning:  #177-D: variable "wukai" was declared but never referenced
  	float wukai [4];
../Src/main.c: 1 warning, 0 errors
compiling stm32f4xx_hal_msp.c...
compiling dma.c...
compiling stm32f4xx_hal_tim.c...
compiling stm32f4xx_hal_dma.c...
compiling stm32f4xx_hal_flash.c...
compiling stm32f4xx_hal_flash_ex.c...
compiling stm32f4xx_hal_pwr.c...
compiling stm32f4xx_hal_uart.c...
compiling stm32f4xx_hal_flash_ramfunc.c...
compiling stm32f4xx_hal_rcc_ex.c...
compiling stm32f4xx_hal_gpio.c...
compiling control.c...
compiling stm32f4xx_hal_pwr_ex.c...
compiling stm32f4xx_hal_dma_ex.c...
compiling chassic.c...
"no source": Error:  #219: error while deleting file "code1.1\chassic_1.d": Permission denied
user\chassic.c: 0 warnings, 1 error
compiling gimbal.c...
compiling crc.c...
compiling stm32f4xx_hal_rcc.c...
compiling system_stm32f4xx.c...
compiling user_tim.c...
compiling kalman.c...
compiling pid.c...
compiling bsp_can.c...
compiling stm32f4xx_hal.c...
compiling usart3_dma.c...
compiling stm32f4xx_hal_cortex.c...
compiling stm32f4xx_hal_exti.c...
compiling bsp_uart.c...
compiling chassic.c...
compiling judgement.c...
compiling JY901.c...
linking...
CODE1.1\CODE1.1: Warning: L6304W: Duplicate input file code1.1\chassic_1.o ignored.
Program Size: Code=24624 RO-data=1552 RW-data=284 ZI-data=3036  
Finished: 0 information, 1 warning and 0 error messages.
FromELF: creating hex file...
"CODE1.1\CODE1.1" - 0 Error(s), 2 Warning(s).

<h2>Software Packages used:</h2>

Package Vendor: ARM
                http://www.keil.com/pack/ARM.CMSIS.4.5.0.pack
                ARM::CMSIS:CORE:4.3.0
                CMSIS (Cortex Microcontroller Software Interface Standard)
   * Component: CORE Version: 4.3.0

<h2>Collection of Component include folders:</h2>
  D:\studying\robomaster\hero\long Down\MDK-ARM\RTE
  C:\Keil_v5\ARM\PACK\ARM\CMSIS\4.5.0\CMSIS\Include
  C:\Keil_v5\ARM\PACK\Keil\STM32F4xx_DFP\2.9.0\Drivers\CMSIS\Device\ST\STM32F4xx\Include

<h2>Collection of Component Files used:</h2>

   * Component: ARM::CMSIS:CORE:4.3.0
Build Time Elapsed:  00:01:17
</pre>
</body>
</html>
